Archive member included to satisfy reference by file (symbol)

d:/s32ds_3_5/s32ds/s32ds/build_tools/gcc_b1620/gcc-6.3-arm32-eabi/bin/../lib/gcc/arm-none-eabi/6.3.1/thumb/v7e-m\libgcc.a(_aeabi_uldivmod.o)
                              ./src/lpuart1/src/lpuart1.o (__aeabi_uldivmod)
d:/s32ds_3_5/s32ds/s32ds/build_tools/gcc_b1620/gcc-6.3-arm32-eabi/bin/../lib/gcc/arm-none-eabi/6.3.1/thumb/v7e-m\libgcc.a(_udivmoddi4.o)
                              d:/s32ds_3_5/s32ds/s32ds/build_tools/gcc_b1620/gcc-6.3-arm32-eabi/bin/../lib/gcc/arm-none-eabi/6.3.1/thumb/v7e-m\libgcc.a(_aeabi_uldivmod.o) (__udivmoddi4)
d:/s32ds_3_5/s32ds/s32ds/build_tools/gcc_b1620/gcc-6.3-arm32-eabi/bin/../lib/gcc/arm-none-eabi/6.3.1/thumb/v7e-m\libgcc.a(_dvmd_tls.o)
                              d:/s32ds_3_5/s32ds/s32ds/build_tools/gcc_b1620/gcc-6.3-arm32-eabi/bin/../lib/gcc/arm-none-eabi/6.3.1/thumb/v7e-m\libgcc.a(_aeabi_uldivmod.o) (__aeabi_ldiv0)
D:/S32DS_3_5/S32DS/S32DS/build_tools/gcc_b1620/gcc-6.3-arm32-eabi/arm-none-eabi/newlib/lib/thumb/v7e-m\libc.a(lib_a-exit.o)
                              D:/S32DS_3_5/S32DS/S32DS/build_tools/gcc_b1620/gcc-6.3-arm32-eabi/arm-none-eabi/newlib/lib/thumb/v7e-m/crt0.o (exit)
D:/S32DS_3_5/S32DS/S32DS/build_tools/gcc_b1620/gcc-6.3-arm32-eabi/arm-none-eabi/newlib/lib/thumb/v7e-m\libc.a(lib_a-impure.o)
                              D:/S32DS_3_5/S32DS/S32DS/build_tools/gcc_b1620/gcc-6.3-arm32-eabi/arm-none-eabi/newlib/lib/thumb/v7e-m\libc.a(lib_a-exit.o) (_global_impure_ptr)
D:/S32DS_3_5/S32DS/S32DS/build_tools/gcc_b1620/gcc-6.3-arm32-eabi/arm-none-eabi/newlib/lib/thumb/v7e-m\libc.a(lib_a-init.o)
                              D:/S32DS_3_5/S32DS/S32DS/build_tools/gcc_b1620/gcc-6.3-arm32-eabi/arm-none-eabi/newlib/lib/thumb/v7e-m/crt0.o (__libc_init_array)
D:/S32DS_3_5/S32DS/S32DS/build_tools/gcc_b1620/gcc-6.3-arm32-eabi/arm-none-eabi/newlib/lib/thumb/v7e-m\libc.a(lib_a-memset.o)
                              D:/S32DS_3_5/S32DS/S32DS/build_tools/gcc_b1620/gcc-6.3-arm32-eabi/arm-none-eabi/newlib/lib/thumb/v7e-m/crt0.o (memset)
D:/S32DS_3_5/S32DS/S32DS/build_tools/gcc_b1620/gcc-6.3-arm32-eabi/arm-none-eabi/newlib/lib/thumb/v7e-m\libc.a(lib_a-__call_atexit.o)
                              D:/S32DS_3_5/S32DS/S32DS/build_tools/gcc_b1620/gcc-6.3-arm32-eabi/arm-none-eabi/newlib/lib/thumb/v7e-m\libc.a(lib_a-exit.o) (__call_exitprocs)
D:/S32DS_3_5/S32DS/S32DS/build_tools/gcc_b1620/gcc-6.3-arm32-eabi/arm-none-eabi/newlib/lib/thumb/v7e-m\libc.a(lib_a-fini.o)
                              D:/S32DS_3_5/S32DS/S32DS/build_tools/gcc_b1620/gcc-6.3-arm32-eabi/arm-none-eabi/newlib/lib/thumb/v7e-m\libc.a(lib_a-__call_atexit.o) (__libc_fini_array)
D:/S32DS_3_5/S32DS/S32DS/build_tools/gcc_b1620/gcc-6.3-arm32-eabi/arm-none-eabi/newlib/lib/thumb/v7e-m\libc.a(lib_a-atexit.o)
                              D:/S32DS_3_5/S32DS/S32DS/build_tools/gcc_b1620/gcc-6.3-arm32-eabi/arm-none-eabi/newlib/lib/thumb/v7e-m\libc.a(lib_a-__call_atexit.o) (atexit)
D:/S32DS_3_5/S32DS/S32DS/build_tools/gcc_b1620/gcc-6.3-arm32-eabi/arm-none-eabi/newlib/lib/thumb/v7e-m\libc.a(lib_a-__atexit.o)
                              D:/S32DS_3_5/S32DS/S32DS/build_tools/gcc_b1620/gcc-6.3-arm32-eabi/arm-none-eabi/newlib/lib/thumb/v7e-m\libc.a(lib_a-atexit.o) (__register_exitproc)
D:/S32DS_3_5/S32DS/S32DS/build_tools/gcc_b1620/gcc-6.3-arm32-eabi/arm-none-eabi/newlib/lib/thumb/v7e-m\libnosys.a(_exit.o)
                              D:/S32DS_3_5/S32DS/S32DS/build_tools/gcc_b1620/gcc-6.3-arm32-eabi/arm-none-eabi/newlib/lib/thumb/v7e-m\libc.a(lib_a-exit.o) (_exit)

Discarded input sections

 .text          0x00000000        0x0 d:/s32ds_3_5/s32ds/s32ds/build_tools/gcc_b1620/gcc-6.3-arm32-eabi/bin/../lib/gcc/arm-none-eabi/6.3.1/thumb/v7e-m/crti.o
 .data          0x00000000        0x0 d:/s32ds_3_5/s32ds/s32ds/build_tools/gcc_b1620/gcc-6.3-arm32-eabi/bin/../lib/gcc/arm-none-eabi/6.3.1/thumb/v7e-m/crti.o
 .bss           0x00000000        0x0 d:/s32ds_3_5/s32ds/s32ds/build_tools/gcc_b1620/gcc-6.3-arm32-eabi/bin/../lib/gcc/arm-none-eabi/6.3.1/thumb/v7e-m/crti.o
 .text          0x00000000       0xa4 d:/s32ds_3_5/s32ds/s32ds/build_tools/gcc_b1620/gcc-6.3-arm32-eabi/bin/../lib/gcc/arm-none-eabi/6.3.1/thumb/v7e-m/crtbegin.o
 .data          0x00000000        0x4 d:/s32ds_3_5/s32ds/s32ds/build_tools/gcc_b1620/gcc-6.3-arm32-eabi/bin/../lib/gcc/arm-none-eabi/6.3.1/thumb/v7e-m/crtbegin.o
 .bss           0x00000000       0x1c d:/s32ds_3_5/s32ds/s32ds/build_tools/gcc_b1620/gcc-6.3-arm32-eabi/bin/../lib/gcc/arm-none-eabi/6.3.1/thumb/v7e-m/crtbegin.o
 .init_array    0x00000000        0x4 d:/s32ds_3_5/s32ds/s32ds/build_tools/gcc_b1620/gcc-6.3-arm32-eabi/bin/../lib/gcc/arm-none-eabi/6.3.1/thumb/v7e-m/crtbegin.o
 .fini_array    0x00000000        0x4 d:/s32ds_3_5/s32ds/s32ds/build_tools/gcc_b1620/gcc-6.3-arm32-eabi/bin/../lib/gcc/arm-none-eabi/6.3.1/thumb/v7e-m/crtbegin.o
[...]
Memory Configuration

Name             Origin             Length             Attributes
m_interrupts     0x00000000         0x00000400         xr
m_flash_config   0x00000400         0x00000010         xr
m_text           0x00000410         0x0007fbf0         xr
m_data           0x1fff8000         0x00008000         rw
m_data_2         0x20000000         0x00007000         rw
*default*        0x00000000         0xffffffff

Linker script and memory map

LOAD d:/s32ds_3_5/s32ds/s32ds/build_tools/gcc_b1620/gcc-6.3-arm32-eabi/bin/../lib/gcc/arm-none-eabi/6.3.1/thumb/v7e-m/crti.o
LOAD d:/s32ds_3_5/s32ds/s32ds/build_tools/gcc_b1620/gcc-6.3-arm32-eabi/bin/../lib/gcc/arm-none-eabi/6.3.1/thumb/v7e-m/crtbegin.o
LOAD D:/S32DS_3_5/S32DS/S32DS/build_tools/gcc_b1620/gcc-6.3-arm32-eabi/arm-none-eabi/newlib/lib/thumb/v7e-m/crt0.o
LOAD ./Project_Settings/Startup_Code/startup_S32K144.o
LOAD ./SDK/platform/devices/S32K144/startup/system_S32K144.o
LOAD ./SDK/platform/devices/startup.o
LOAD ./SDK/platform/drivers/src/clock/S32K1xx/clock_S32K1xx.o
LOAD ./SDK/platform/drivers/src/flash/flash_driver.o
LOAD ./SDK/platform/drivers/src/interrupt/interrupt_manager.o
LOAD ./board/clock_config.o
LOAD ./board/peripherals_flash_FTFC.o
LOAD ./board/pin_mux.o
LOAD ./src/app/src/main.o
LOAD ./src/boot/src/boot.o
LOAD ./src/flash/src/flash.o
LOAD ./src/lpuart1/src/lpuart1.o
LOAD ./src/parse_srec/src/parse-srec.o
LOAD ./src/queue/src/queue.o
START GROUP
LOAD d:/s32ds_3_5/s32ds/s32ds/build_tools/gcc_b1620/gcc-6.3-arm32-eabi/bin/../lib/gcc/arm-none-eabi/6.3.1/thumb/v7e-m\libgcc.a
LOAD D:/S32DS_3_5/S32DS/S32DS/build_tools/gcc_b1620/gcc-6.3-arm32-eabi/arm-none-eabi/newlib/lib/thumb/v7e-m\libc.a
END GROUP
START GROUP
LOAD d:/s32ds_3_5/s32ds/s32ds/build_tools/gcc_b1620/gcc-6.3-arm32-eabi/bin/../lib/gcc/arm-none-eabi/6.3.1/thumb/v7e-m\libgcc.a
LOAD D:/S32DS_3_5/S32DS/S32DS/build_tools/gcc_b1620/gcc-6.3-arm32-eabi/arm-none-eabi/newlib/lib/thumb/v7e-m\libc.a
LOAD D:/S32DS_3_5/S32DS/S32DS/build_tools/gcc_b1620/gcc-6.3-arm32-eabi/arm-none-eabi/newlib/lib/thumb/v7e-m\libnosys.a
END GROUP
LOAD d:/s32ds_3_5/s32ds/s32ds/build_tools/gcc_b1620/gcc-6.3-arm32-eabi/bin/../lib/gcc/arm-none-eabi/6.3.1/thumb/v7e-m/crtend.o
LOAD d:/s32ds_3_5/s32ds/s32ds/build_tools/gcc_b1620/gcc-6.3-arm32-eabi/bin/../lib/gcc/arm-none-eabi/6.3.1/thumb/v7e-m/crtn.o
                0x00000400                HEAP_SIZE = DEFINED (__heap_size__)?__heap_size__:0x400
                0x00000400                STACK_SIZE = DEFINED (__stack_size__)?__stack_size__:0x400
                0x00000400                M_VECTOR_RAM_SIZE = DEFINED (__flash_vector_table__)?0x0:0x400

.interrupts     0x00000000      0x400
                0x00000000                __VECTOR_TABLE = .
                0x00000000                __interrupts_start__ = .
                0x00000000                . = ALIGN (0x4)
 *(.isr_vector)
 .isr_vector    0x00000000      0x400 ./Project_Settings/Startup_Code/startup_S32K144.o
                0x00000000                __isr_vector
                0x00000400                __interrupts_end__ = .
                0x00000400                . = ALIGN (0x4)

.flash_config   0x00000400       0x10
                0x00000400                . = ALIGN (0x4)
 *(.FlashConfig)
 .FlashConfig   0x00000400       0x10 ./Project_Settings/Startup_Code/startup_S32K144.o
                0x00000410                . = ALIGN (0x4)

.text           0x00000410     0x1868
                0x00000410                . = ALIGN (0x4)
 *(.text)
 .text          0x00000410       0x6c ./Project_Settings/Startup_Code/startup_S32K144.o
                0x00000410                Reset_Handler
                0x00000478                DebugMon_Handler
                0x00000478                Reserved88_IRQHandler
                0x00000478                CAN0_ORed_IRQHandler
                0x00000478                HardFault_Handler
                0x00000478                Reserved86_IRQHandler
                0x00000478                Reserved103_IRQHandler
                0x00000478                SysTick_Handler
                0x00000478                FTM2_Ovf_Reload_IRQHandler
                0x00000478                Reserved50_IRQHandler
                0x00000478                FTFC_Fault_IRQHandler
                0x00000478                FTM0_Ch6_Ch7_IRQHandler
                0x00000478                Reserved114_IRQHandler
                0x00000478                PendSV_Handler
                0x00000478                NMI_Handler
                0x00000478                Reserved89_IRQHandler
                0x00000478                ERM_double_fault_IRQHandler
                0x00000478                DMA2_IRQHandler
                0x00000478                Reserved59_IRQHandler
                0x00000478                LPIT0_Ch0_IRQHandler
                0x00000478                Reserved99_IRQHandler
                0x00000478                FTM3_Ch6_Ch7_IRQHandler
                0x00000478                CAN2_ORed_0_15_MB_IRQHandler
                0x00000478                LPIT0_Ch3_IRQHandler
                0x00000478                Reserved92_IRQHandler
                0x00000478                FTM0_Ch4_Ch5_IRQHandler
                0x00000478                CAN1_Error_IRQHandler
                0x00000478                FTM3_Ch0_Ch1_IRQHandler
                0x00000478                SWI_IRQHandler
                0x00000478                ADC0_IRQHandler
                0x00000478                FTM2_Ch4_Ch5_IRQHandler
                0x00000478                UsageFault_Handler
                0x00000478                FTM0_Ovf_Reload_IRQHandler
                0x00000478                DefaultISR
                0x00000478                DMA9_IRQHandler
                0x00000478                Reserved58_IRQHandler
                0x00000478                CAN1_ORed_0_15_MB_IRQHandler
                0x00000478                FTM1_Ch2_Ch3_IRQHandler
                0x00000478                DMA14_IRQHandler
                0x00000478                Reserved82_IRQHandler
                0x00000478                CAN0_ORed_16_31_MB_IRQHandler
                0x00000478                LPI2C0_Slave_IRQHandler
                0x00000478                Reserved71_IRQHandler
                0x00000478                PORTD_IRQHandler
                0x00000478                Reserved69_IRQHandler
                0x00000478                PORTB_IRQHandler
                0x00000478                Reserved70_IRQHandler
                0x00000478                ADC1_IRQHandler
                0x00000478                FTM2_Ch2_Ch3_IRQHandler
                0x00000478                Reserved53_IRQHandler
                0x00000478                DMA5_IRQHandler
                0x00000478                RTC_IRQHandler
                0x00000478                PDB0_IRQHandler
                0x00000478                Reserved54_IRQHandler
                0x00000478                FTM2_Ch6_Ch7_IRQHandler
                0x00000478                FTM3_Ch2_Ch3_IRQHandler
                0x00000478                FTM2_Ch0_Ch1_IRQHandler
                0x00000478                LPSPI1_IRQHandler
                0x00000478                RTC_Seconds_IRQHandler
                0x00000478                CAN2_ORed_IRQHandler
                0x00000478                Reserved72_IRQHandler
                0x00000478                Reserved110_IRQHandler
                0x00000478                DMA11_IRQHandler
                0x00000478                Reserved107_IRQHandler
                0x00000478                Read_Collision_IRQHandler
                0x00000478                CAN2_Error_IRQHandler
                0x00000478                FTFC_IRQHandler
                0x00000478                DMA7_IRQHandler
                0x00000478                FTM1_Ch6_Ch7_IRQHandler
                0x00000478                Reserved105_IRQHandler
                0x00000478                LPIT0_Ch1_IRQHandler
                0x00000478                FTM1_Ch4_Ch5_IRQHandler
                0x00000478                FTM3_Ovf_Reload_IRQHandler
                0x00000478                LPUART2_RxTx_IRQHandler
                0x00000478                LPSPI0_IRQHandler
                0x00000478                WDOG_EWM_IRQHandler
                0x00000478                MemManage_Handler
                0x00000478                Reserved90_IRQHandler
                0x00000478                Reserved83_IRQHandler
                0x00000478                FTM0_Fault_IRQHandler
                0x00000478                Reserved48_IRQHandler
                0x00000478                SVC_Handler
                0x00000478                ERM_single_fault_IRQHandler
                0x00000478                FTM2_Fault_IRQHandler
                0x00000478                FTM0_Ch2_Ch3_IRQHandler
                0x00000478                DMA13_IRQHandler
                0x00000478                FTM0_Ch0_Ch1_IRQHandler
                0x00000478                FTM3_Fault_IRQHandler
                0x00000478                RCM_IRQHandler
                0x00000478                DMA3_IRQHandler
                0x00000478                Reserved100_IRQHandler
                0x00000478                DMA0_IRQHandler
                0x00000478                Reserved91_IRQHandler
                0x00000478                CAN1_ORed_IRQHandler
                0x00000478                DMA15_IRQHandler
                0x00000478                SCG_IRQHandler
                0x00000478                PDB1_IRQHandler
                0x00000478                Reserved81_IRQHandler
                0x00000478                Reserved46_IRQHandler
                0x00000478                Reserved45_IRQHandler
                0x00000478                CAN0_Error_IRQHandler
                0x00000478                Reserved112_IRQHandler
                0x00000478                LPI2C0_Master_IRQHandler
                0x00000478                DMA4_IRQHandler
                0x00000478                FTM1_Fault_IRQHandler
                0x00000478                Reserved106_IRQHandler
                0x00000478                DMA_Error_IRQHandler
                0x00000478                LVD_LVW_IRQHandler
                0x00000478                LPIT0_Ch2_IRQHandler
                0x00000478                PORTA_IRQHandler
                0x00000478                MCM_IRQHandler
                0x00000478                LPSPI2_IRQHandler
                0x00000478                DMA12_IRQHandler
                0x00000478                FTM3_Ch4_Ch5_IRQHandler
                0x00000478                CAN0_ORed_0_15_MB_IRQHandler
                0x00000478                PORTE_IRQHandler
                0x00000478                LPUART0_RxTx_IRQHandler
                0x00000478                LPTMR0_IRQHandler
                0x00000478                BusFault_Handler
                0x00000478                Reserved87_IRQHandler
                0x00000478                FTM1_Ovf_Reload_IRQHandler
                0x00000478                DMA8_IRQHandler
                0x00000478                Reserved93_IRQHandler
                0x00000478                DMA10_IRQHandler
                0x00000478                CAN0_Wake_Up_IRQHandler
                0x00000478                CMP0_IRQHandler
                0x00000478                Reserved52_IRQHandler
                0x00000478                PORTC_IRQHandler
                0x00000478                DMA6_IRQHandler
                0x00000478                FTM1_Ch0_Ch1_IRQHandler
                0x00000478                FLEXIO_IRQHandler
                0x00000478                DMA1_IRQHandler
                0x00000478                Reserved113_IRQHandler
 .text          0x0000047c       0x30 d:/s32ds_3_5/s32ds/s32ds/build_tools/gcc_b1620/gcc-6.3-arm32-eabi/bin/../lib/gcc/arm-none-eabi/6.3.1/thumb/v7e-m\libgcc.a(_aeabi_uldivmod.o)
                0x0000047c                __aeabi_uldivmod
 .text          0x000004ac      0x2e4 d:/s32ds_3_5/s32ds/s32ds/build_tools/gcc_b1620/gcc-6.3-arm32-eabi/bin/../lib/gcc/arm-none-eabi/6.3.1/thumb/v7e-m\libgcc.a(_udivmoddi4.o)
                0x000004ac                __udivmoddi4
 .text          0x00000790        0x4 d:/s32ds_3_5/s32ds/s32ds/build_tools/gcc_b1620/gcc-6.3-arm32-eabi/bin/../lib/gcc/arm-none-eabi/6.3.1/thumb/v7e-m\libgcc.a(_dvmd_tls.o)
                0x00000790                __aeabi_idiv0
                0x00000790                __aeabi_ldiv0
 *(.text*)
 .text.SystemInit
                0x00000794       0x20 ./SDK/platform/devices/S32K144/startup/system_S32K144.o
                0x00000794                SystemInit
 .text.init_data_bss
                0x000007b4       0xd4 ./SDK/platform/devices/startup.o
                0x000007b4                init_data_bss
 .text.FLASH_DRV_Init
                0x00000888       0xf0 ./SDK/platform/drivers/src/flash/flash_driver.o
                0x00000888                FLASH_DRV_Init
 .text.FLASH_DRV_EraseSector
                0x00000978       0xb4 ./SDK/platform/drivers/src/flash/flash_driver.o
                0x00000978                FLASH_DRV_EraseSector
 .text.FLASH_DRV_VerifySection
                0x00000a2c       0x8c ./SDK/platform/drivers/src/flash/flash_driver.o
                0x00000a2c                FLASH_DRV_VerifySection
 .text.FLASH_DRV_Program
                0x00000ab8       0xc4 ./SDK/platform/drivers/src/flash/flash_driver.o
                0x00000ab8                FLASH_DRV_Program
 .text.FLASH_DRV_ProgramCheck
                0x00000b7c       0xf4 ./SDK/platform/drivers/src/flash/flash_driver.o
                0x00000b7c                FLASH_DRV_ProgramCheck
 .text.INT_SYS_InstallHandler
                0x00000c70       0x60 ./SDK/platform/drivers/src/interrupt/interrupt_manager.o
                0x00000c70                INT_SYS_InstallHandler
 .text.INT_SYS_EnableIRQ
                0x00000cd0       0x28 ./SDK/platform/drivers/src/interrupt/interrupt_manager.o
                0x00000cd0                INT_SYS_EnableIRQ
 .text.INT_SYS_EnableIRQGlobal
                0x00000cf8       0x1c ./SDK/platform/drivers/src/interrupt/interrupt_manager.o
                0x00000cf8                INT_SYS_EnableIRQGlobal
 .text.led_red_on
                0x00000d14       0x20 ./src/app/src/main.o
 .text.led_all_off
                0x00000d34       0x20 ./src/app/src/main.o
 .text.delay    0x00000d54       0x1c ./src/app/src/main.o
 .text.main     0x00000d70      0x150 ./src/app/src/main.o
                0x00000d70                main
 .text.Program_SRecord
                0x00000ec0      0x3f4 ./src/boot/src/boot.o
                0x00000ec0                Program_SRecord
 .text.Jump_To_Application
                0x000012b4       0x24 ./src/boot/src/boot.o
                0x000012b4                Jump_To_Application
 .text.CCIF_Handler
                0x000012d8       0x10 ./src/flash/src/flash.o
                0x000012d8                CCIF_Handler
 .text.Flash_Initialize
                0x000012e8       0x6c ./src/flash/src/flash.o
                0x000012e8                Flash_Initialize
 .text.Flash_EraseAppSectors
                0x00001354       0x70 ./src/flash/src/flash.o
                0x00001354                Flash_EraseAppSectors
 .text.Flash_WriteBuffer
                0x000013c4       0x44 ./src/flash/src/flash.o
                0x000013c4                Flash_WriteBuffer
 .text.Flash_FlushBuffer
                0x00001408       0x24 ./src/flash/src/flash.o
                0x00001408                Flash_FlushBuffer
 .text.Flash_ProcessSRecordData
                0x0000142c      0x14e ./src/flash/src/flash.o
                0x0000142c                Flash_ProcessSRecordData
 *fill*         0x0000157a        0x2 
 .text.LPUART1_RxTx_IRQHandler
                0x0000157c       0x28 ./src/lpuart1/src/lpuart1.o
                0x0000157c                LPUART1_RxTx_IRQHandler
 .text.init_uart
                0x000015a4      0x148 ./src/lpuart1/src/lpuart1.o
                0x000015a4                init_uart
 .text.LPUART1_send_character
                0x000016ec       0x14 ./src/lpuart1/src/lpuart1.o
                0x000016ec                LPUART1_send_character
 .text.LPUART1_send_string
                0x00001700       0x16 ./src/lpuart1/src/lpuart1.o
                0x00001700                LPUART1_send_string
 *fill*         0x00001716        0x2 
 .text.LPUART1_print_number
                0x00001718       0x54 ./src/lpuart1/src/lpuart1.o
                0x00001718                LPUART1_print_number
 .text.register_take_data_from_uart
                0x0000176c        0xc ./src/lpuart1/src/lpuart1.o
                0x0000176c                register_take_data_from_uart
 .text.hex_to_dec
                0x00001778       0x9e ./src/parse_srec/src/parse-srec.o
 .text.parse_srec
                0x00001816       0x82 ./src/parse_srec/src/parse-srec.o
                0x00001816                parse_srec
 .text.check_srec
                0x00001898      0x170 ./src/parse_srec/src/parse-srec.o
                0x00001898                check_srec
 .text.convert_status_to_string
                0x00001a08       0x68 ./src/parse_srec/src/parse-srec.o
                0x00001a08                convert_status_to_string
 .text.add_element
                0x00001a70       0x9c ./src/queue/src/queue.o
                0x00001a70                add_element
 .text.init_queue
                0x00001b0c       0x14 ./src/queue/src/queue.o
                0x00001b0c                init_queue
 .text.get_queue
                0x00001b20       0x4c ./src/queue/src/queue.o
                0x00001b20                get_queue
 .text.print_status
                0x00001b6c       0x24 ./src/queue/src/queue.o
                0x00001b6c                print_status
 .text.completed_process
                0x00001b90       0x10 ./src/queue/src/queue.o
                0x00001b90                completed_process
 *(.rodata)
 *(.rodata*)
 .rodata.Flash_InitConfig0
                0x00001ba0       0x14 ./board/peripherals_flash_FTFC.o
                0x00001ba0                Flash_InitConfig0
 .rodata.Program_SRecord.str1.4
                0x00001bb4       0x22 ./src/boot/src/boot.o
 *fill*         0x00001bd6        0x2 
 .rodata.convert_status_to_string.str1.4
                0x00001bd8       0x83 ./src/parse_srec/src/parse-srec.o
 *fill*         0x00001c5b        0x1 
 .rodata.print_status.str1.4
                0x00001c5c        0x8 ./src/queue/src/queue.o
                                  0x6 (size before relaxing)
 *(.init)
 .init          0x00001c64        0x4 d:/s32ds_3_5/s32ds/s32ds/build_tools/gcc_b1620/gcc-6.3-arm32-eabi/bin/../lib/gcc/arm-none-eabi/6.3.1/thumb/v7e-m/crti.o
                0x00001c64                _init
 *(.fini)
 .fini          0x00001c68        0x4 d:/s32ds_3_5/s32ds/s32ds/build_tools/gcc_b1620/gcc-6.3-arm32-eabi/bin/../lib/gcc/arm-none-eabi/6.3.1/thumb/v7e-m/crti.o
                0x00001c68                _fini
 *fill*         0x00001c6c        0x4 
 .fini.__stub   0x00001c70        0x8 linker stubs
 *(.eh_frame)
                0x00001c78                . = ALIGN (0x4)

.glue_7         0x00001c78        0x0
 .glue_7        0x00001c78        0x0 linker stubs

.glue_7t        0x00001c78        0x0
 .glue_7t       0x00001c78        0x0 linker stubs

.vfp11_veneer   0x00001c78        0x0
 .vfp11_veneer  0x00001c78        0x0 linker stubs

.v4_bx          0x00001c78        0x0
 .v4_bx         0x00001c78        0x0 linker stubs

.iplt           0x00001c78        0x0
 .iplt          0x00001c78        0x0 ./Project_Settings/Startup_Code/startup_S32K144.o

.ARM            0x00001c78        0x8
                0x00001c78                __exidx_start = .
 *(.ARM.exidx*)
 .ARM.exidx     0x00001c78        0x8 d:/s32ds_3_5/s32ds/s32ds/build_tools/gcc_b1620/gcc-6.3-arm32-eabi/bin/../lib/gcc/arm-none-eabi/6.3.1/thumb/v7e-m\libgcc.a(_udivmoddi4.o)
                0x00001c80                __exidx_end = .
                0x00001c80                __etext = .
                0x00001c80                __DATA_ROM = .

.interrupts_ram
                0x1fff8000      0x400
                0x1fff8000                . = ALIGN (0x4)
                0x1fff8000                __VECTOR_RAM__ = .
                0x1fff8000                __RAM_START = .
                0x1fff8000                __interrupts_ram_start__ = .
 *(.m_interrupts_ram)
                0x1fff8400                . = (. + M_VECTOR_RAM_SIZE)
 *fill*         0x1fff8000      0x400 
                0x1fff8400                . = ALIGN (0x4)
                0x1fff8400                __interrupts_ram_end__ = .
                0x1fff8000                __VECTOR_RAM = DEFINED (__flash_vector_table__)?ORIGIN (m_interrupts):__VECTOR_RAM__
                0x00000400                __RAM_VECTOR_TABLE_SIZE = DEFINED (__flash_vector_table__)?0x0:(__interrupts_ram_end__ - __interrupts_ram_start__)

.data           0x1fff8400        0x4 load address 0x00001c80
                0x1fff8400                . = ALIGN (0x4)
                0x1fff8400                __DATA_RAM = .
                0x1fff8400                __data_start__ = .
 *(.data)
 *(.data*)
 .data.g_overflow_queue
                0x1fff8400        0x1 ./src/queue/src/queue.o
                0x1fff8400                g_overflow_queue
                0x1fff8404                . = ALIGN (0x4)
 *fill*         0x1fff8401        0x3 
                0x1fff8404                __data_end__ = .
                0x00001c84                __DATA_END = (__DATA_ROM + (__data_end__ - __data_start__))
                0x00001c84                __CODE_ROM = __DATA_END

.igot.plt       0x1fff8404        0x0 load address 0x00001c84
 .igot.plt      0x1fff8404        0x0 ./Project_Settings/Startup_Code/startup_S32K144.o

.code           0x1fff8404       0x54 load address 0x00001c84
                0x1fff8404                . = ALIGN (0x4)
                0x1fff8404                __CODE_RAM = .
                0x1fff8404                __code_start__ = .
                0x1fff8404                __code_ram_start__ = .
 *(.code_ram)
 .code_ram      0x1fff8404       0x38 ./SDK/platform/drivers/src/flash/flash_driver.o
 .code_ram      0x1fff843c       0x1c ./src/flash/src/flash.o
                0x1fff843c                CCIF_Callback
                0x1fff8458                . = ALIGN (0x4)
                0x1fff8458                __code_end__ = .
                0x1fff8458                __code_ram_end__ = .
                0x00001cd8                __CODE_END = (__CODE_ROM + (__code_end__ - __code_start__))
                0x00001cd8                __CUSTOM_ROM = __CODE_END

.rel.dyn        0x1fff8458        0x0 load address 0x00001cd8
 .rel.iplt      0x1fff8458        0x0 ./Project_Settings/Startup_Code/startup_S32K144.o

.customSectionBlock
                0x20000000        0x0 load address 0x00001cd8
                0x20000000                __customSection_start__ = .
 *(.customSection)
                0x20000000                __customSection_end__ = .
                0x00001cd8                __CUSTOM_END = (__CUSTOM_ROM + (__customSection_end__ - __customSection_start__))
                0x00001cd8                __rom_end = __CUSTOM_END

.bss            0x20000000      0x438
                0x20000000                . = ALIGN (0x4)
                0x20000000                __BSS_START = .
                0x20000000                __bss_start__ = .
 *(.bss)
 *(.bss*)
 .bss.g_interruptDisableCount
                0x20000000        0x4 ./SDK/platform/drivers/src/interrupt/interrupt_manager.o
 .bss.flashSSDConfig
                0x20000004       0x1c ./src/flash/src/flash.o
 .bss.flashStatus
                0x20000020        0x2 ./src/flash/src/flash.o
 *fill*         0x20000022        0x2 
 .bss.g_callback_func
                0x20000024        0x4 ./src/lpuart1/src/lpuart1.o
                0x20000024                g_callback_func
 .bss.g_temp    0x20000028        0x1 ./src/lpuart1/src/lpuart1.o
                0x20000028                g_temp
 *fill*         0x20000029        0x1 
 .bss.count_line_s5_s6.5143
                0x2000002a        0x2 ./src/parse_srec/src/parse-srec.o
 .bss.cout_line.5074
                0x2000002c        0x2 ./src/parse_srec/src/parse-srec.o
 .bss.srec_type_before.5107
                0x2000002e        0x1 ./src/parse_srec/src/parse-srec.o
 *fill*         0x2000002f        0x1 
 .bss.getting_index_queue
                0x20000030        0x2 ./src/queue/src/queue.o
                0x20000030                getting_index_queue
 .bss.index_element
                0x20000032        0x2 ./src/queue/src/queue.o
                0x20000032                index_element
 .bss.index_queue
                0x20000034        0x2 ./src/queue/src/queue.o
                0x20000034                index_queue
 .bss.numbersof_avai_queue
                0x20000036        0x1 ./src/queue/src/queue.o
                0x20000036                numbersof_avai_queue
 *fill*         0x20000037        0x1 
 .bss.queue     0x20000038      0x400 ./src/queue/src/queue.o
                0x20000038                queue
 *(COMMON)
                0x20000438                . = ALIGN (0x4)
                0x20000438                __bss_end__ = .
                0x20000438                __BSS_END = .

.heap           0x20000438      0x400
                0x20000438                . = ALIGN (0x8)
                0x20000438                __end__ = .
                0x20000438                __heap_start__ = .
                [!provide]                PROVIDE (end = .)
                [!provide]                PROVIDE (_end = .)
                [!provide]                PROVIDE (__end = .)
                0x20000438                __HeapBase = .
                0x20000838                . = (. + HEAP_SIZE)
 *fill*         0x20000438      0x400 
                0x20000838                __HeapLimit = .
                0x20000838                __heap_limit = .
                0x20000838                __heap_end__ = .
                0x20007000                __StackTop = (ORIGIN (m_data_2) + LENGTH (m_data_2))
                0x20006c00                __StackLimit = (__StackTop - STACK_SIZE)
                0x20007000                PROVIDE (__stack = __StackTop)
                0x20007000                __RAM_END = __StackTop

.stack          0x20006c00      0x400
                0x20006c00                . = ALIGN (0x8)
                0x20006c00                __stack_start__ = .
                0x20007000                . = (. + STACK_SIZE)
 *fill*         0x20006c00      0x400 
                0x20007000                __stack_end__ = .

.ARM.attributes
                0x00000000       0x2a
 *(.ARM.attributes)
 .ARM.attributes
                0x00000000       0x1e d:/s32ds_3_5/s32ds/s32ds/build_tools/gcc_b1620/gcc-6.3-arm32-eabi/bin/../lib/gcc/arm-none-eabi/6.3.1/thumb/v7e-m/crti.o
 .ARM.attributes
                0x0000001e       0x1b ./Project_Settings/Startup_Code/startup_S32K144.o
 .ARM.attributes
                0x00000039       0x33 ./SDK/platform/devices/S32K144/startup/system_S32K144.o
 .ARM.attributes
                0x0000006c       0x33 ./SDK/platform/devices/startup.o
 .ARM.attributes
                0x0000009f       0x33 ./SDK/platform/drivers/src/flash/flash_driver.o
 .ARM.attributes
                0x000000d2       0x33 ./SDK/platform/drivers/src/interrupt/interrupt_manager.o
 .ARM.attributes
                0x00000105       0x33 ./board/peripherals_flash_FTFC.o
 .ARM.attributes
                0x00000138       0x33 ./src/app/src/main.o
 .ARM.attributes
                0x0000016b       0x33 ./src/boot/src/boot.o
 .ARM.attributes
                0x0000019e       0x33 ./src/flash/src/flash.o
 .ARM.attributes
                0x000001d1       0x33 ./src/lpuart1/src/lpuart1.o
 .ARM.attributes
                0x00000204       0x33 ./src/parse_srec/src/parse-srec.o
 .ARM.attributes
                0x00000237       0x33 ./src/queue/src/queue.o
 .ARM.attributes
                0x0000026a       0x1e d:/s32ds_3_5/s32ds/s32ds/build_tools/gcc_b1620/gcc-6.3-arm32-eabi/bin/../lib/gcc/arm-none-eabi/6.3.1/thumb/v7e-m\libgcc.a(_aeabi_uldivmod.o)
 .ARM.attributes
                0x00000288       0x2e d:/s32ds_3_5/s32ds/s32ds/build_tools/gcc_b1620/gcc-6.3-arm32-eabi/bin/../lib/gcc/arm-none-eabi/6.3.1/thumb/v7e-m\libgcc.a(_udivmoddi4.o)
 .ARM.attributes
                0x000002b6       0x1e d:/s32ds_3_5/s32ds/s32ds/build_tools/gcc_b1620/gcc-6.3-arm32-eabi/bin/../lib/gcc/arm-none-eabi/6.3.1/thumb/v7e-m\libgcc.a(_dvmd_tls.o)
                0x00000001                ASSERT ((__rom_end <= (ORIGIN (m_text) + LENGTH (m_text))), Region m_text overflowed!)
                0x00000001                ASSERT ((__StackLimit >= __HeapLimit), region m_data_2 overflowed with stack and heap)
OUTPUT(Mock_final.elf elf32-littlearm)

.debug_line     0x00000000     0x459a
 .debug_line    0x00000000       0xce ./Project_Settings/Startup_Code/startup_S32K144.o
 .debug_line    0x000000ce      0x43c ./SDK/platform/devices/S32K144/startup/system_S32K144.o
 .debug_line    0x0000050a      0x3c3 ./SDK/platform/devices/startup.o
 .debug_line    0x000008cd      0xb9b ./SDK/platform/drivers/src/flash/flash_driver.o
 .debug_line    0x00001468      0x5c0 ./SDK/platform/drivers/src/interrupt/interrupt_manager.o
 .debug_line    0x00001a28      0x41d ./board/peripherals_flash_FTFC.o
 .debug_line    0x00001e45      0x83e ./src/app/src/main.o
 .debug_line    0x00002683      0x93f ./src/boot/src/boot.o
 .debug_line    0x00002fc2      0x823 ./src/flash/src/flash.o
 .debug_line    0x000037e5      0x474 ./src/lpuart1/src/lpuart1.o
 .debug_line    0x00003c59      0x4b5 ./src/parse_srec/src/parse-srec.o
 .debug_line    0x0000410e      0x48c ./src/queue/src/queue.o

.debug_info     0x00000000     0xc2a8
 .debug_info    0x00000000       0x26 ./Project_Settings/Startup_Code/startup_S32K144.o
 .debug_info    0x00000026      0x521 ./SDK/platform/devices/S32K144/startup/system_S32K144.o
 .debug_info    0x00000547      0x2ad ./SDK/platform/devices/startup.o
 .debug_info    0x000007f4     0x1e96 ./SDK/platform/drivers/src/flash/flash_driver.o
 .debug_info    0x0000268a      0xc99 ./SDK/platform/drivers/src/interrupt/interrupt_manager.o
 .debug_info    0x00003323      0x10c ./board/peripherals_flash_FTFC.o
 .debug_info    0x0000342f     0x1dfe ./src/app/src/main.o
 .debug_info    0x0000522d     0x1fa6 ./src/boot/src/boot.o
 .debug_info    0x000071d3     0x2343 ./src/flash/src/flash.o
 .debug_info    0x00009516     0x136c ./src/lpuart1/src/lpuart1.o
 .debug_info    0x0000a882      0xe72 ./src/parse_srec/src/parse-srec.o
 .debug_info    0x0000b6f4      0xbb4 ./src/queue/src/queue.o

.debug_abbrev   0x00000000     0x1a36
 .debug_abbrev  0x00000000       0x14 ./Project_Settings/Startup_Code/startup_S32K144.o
 .debug_abbrev  0x00000014      0x141 ./SDK/platform/devices/S32K144/startup/system_S32K144.o
 .debug_abbrev  0x00000155       0xe1 ./SDK/platform/devices/startup.o
 .debug_abbrev  0x00000236      0x2fc ./SDK/platform/drivers/src/flash/flash_driver.o
 .debug_abbrev  0x00000532      0x278 ./SDK/platform/drivers/src/interrupt/interrupt_manager.o
 .debug_abbrev  0x000007aa       0x94 ./board/peripherals_flash_FTFC.o
 .debug_abbrev  0x0000083e      0x32d ./src/app/src/main.o
 .debug_abbrev  0x00000b6b      0x2f5 ./src/boot/src/boot.o
 .debug_abbrev  0x00000e60      0x2e4 ./src/flash/src/flash.o
 .debug_abbrev  0x00001144      0x34f ./src/lpuart1/src/lpuart1.o
 .debug_abbrev  0x00001493      0x34f ./src/parse_srec/src/parse-srec.o
 .debug_abbrev  0x000017e2      0x254 ./src/queue/src/queue.o

.debug_aranges  0x00000000      0x3a8
 .debug_aranges
                0x00000000       0x20 ./Project_Settings/Startup_Code/startup_S32K144.o
 .debug_aranges
                0x00000020       0x30 ./SDK/platform/devices/S32K144/startup/system_S32K144.o
 .debug_aranges
                0x00000050       0x20 ./SDK/platform/devices/startup.o
 .debug_aranges
                0x00000070      0x130 ./SDK/platform/drivers/src/flash/flash_driver.o
 .debug_aranges
                0x000001a0       0x70 ./SDK/platform/drivers/src/interrupt/interrupt_manager.o
 .debug_aranges
                0x00000210       0x18 ./board/peripherals_flash_FTFC.o
 .debug_aranges
                0x00000228       0x38 ./src/app/src/main.o
 .debug_aranges
                0x00000260       0x28 ./src/boot/src/boot.o
 .debug_aranges
                0x00000288       0x50 ./src/flash/src/flash.o
 .debug_aranges
                0x000002d8       0x50 ./src/lpuart1/src/lpuart1.o
 .debug_aranges
                0x00000328       0x38 ./src/parse_srec/src/parse-srec.o
 .debug_aranges
                0x00000360       0x48 ./src/queue/src/queue.o

.debug_str      0x00000000    0x7190a
 .debug_str     0x00000000       0xc3 ./Project_Settings/Startup_Code/startup_S32K144.o
 .debug_str     0x000000c3    0x68849 ./SDK/platform/devices/S32K144/startup/system_S32K144.o
                              0x689cc (size before relaxing)
 .debug_str     0x0006890c      0x39b ./SDK/platform/devices/startup.o
                              0x68b3e (size before relaxing)
 .debug_str     0x00068ca7     0x3827 ./SDK/platform/drivers/src/flash/flash_driver.o
                              0x6c05b (size before relaxing)
 .debug_str     0x0006c4ce      0x206 ./SDK/platform/drivers/src/interrupt/interrupt_manager.o
                              0x692c7 (size before relaxing)
 .debug_str     0x0006c6d4       0x42 ./board/peripherals_flash_FTFC.o
                              0x6aa13 (size before relaxing)
 .debug_str     0x0006c716     0x4af1 ./src/app/src/main.o
                              0x70094 (size before relaxing)
 .debug_str     0x00071207      0x27a ./src/boot/src/boot.o
                              0x70185 (size before relaxing)
 .debug_str     0x00071481      0x125 ./src/flash/src/flash.o
                              0x706df (size before relaxing)
 .debug_str     0x000715a6      0x188 ./src/lpuart1/src/lpuart1.o
                              0x66b92 (size before relaxing)
 .debug_str     0x0007172e      0x142 ./src/parse_srec/src/parse-srec.o
                               0x6f74 (size before relaxing)
 .debug_str     0x00071870       0x9a ./src/queue/src/queue.o
                              0x6643d (size before relaxing)

.debug_loc      0x00000000     0x3fa1
 .debug_loc     0x00000000      0x10a ./SDK/platform/devices/S32K144/startup/system_S32K144.o
 .debug_loc     0x0000010a       0xec ./SDK/platform/devices/startup.o
 .debug_loc     0x000001f6     0x221c ./SDK/platform/drivers/src/flash/flash_driver.o
 .debug_loc     0x00002412      0x678 ./SDK/platform/drivers/src/interrupt/interrupt_manager.o
 .debug_loc     0x00002a8a       0xb5 ./src/app/src/main.o
 .debug_loc     0x00002b3f      0x287 ./src/boot/src/boot.o
 .debug_loc     0x00002dc6      0x3d4 ./src/flash/src/flash.o
 .debug_loc     0x0000319a      0x38f ./src/lpuart1/src/lpuart1.o
 .debug_loc     0x00003529      0x90b ./src/parse_srec/src/parse-srec.o
 .debug_loc     0x00003e34      0x16d ./src/queue/src/queue.o

.debug_ranges   0x00000000      0x428
 .debug_ranges  0x00000000       0x20 ./SDK/platform/devices/S32K144/startup/system_S32K144.o
 .debug_ranges  0x00000020       0x10 ./SDK/platform/devices/startup.o
 .debug_ranges  0x00000030      0x1b8 ./SDK/platform/drivers/src/flash/flash_driver.o
 .debug_ranges  0x000001e8       0x98 ./SDK/platform/drivers/src/interrupt/interrupt_manager.o
 .debug_ranges  0x00000280       0x28 ./src/app/src/main.o
 .debug_ranges  0x000002a8       0x18 ./src/boot/src/boot.o
 .debug_ranges  0x000002c0       0x60 ./src/flash/src/flash.o
 .debug_ranges  0x00000320       0x40 ./src/lpuart1/src/lpuart1.o
 .debug_ranges  0x00000360       0x90 ./src/parse_srec/src/parse-srec.o
 .debug_ranges  0x000003f0       0x38 ./src/queue/src/queue.o

.debug_macro    0x00000000    0x215b7
 .debug_macro   0x00000000       0xb6 ./SDK/platform/devices/S32K144/startup/system_S32K144.o
 .debug_macro   0x000000b6      0x8da ./SDK/platform/devices/S32K144/startup/system_S32K144.o
 .debug_macro   0x00000990       0x10 ./SDK/platform/devices/S32K144/startup/system_S32K144.o
 .debug_macro   0x000009a0       0x73 ./SDK/platform/devices/S32K144/startup/system_S32K144.o
 .debug_macro   0x00000a13       0x19 ./SDK/platform/devices/S32K144/startup/system_S32K144.o
 .debug_macro   0x00000a2c       0x22 ./SDK/platform/devices/S32K144/startup/system_S32K144.o
 .debug_macro   0x00000a4e       0x56 ./SDK/platform/devices/S32K144/startup/system_S32K144.o
 .debug_macro   0x00000aa4       0x51 ./SDK/platform/devices/S32K144/startup/system_S32K144.o
 .debug_macro   0x00000af5       0xef ./SDK/platform/devices/S32K144/startup/system_S32K144.o
 .debug_macro   0x00000be4       0x6a ./SDK/platform/devices/S32K144/startup/system_S32K144.o
 .debug_macro   0x00000c4e      0x1df ./SDK/platform/devices/S32K144/startup/system_S32K144.o
 .debug_macro   0x00000e2d     0xed1d ./SDK/platform/devices/S32K144/startup/system_S32K144.o
 .debug_macro   0x0000fb4a      0xbbd ./SDK/platform/devices/S32K144/startup/system_S32K144.o
 .debug_macro   0x00010707       0x22 ./SDK/platform/devices/S32K144/startup/system_S32K144.o
 .debug_macro   0x00010729       0x28 ./SDK/platform/devices/S32K144/startup/system_S32K144.o
 .debug_macro   0x00010751       0xb6 ./SDK/platform/devices/startup.o
 .debug_macro   0x00010807     0xed32 ./SDK/platform/devices/startup.o
 .debug_macro   0x0001f539       0x40 ./SDK/platform/devices/startup.o
 .debug_macro   0x0001f579       0xd2 ./SDK/platform/drivers/src/flash/flash_driver.o
 .debug_macro   0x0001f64b       0x10 ./SDK/platform/drivers/src/flash/flash_driver.o
 .debug_macro   0x0001f65b      0x575 ./SDK/platform/drivers/src/flash/flash_driver.o
 .debug_macro   0x0001fbd0       0xca ./SDK/platform/drivers/src/interrupt/interrupt_manager.o
 .debug_macro   0x0001fc9a       0xd2 ./board/peripherals_flash_FTFC.o
 .debug_macro   0x0001fd6c      0x2b8 ./src/app/src/main.o
 .debug_macro   0x00020024       0x4c ./src/app/src/main.o
 .debug_macro   0x00020070       0x18 ./src/app/src/main.o
 .debug_macro   0x00020088       0x5c ./src/app/src/main.o
 .debug_macro   0x000200e4       0x35 ./src/app/src/main.o
 .debug_macro   0x00020119       0x34 ./src/app/src/main.o
 .debug_macro   0x0002014d       0x16 ./src/app/src/main.o
 .debug_macro   0x00020163       0x57 ./src/app/src/main.o
 .debug_macro   0x000201ba       0x97 ./src/app/src/main.o
 .debug_macro   0x00020251      0x35c ./src/app/src/main.o
 .debug_macro   0x000205ad       0xf6 ./src/app/src/main.o
 .debug_macro   0x000206a3       0x10 ./src/app/src/main.o
 .debug_macro   0x000206b3       0x52 ./src/app/src/main.o
 .debug_macro   0x00020705       0x1f ./src/app/src/main.o
 .debug_macro   0x00020724       0x43 ./src/app/src/main.o
 .debug_macro   0x00020767       0x20 ./src/app/src/main.o
 .debug_macro   0x00020787      0x18e ./src/app/src/main.o
 .debug_macro   0x00020915       0x10 ./src/app/src/main.o
 .debug_macro   0x00020925       0xb6 ./src/app/src/main.o
 .debug_macro   0x000209db       0x16 ./src/app/src/main.o
 .debug_macro   0x000209f1      0x129 ./src/app/src/main.o
 .debug_macro   0x00020b1a       0x16 ./src/app/src/main.o
 .debug_macro   0x00020b30       0x35 ./src/app/src/main.o
 .debug_macro   0x00020b65       0x22 ./src/app/src/main.o
 .debug_macro   0x00020b87       0x28 ./src/app/src/main.o
 .debug_macro   0x00020baf       0x16 ./src/app/src/main.o
 .debug_macro   0x00020bc5      0x26c ./src/boot/src/boot.o
 .debug_macro   0x00020e31      0x25a ./src/flash/src/flash.o
 .debug_macro   0x0002108b       0x52 ./src/flash/src/flash.o
 .debug_macro   0x000210dd      0x1a1 ./src/lpuart1/src/lpuart1.o
 .debug_macro   0x0002127e      0x194 ./src/parse_srec/src/parse-srec.o
 .debug_macro   0x00021412      0x1a5 ./src/queue/src/queue.o

.comment        0x00000000       0x7e
 .comment       0x00000000       0x7e ./SDK/platform/devices/S32K144/startup/system_S32K144.o
                                 0x7f (size before relaxing)
 .comment       0x0000007e       0x7f ./SDK/platform/devices/startup.o
 .comment       0x0000007e       0x7f ./SDK/platform/drivers/src/flash/flash_driver.o
 .comment       0x0000007e       0x7f ./SDK/platform/drivers/src/interrupt/interrupt_manager.o
 .comment       0x0000007e       0x7f ./board/peripherals_flash_FTFC.o
 .comment       0x0000007e       0x7f ./src/app/src/main.o
 .comment       0x0000007e       0x7f ./src/boot/src/boot.o
 .comment       0x0000007e       0x7f ./src/flash/src/flash.o
 .comment       0x0000007e       0x7f ./src/lpuart1/src/lpuart1.o
 .comment       0x0000007e       0x7f ./src/parse_srec/src/parse-srec.o
 .comment       0x0000007e       0x7f ./src/queue/src/queue.o

.debug_frame    0x00000000      0x8a4
 .debug_frame   0x00000000       0x40 ./SDK/platform/devices/S32K144/startup/system_S32K144.o
 .debug_frame   0x00000040       0x2c ./SDK/platform/devices/startup.o
 .debug_frame   0x0000006c      0x37c ./SDK/platform/drivers/src/flash/flash_driver.o
 .debug_frame   0x000003e8       0xd8 ./SDK/platform/drivers/src/interrupt/interrupt_manager.o
 .debug_frame   0x000004c0       0x64 ./src/app/src/main.o
 .debug_frame   0x00000524       0x58 ./src/boot/src/boot.o
 .debug_frame   0x0000057c       0xd4 ./src/flash/src/flash.o
 .debug_frame   0x00000650       0xcc ./src/lpuart1/src/lpuart1.o
 .debug_frame   0x0000071c       0x90 ./src/parse_srec/src/parse-srec.o
 .debug_frame   0x000007ac       0x98 ./src/queue/src/queue.o
 .debug_frame   0x00000844       0x2c d:/s32ds_3_5/s32ds/s32ds/build_tools/gcc_b1620/gcc-6.3-arm32-eabi/bin/../lib/gcc/arm-none-eabi/6.3.1/thumb/v7e-m\libgcc.a(_aeabi_uldivmod.o)
 .debug_frame   0x00000870       0x34 d:/s32ds_3_5/s32ds/s32ds/build_tools/gcc_b1620/gcc-6.3-arm32-eabi/bin/../lib/gcc/arm-none-eabi/6.3.1/thumb/v7e-m\libgcc.a(_udivmoddi4.o)
