Archive member included to satisfy reference by file (symbol)

d:/s32ds_3_5/s32ds/s32ds/build_tools/gcc_v10.2/gcc-10.2-arm32-eabi/bin/../lib/gcc/arm-none-eabi/10.2.0/../../../../arm-none-eabi/lib/thumb/v7e-m/nofp\libc.a(lib_a-exit.o)
                              d:/s32ds_3_5/s32ds/s32ds/build_tools/gcc_v10.2/gcc-10.2-arm32-eabi/bin/../lib/gcc/arm-none-eabi/10.2.0/../../../../arm-none-eabi/lib/thumb/v7e-m/nofp/crt0.o (exit)
d:/s32ds_3_5/s32ds/s32ds/build_tools/gcc_v10.2/gcc-10.2-arm32-eabi/bin/../lib/gcc/arm-none-eabi/10.2.0/../../../../arm-none-eabi/lib/thumb/v7e-m/nofp\libc.a(lib_a-impure.o)
                              d:/s32ds_3_5/s32ds/s32ds/build_tools/gcc_v10.2/gcc-10.2-arm32-eabi/bin/../lib/gcc/arm-none-eabi/10.2.0/../../../../arm-none-eabi/lib/thumb/v7e-m/nofp\libc.a(lib_a-exit.o) (_global_impure_ptr)
d:/s32ds_3_5/s32ds/s32ds/build_tools/gcc_v10.2/gcc-10.2-arm32-eabi/bin/../lib/gcc/arm-none-eabi/10.2.0/../../../../arm-none-eabi/lib/thumb/v7e-m/nofp\libc.a(lib_a-init.o)
                              d:/s32ds_3_5/s32ds/s32ds/build_tools/gcc_v10.2/gcc-10.2-arm32-eabi/bin/../lib/gcc/arm-none-eabi/10.2.0/../../../../arm-none-eabi/lib/thumb/v7e-m/nofp/crt0.o (__libc_init_array)
d:/s32ds_3_5/s32ds/s32ds/build_tools/gcc_v10.2/gcc-10.2-arm32-eabi/bin/../lib/gcc/arm-none-eabi/10.2.0/../../../../arm-none-eabi/lib/thumb/v7e-m/nofp\libc.a(lib_a-memset.o)
                              d:/s32ds_3_5/s32ds/s32ds/build_tools/gcc_v10.2/gcc-10.2-arm32-eabi/bin/../lib/gcc/arm-none-eabi/10.2.0/../../../../arm-none-eabi/lib/thumb/v7e-m/nofp/crt0.o (memset)
d:/s32ds_3_5/s32ds/s32ds/build_tools/gcc_v10.2/gcc-10.2-arm32-eabi/bin/../lib/gcc/arm-none-eabi/10.2.0/../../../../arm-none-eabi/lib/thumb/v7e-m/nofp\libc.a(lib_a-__call_atexit.o)
                              d:/s32ds_3_5/s32ds/s32ds/build_tools/gcc_v10.2/gcc-10.2-arm32-eabi/bin/../lib/gcc/arm-none-eabi/10.2.0/../../../../arm-none-eabi/lib/thumb/v7e-m/nofp\libc.a(lib_a-exit.o) (__call_exitprocs)
d:/s32ds_3_5/s32ds/s32ds/build_tools/gcc_v10.2/gcc-10.2-arm32-eabi/bin/../lib/gcc/arm-none-eabi/10.2.0/../../../../arm-none-eabi/lib/thumb/v7e-m/nofp\libc.a(lib_a-fini.o)
                              d:/s32ds_3_5/s32ds/s32ds/build_tools/gcc_v10.2/gcc-10.2-arm32-eabi/bin/../lib/gcc/arm-none-eabi/10.2.0/../../../../arm-none-eabi/lib/thumb/v7e-m/nofp\libc.a(lib_a-__call_atexit.o) (__libc_fini_array)
d:/s32ds_3_5/s32ds/s32ds/build_tools/gcc_v10.2/gcc-10.2-arm32-eabi/bin/../lib/gcc/arm-none-eabi/10.2.0/../../../../arm-none-eabi/lib/thumb/v7e-m/nofp\libc.a(lib_a-atexit.o)
                              d:/s32ds_3_5/s32ds/s32ds/build_tools/gcc_v10.2/gcc-10.2-arm32-eabi/bin/../lib/gcc/arm-none-eabi/10.2.0/../../../../arm-none-eabi/lib/thumb/v7e-m/nofp\libc.a(lib_a-__call_atexit.o) (atexit)
d:/s32ds_3_5/s32ds/s32ds/build_tools/gcc_v10.2/gcc-10.2-arm32-eabi/bin/../lib/gcc/arm-none-eabi/10.2.0/../../../../arm-none-eabi/lib/thumb/v7e-m/nofp\libc.a(lib_a-__atexit.o)
                              d:/s32ds_3_5/s32ds/s32ds/build_tools/gcc_v10.2/gcc-10.2-arm32-eabi/bin/../lib/gcc/arm-none-eabi/10.2.0/../../../../arm-none-eabi/lib/thumb/v7e-m/nofp\libc.a(lib_a-atexit.o) (__register_exitproc)
d:/s32ds_3_5/s32ds/s32ds/build_tools/gcc_v10.2/gcc-10.2-arm32-eabi/bin/../lib/gcc/arm-none-eabi/10.2.0/../../../../arm-none-eabi/lib/thumb/v7e-m/nofp\libnosys.a(_exit.o)
                              d:/s32ds_3_5/s32ds/s32ds/build_tools/gcc_v10.2/gcc-10.2-arm32-eabi/bin/../lib/gcc/arm-none-eabi/10.2.0/../../../../arm-none-eabi/lib/thumb/v7e-m/nofp\libc.a(lib_a-exit.o) (_exit)

Discarded input sections

 .text          0x00000000        0x0 d:/s32ds_3_5/s32ds/s32ds/build_tools/gcc_v10.2/gcc-10.2-arm32-eabi/bin/../lib/gcc/arm-none-eabi/10.2.0/thumb/v7e-m/nofp/crti.o
 .data          0x00000000        0x0 d:/s32ds_3_5/s32ds/s32ds/build_tools/gcc_v10.2/gcc-10.2-arm32-eabi/bin/../lib/gcc/arm-none-eabi/10.2.0/thumb/v7e-m/nofp/crti.o
 .bss           0x00000000        0x0 d:/s32ds_3_5/s32ds/s32ds/build_tools/gcc_v10.2/gcc-10.2-arm32-eabi/bin/../lib/gcc/arm-none-eabi/10.2.0/thumb/v7e-m/nofp/crti.o
 .data          0x00000000        0x4 d:/s32ds_3_5/s32ds/s32ds/build_tools/gcc_v10.2/gcc-10.2-arm32-eabi/bin/../lib/gcc/arm-none-eabi/10.2.0/thumb/v7e-m/nofp/crtbegin.o
 .data          0x00000000        0x0 d:/s32ds_3_5/s32ds/s32ds/build_tools/gcc_v10.2/gcc-10.2-arm32-eabi/bin/../lib/gcc/arm-none-eabi/10.2.0/../../../../arm-none-eabi/lib/thumb/v7e-m/nofp/crt0.o
 .bss           0x00000000        0x0 d:/s32ds_3_5/s32ds/s32ds/build_tools/gcc_v10.2/gcc-10.2-arm32-eabi/bin/../lib/gcc/arm-none-eabi/10.2.0/../../../../arm-none-eabi/lib/thumb/v7e-m/nofp/crt0.o
 .ARM.extab     0x00000000        0x0 d:/s32ds_3_5/s32ds/s32ds/build_tools/gcc_v10.2/gcc-10.2-arm32-eabi/bin/../lib/gcc/arm-none-eabi/10.2.0/../../../../arm-none-eabi/lib/thumb/v7e-m/nofp/crt0.o
 .group         0x00000000        0xc ./Project_Settings/Startup_Code/startup.o
 .group         0x00000000        0xc ./Project_Settings/Startup_Code/startup.o
 .group         0x00000000        0xc ./Project_Settings/Startup_Code/startup.o
 .group         0x00000000        0xc ./Project_Settings/Startup_Code/startup.o
 .group         0x00000000        0xc ./Project_Settings/Startup_Code/startup.o
 .group         0x00000000        0xc ./Project_Settings/Startup_Code/startup.o
 .group         0x00000000        0xc ./Project_Settings/Startup_Code/startup.o
 .group         0x00000000        0xc ./Project_Settings/Startup_Code/startup.o
 .group         0x00000000        0xc ./Project_Settings/Startup_Code/startup.o
 .group         0x00000000        0xc ./Project_Settings/Startup_Code/startup.o
 .group         0x00000000        0xc ./Project_Settings/Startup_Code/startup.o
 .group         0x00000000        0xc ./Project_Settings/Startup_Code/startup.o
 .group         0x00000000        0xc ./Project_Settings/Startup_Code/startup.o
 .text          0x00000000        0x0 ./Project_Settings/Startup_Code/startup.o
 .data          0x00000000        0x0 ./Project_Settings/Startup_Code/startup.o
 .bss           0x00000000        0x0 ./Project_Settings/Startup_Code/startup.o
 .rodata.s_vectors
                0x00000000        0x4 ./Project_Settings/Startup_Code/startup.o
 .data          0x00000000        0x0 ./Project_Settings/Startup_Code/startup_S32K144.o
 .bss           0x00000000        0x0 ./Project_Settings/Startup_Code/startup_S32K144.o
 .group         0x00000000        0xc ./Project_Settings/Startup_Code/system_S32K144.o
 .group         0x00000000        0xc ./Project_Settings/Startup_Code/system_S32K144.o
 .group         0x00000000        0xc ./Project_Settings/Startup_Code/system_S32K144.o
 .group         0x00000000        0xc ./Project_Settings/Startup_Code/system_S32K144.o
 .group         0x00000000        0xc ./Project_Settings/Startup_Code/system_S32K144.o
 .group         0x00000000        0xc ./Project_Settings/Startup_Code/system_S32K144.o
 .group         0x00000000        0xc ./Project_Settings/Startup_Code/system_S32K144.o
 .group         0x00000000        0xc ./Project_Settings/Startup_Code/system_S32K144.o
 .group         0x00000000        0xc ./Project_Settings/Startup_Code/system_S32K144.o
 .group         0x00000000        0xc ./Project_Settings/Startup_Code/system_S32K144.o
 .group         0x00000000        0xc ./Project_Settings/Startup_Code/system_S32K144.o
 .group         0x00000000        0xc ./Project_Settings/Startup_Code/system_S32K144.o
 .group         0x00000000        0xc ./Project_Settings/Startup_Code/system_S32K144.o
 .group         0x00000000        0xc ./Project_Settings/Startup_Code/system_S32K144.o
 .text          0x00000000        0x0 ./Project_Settings/Startup_Code/system_S32K144.o
 .data          0x00000000        0x0 ./Project_Settings/Startup_Code/system_S32K144.o
 .bss           0x00000000        0x0 ./Project_Settings/Startup_Code/system_S32K144.o
 .data.SystemCoreClock
                0x00000000        0x4 ./Project_Settings/Startup_Code/system_S32K144.o
 .text.SystemCoreClockUpdate
                0x00000000       0xf0 ./Project_Settings/Startup_Code/system_S32K144.o
 .text.SystemSoftwareReset
                0x00000000       0x3e ./Project_Settings/Startup_Code/system_S32K144.o
 .rodata.fircFreq.0
                0x00000000        0x4 ./Project_Settings/Startup_Code/system_S32K144.o
 .debug_macro   0x00000000      0xa60 ./Project_Settings/Startup_Code/system_S32K144.o
 .debug_macro   0x00000000       0x10 ./Project_Settings/Startup_Code/system_S32K144.o
 .debug_macro   0x00000000       0x7a ./Project_Settings/Startup_Code/system_S32K144.o
 .debug_macro   0x00000000       0x22 ./Project_Settings/Startup_Code/system_S32K144.o
 .debug_macro   0x00000000       0x8e ./Project_Settings/Startup_Code/system_S32K144.o
 .debug_macro   0x00000000       0x51 ./Project_Settings/Startup_Code/system_S32K144.o
 .debug_macro   0x00000000      0x103 ./Project_Settings/Startup_Code/system_S32K144.o
 .debug_macro   0x00000000       0x6a ./Project_Settings/Startup_Code/system_S32K144.o
 .debug_macro   0x00000000      0x1df ./Project_Settings/Startup_Code/system_S32K144.o
 .debug_macro   0x00000000     0x1707 ./Project_Settings/Startup_Code/system_S32K144.o
 .debug_macro   0x00000000       0x22 ./Project_Settings/Startup_Code/system_S32K144.o
 .group         0x00000000        0xc ./src/board/clock_config.o
 .group         0x00000000        0xc ./src/board/clock_config.o
 .group         0x00000000        0xc ./src/board/clock_config.o
 .group         0x00000000        0xc ./src/board/clock_config.o
 .group         0x00000000        0xc ./src/board/clock_config.o
 .group         0x00000000        0xc ./src/board/clock_config.o
 .group         0x00000000        0xc ./src/board/clock_config.o
 .group         0x00000000        0xc ./src/board/clock_config.o
 .text          0x00000000        0x0 ./src/board/clock_config.o
 .data          0x00000000        0x0 ./src/board/clock_config.o
 .bss           0x00000000        0x0 ./src/board/clock_config.o
 .debug_macro   0x00000000      0xa60 ./src/board/clock_config.o
 .debug_macro   0x00000000       0x22 ./src/board/clock_config.o
 .debug_macro   0x00000000       0x8e ./src/board/clock_config.o
 .debug_macro   0x00000000       0x51 ./src/board/clock_config.o
 .debug_macro   0x00000000      0x103 ./src/board/clock_config.o
 .debug_macro   0x00000000       0x6a ./src/board/clock_config.o
 .debug_macro   0x00000000      0x1df ./src/board/clock_config.o
 .group         0x00000000        0xc ./src/board/pin_config.o
 .group         0x00000000        0xc ./src/board/pin_config.o
 .group         0x00000000        0xc ./src/board/pin_config.o
 .group         0x00000000        0xc ./src/board/pin_config.o
 .group         0x00000000        0xc ./src/board/pin_config.o
 .group         0x00000000        0xc ./src/board/pin_config.o
 .group         0x00000000        0xc ./src/board/pin_config.o
 .group         0x00000000        0xc ./src/board/pin_config.o
 .group         0x00000000        0xc ./src/board/pin_config.o
 .text          0x00000000        0x0 ./src/board/pin_config.o
 .data          0x00000000        0x0 ./src/board/pin_config.o
 .bss           0x00000000        0x0 ./src/board/pin_config.o
 .debug_macro   0x00000000      0xa60 ./src/board/pin_config.o
 .debug_macro   0x00000000       0x22 ./src/board/pin_config.o
 .debug_macro   0x00000000       0x8e ./src/board/pin_config.o
 .debug_macro   0x00000000       0x51 ./src/board/pin_config.o
 .debug_macro   0x00000000      0x103 ./src/board/pin_config.o
 .debug_macro   0x00000000       0x6a ./src/board/pin_config.o
 .debug_macro   0x00000000      0x1df ./src/board/pin_config.o
 .debug_macro   0x00000000      0x17f ./src/board/pin_config.o
 .group         0x00000000        0xc ./src/board/systick_config.o
 .group         0x00000000        0xc ./src/board/systick_config.o
 .group         0x00000000        0xc ./src/board/systick_config.o
 .group         0x00000000        0xc ./src/board/systick_config.o
 .group         0x00000000        0xc ./src/board/systick_config.o
 .group         0x00000000        0xc ./src/board/systick_config.o
 .group         0x00000000        0xc ./src/board/systick_config.o
 .group         0x00000000        0xc ./src/board/systick_config.o
 .group         0x00000000        0xc ./src/board/systick_config.o
 .group         0x00000000        0xc ./src/board/systick_config.o
 .group         0x00000000        0xc ./src/board/systick_config.o
 .group         0x00000000        0xc ./src/board/systick_config.o
 .group         0x00000000        0xc ./src/board/systick_config.o
 .group         0x00000000        0xc ./src/board/systick_config.o
 .group         0x00000000        0xc ./src/board/systick_config.o
 .group         0x00000000        0xc ./src/board/systick_config.o
 .group         0x00000000        0xc ./src/board/systick_config.o
 .group         0x00000000        0xc ./src/board/systick_config.o
 .group         0x00000000        0xc ./src/board/systick_config.o
 .group         0x00000000        0xc ./src/board/systick_config.o
 .group         0x00000000        0xc ./src/board/systick_config.o
 .group         0x00000000        0xc ./src/board/systick_config.o
 .group         0x00000000        0xc ./src/board/systick_config.o
 .group         0x00000000        0xc ./src/board/systick_config.o
 .group         0x00000000        0xc ./src/board/systick_config.o
 .group         0x00000000        0xc ./src/board/systick_config.o
 .group         0x00000000        0xc ./src/board/systick_config.o
 .group         0x00000000        0xc ./src/board/systick_config.o
 .group         0x00000000        0xc ./src/board/systick_config.o
 .group         0x00000000        0xc ./src/board/systick_config.o
 .group         0x00000000        0xc ./src/board/systick_config.o
 .group         0x00000000        0xc ./src/board/systick_config.o
 .group         0x00000000        0xc ./src/board/systick_config.o
 .text          0x00000000        0x0 ./src/board/systick_config.o
 .data          0x00000000        0x0 ./src/board/systick_config.o
 .bss           0x00000000        0x0 ./src/board/systick_config.o
 .debug_macro   0x00000000      0xa60 ./src/board/systick_config.o
 .debug_macro   0x00000000       0x22 ./src/board/systick_config.o
 .debug_macro   0x00000000       0x6a ./src/board/systick_config.o
 .debug_macro   0x00000000      0x103 ./src/board/systick_config.o
 .debug_macro   0x00000000      0x1df ./src/board/systick_config.o
 .group         0x00000000        0xc ./src/drivers/clock.o
 .group         0x00000000        0xc ./src/drivers/clock.o
 .group         0x00000000        0xc ./src/drivers/clock.o
 .group         0x00000000        0xc ./src/drivers/clock.o
 .group         0x00000000        0xc ./src/drivers/clock.o
 .group         0x00000000        0xc ./src/drivers/clock.o
 .group         0x00000000        0xc ./src/drivers/clock.o
 .group         0x00000000        0xc ./src/drivers/clock.o
 .text          0x00000000        0x0 ./src/drivers/clock.o
 .data          0x00000000        0x0 ./src/drivers/clock.o
 .bss           0x00000000        0x0 ./src/drivers/clock.o
 .debug_macro   0x00000000      0xa60 ./src/drivers/clock.o
 .debug_macro   0x00000000       0x22 ./src/drivers/clock.o
 .debug_macro   0x00000000       0x8e ./src/drivers/clock.o
 .debug_macro   0x00000000       0x51 ./src/drivers/clock.o
 .debug_macro   0x00000000      0x103 ./src/drivers/clock.o
 .debug_macro   0x00000000       0x6a ./src/drivers/clock.o
 .debug_macro   0x00000000      0x1df ./src/drivers/clock.o
 .debug_macro   0x00000000      0x17f ./src/drivers/clock.o
 .group         0x00000000        0xc ./src/drivers/gpio.o
 .group         0x00000000        0xc ./src/drivers/gpio.o
 .group         0x00000000        0xc ./src/drivers/gpio.o
 .group         0x00000000        0xc ./src/drivers/gpio.o
 .group         0x00000000        0xc ./src/drivers/gpio.o
 .group         0x00000000        0xc ./src/drivers/gpio.o
 .group         0x00000000        0xc ./src/drivers/gpio.o
 .group         0x00000000        0xc ./src/drivers/gpio.o
 .text          0x00000000        0x0 ./src/drivers/gpio.o
 .data          0x00000000        0x0 ./src/drivers/gpio.o
 .bss           0x00000000        0x0 ./src/drivers/gpio.o
 .debug_macro   0x00000000      0xa60 ./src/drivers/gpio.o
 .debug_macro   0x00000000       0x22 ./src/drivers/gpio.o
 .debug_macro   0x00000000       0x8e ./src/drivers/gpio.o
 .debug_macro   0x00000000       0x51 ./src/drivers/gpio.o
 .debug_macro   0x00000000      0x103 ./src/drivers/gpio.o
 .debug_macro   0x00000000       0x6a ./src/drivers/gpio.o
 .debug_macro   0x00000000      0x1df ./src/drivers/gpio.o
 .group         0x00000000        0xc ./src/led_control/src/led_control.o
 .group         0x00000000        0xc ./src/led_control/src/led_control.o
 .group         0x00000000        0xc ./src/led_control/src/led_control.o
 .group         0x00000000        0xc ./src/led_control/src/led_control.o
 .group         0x00000000        0xc ./src/led_control/src/led_control.o
 .group         0x00000000        0xc ./src/led_control/src/led_control.o
 .group         0x00000000        0xc ./src/led_control/src/led_control.o
 .group         0x00000000        0xc ./src/led_control/src/led_control.o
 .group         0x00000000        0xc ./src/led_control/src/led_control.o
 .group         0x00000000        0xc ./src/led_control/src/led_control.o
 .group         0x00000000        0xc ./src/led_control/src/led_control.o
 .group         0x00000000        0xc ./src/led_control/src/led_control.o
 .group         0x00000000        0xc ./src/led_control/src/led_control.o
 .group         0x00000000        0xc ./src/led_control/src/led_control.o
 .group         0x00000000        0xc ./src/led_control/src/led_control.o
 .group         0x00000000        0xc ./src/led_control/src/led_control.o
 .group         0x00000000        0xc ./src/led_control/src/led_control.o
 .group         0x00000000        0xc ./src/led_control/src/led_control.o
 .group         0x00000000        0xc ./src/led_control/src/led_control.o
 .group         0x00000000        0xc ./src/led_control/src/led_control.o
 .group         0x00000000        0xc ./src/led_control/src/led_control.o
 .group         0x00000000        0xc ./src/led_control/src/led_control.o
 .group         0x00000000        0xc ./src/led_control/src/led_control.o
 .group         0x00000000        0xc ./src/led_control/src/led_control.o
 .group         0x00000000        0xc ./src/led_control/src/led_control.o
 .group         0x00000000        0xc ./src/led_control/src/led_control.o
 .group         0x00000000        0xc ./src/led_control/src/led_control.o
 .group         0x00000000        0xc ./src/led_control/src/led_control.o
 .group         0x00000000        0xc ./src/led_control/src/led_control.o
 .group         0x00000000        0xc ./src/led_control/src/led_control.o
 .group         0x00000000        0xc ./src/led_control/src/led_control.o
 .group         0x00000000        0xc ./src/led_control/src/led_control.o
 .group         0x00000000        0xc ./src/led_control/src/led_control.o
 .group         0x00000000        0xc ./src/led_control/src/led_control.o
 .group         0x00000000        0xc ./src/led_control/src/led_control.o
 .group         0x00000000        0xc ./src/led_control/src/led_control.o
 .text          0x00000000        0x0 ./src/led_control/src/led_control.o
 .data          0x00000000        0x0 ./src/led_control/src/led_control.o
 .bss           0x00000000        0x0 ./src/led_control/src/led_control.o
 .debug_macro   0x00000000      0xa60 ./src/led_control/src/led_control.o
 .debug_macro   0x00000000       0x22 ./src/led_control/src/led_control.o
 .debug_macro   0x00000000       0x52 ./src/led_control/src/led_control.o
 .debug_macro   0x00000000       0x18 ./src/led_control/src/led_control.o
 .debug_macro   0x00000000       0x94 ./src/led_control/src/led_control.o
 .debug_macro   0x00000000       0x35 ./src/led_control/src/led_control.o
 .debug_macro   0x00000000       0x34 ./src/led_control/src/led_control.o
 .debug_macro   0x00000000       0x16 ./src/led_control/src/led_control.o
 .debug_macro   0x00000000       0x57 ./src/led_control/src/led_control.o
 .debug_macro   0x00000000       0x97 ./src/led_control/src/led_control.o
 .debug_macro   0x00000000      0x333 ./src/led_control/src/led_control.o
 .debug_macro   0x00000000       0xfd ./src/led_control/src/led_control.o
 .debug_macro   0x00000000       0x10 ./src/led_control/src/led_control.o
 .debug_macro   0x00000000       0x16 ./src/led_control/src/led_control.o
 .debug_macro   0x00000000       0x43 ./src/led_control/src/led_control.o
 .debug_macro   0x00000000       0x34 ./src/led_control/src/led_control.o
 .debug_macro   0x00000000       0x10 ./src/led_control/src/led_control.o
 .debug_macro   0x00000000       0x52 ./src/led_control/src/led_control.o
 .debug_macro   0x00000000      0x182 ./src/led_control/src/led_control.o
 .debug_macro   0x00000000       0x10 ./src/led_control/src/led_control.o
 .debug_macro   0x00000000       0x6a ./src/led_control/src/led_control.o
 .debug_macro   0x00000000       0x1c ./src/led_control/src/led_control.o
 .debug_macro   0x00000000       0x52 ./src/led_control/src/led_control.o
 .debug_macro   0x00000000       0x22 ./src/led_control/src/led_control.o
 .debug_macro   0x00000000       0x10 ./src/led_control/src/led_control.o
 .debug_macro   0x00000000       0x40 ./src/led_control/src/led_control.o
 .debug_macro   0x00000000       0xd5 ./src/led_control/src/led_control.o
 .debug_macro   0x00000000       0x1c ./src/led_control/src/led_control.o
 .debug_macro   0x00000000       0x3d ./src/led_control/src/led_control.o
 .debug_macro   0x00000000       0x16 ./src/led_control/src/led_control.o
 .debug_macro   0x00000000      0x16f ./src/led_control/src/led_control.o
 .debug_macro   0x00000000      0x103 ./src/led_control/src/led_control.o
 .debug_macro   0x00000000      0x1df ./src/led_control/src/led_control.o
 .debug_macro   0x00000000      0x185 ./src/led_control/src/led_control.o
 .debug_macro   0x00000000       0x16 ./src/led_control/src/led_control.o
 .group         0x00000000        0xc ./src/main.o
 .group         0x00000000        0xc ./src/main.o
 .group         0x00000000        0xc ./src/main.o
 .group         0x00000000        0xc ./src/main.o
 .group         0x00000000        0xc ./src/main.o
 .group         0x00000000        0xc ./src/main.o
 .group         0x00000000        0xc ./src/main.o
 .group         0x00000000        0xc ./src/main.o
 .group         0x00000000        0xc ./src/main.o
 .group         0x00000000        0xc ./src/main.o
 .group         0x00000000        0xc ./src/main.o
 .group         0x00000000        0xc ./src/main.o
 .group         0x00000000        0xc ./src/main.o
 .group         0x00000000        0xc ./src/main.o
 .group         0x00000000        0xc ./src/main.o
 .group         0x00000000        0xc ./src/main.o
 .group         0x00000000        0xc ./src/main.o
 .group         0x00000000        0xc ./src/main.o
 .group         0x00000000        0xc ./src/main.o
 .group         0x00000000        0xc ./src/main.o
 .group         0x00000000        0xc ./src/main.o
 .group         0x00000000        0xc ./src/main.o
 .group         0x00000000        0xc ./src/main.o
 .group         0x00000000        0xc ./src/main.o
 .group         0x00000000        0xc ./src/main.o
 .group         0x00000000        0xc ./src/main.o
 .group         0x00000000        0xc ./src/main.o
 .group         0x00000000        0xc ./src/main.o
 .group         0x00000000        0xc ./src/main.o
 .group         0x00000000        0xc ./src/main.o
 .group         0x00000000        0xc ./src/main.o
 .group         0x00000000        0xc ./src/main.o
 .group         0x00000000        0xc ./src/main.o
 .group         0x00000000        0xc ./src/main.o
 .group         0x00000000        0xc ./src/main.o
 .group         0x00000000        0xc ./src/main.o
 .text          0x00000000        0x0 ./src/main.o
 .data          0x00000000        0x0 ./src/main.o
 .bss           0x00000000        0x0 ./src/main.o
 .debug_macro   0x00000000      0xa60 ./src/main.o
 .debug_macro   0x00000000       0x22 ./src/main.o
 .debug_macro   0x00000000       0x52 ./src/main.o
 .debug_macro   0x00000000       0x18 ./src/main.o
 .debug_macro   0x00000000       0x94 ./src/main.o
 .debug_macro   0x00000000       0x35 ./src/main.o
 .debug_macro   0x00000000       0x34 ./src/main.o
 .debug_macro   0x00000000       0x16 ./src/main.o
 .debug_macro   0x00000000       0x57 ./src/main.o
 .debug_macro   0x00000000       0x97 ./src/main.o
 .debug_macro   0x00000000      0x333 ./src/main.o
 .debug_macro   0x00000000       0xfd ./src/main.o
 .debug_macro   0x00000000       0x10 ./src/main.o
 .debug_macro   0x00000000       0x16 ./src/main.o
 .debug_macro   0x00000000       0x43 ./src/main.o
 .debug_macro   0x00000000       0x34 ./src/main.o
 .debug_macro   0x00000000       0x10 ./src/main.o
 .debug_macro   0x00000000       0x52 ./src/main.o
 .debug_macro   0x00000000      0x182 ./src/main.o
 .debug_macro   0x00000000       0x10 ./src/main.o
 .debug_macro   0x00000000       0x6a ./src/main.o
 .debug_macro   0x00000000       0x1c ./src/main.o
 .debug_macro   0x00000000       0x52 ./src/main.o
 .debug_macro   0x00000000       0x22 ./src/main.o
 .debug_macro   0x00000000       0x10 ./src/main.o
 .debug_macro   0x00000000       0x40 ./src/main.o
 .debug_macro   0x00000000       0xd5 ./src/main.o
 .debug_macro   0x00000000       0x1c ./src/main.o
 .debug_macro   0x00000000       0x3d ./src/main.o
 .debug_macro   0x00000000       0x16 ./src/main.o
 .debug_macro   0x00000000      0x16f ./src/main.o
 .debug_macro   0x00000000      0x103 ./src/main.o
 .debug_macro   0x00000000      0x1df ./src/main.o
 .debug_macro   0x00000000      0x185 ./src/main.o
 .debug_macro   0x00000000       0x16 ./src/main.o
 .debug_macro   0x00000000       0x40 ./src/main.o
 .text          0x00000000        0x0 d:/s32ds_3_5/s32ds/s32ds/build_tools/gcc_v10.2/gcc-10.2-arm32-eabi/bin/../lib/gcc/arm-none-eabi/10.2.0/../../../../arm-none-eabi/lib/thumb/v7e-m/nofp\libc.a(lib_a-exit.o)
 .data          0x00000000        0x0 d:/s32ds_3_5/s32ds/s32ds/build_tools/gcc_v10.2/gcc-10.2-arm32-eabi/bin/../lib/gcc/arm-none-eabi/10.2.0/../../../../arm-none-eabi/lib/thumb/v7e-m/nofp\libc.a(lib_a-exit.o)
 .bss           0x00000000        0x0 d:/s32ds_3_5/s32ds/s32ds/build_tools/gcc_v10.2/gcc-10.2-arm32-eabi/bin/../lib/gcc/arm-none-eabi/10.2.0/../../../../arm-none-eabi/lib/thumb/v7e-m/nofp\libc.a(lib_a-exit.o)
 .text          0x00000000        0x0 d:/s32ds_3_5/s32ds/s32ds/build_tools/gcc_v10.2/gcc-10.2-arm32-eabi/bin/../lib/gcc/arm-none-eabi/10.2.0/../../../../arm-none-eabi/lib/thumb/v7e-m/nofp\libc.a(lib_a-impure.o)
 .data          0x00000000        0x0 d:/s32ds_3_5/s32ds/s32ds/build_tools/gcc_v10.2/gcc-10.2-arm32-eabi/bin/../lib/gcc/arm-none-eabi/10.2.0/../../../../arm-none-eabi/lib/thumb/v7e-m/nofp\libc.a(lib_a-impure.o)
 .bss           0x00000000        0x0 d:/s32ds_3_5/s32ds/s32ds/build_tools/gcc_v10.2/gcc-10.2-arm32-eabi/bin/../lib/gcc/arm-none-eabi/10.2.0/../../../../arm-none-eabi/lib/thumb/v7e-m/nofp\libc.a(lib_a-impure.o)
 .data._impure_ptr
                0x00000000        0x4 d:/s32ds_3_5/s32ds/s32ds/build_tools/gcc_v10.2/gcc-10.2-arm32-eabi/bin/../lib/gcc/arm-none-eabi/10.2.0/../../../../arm-none-eabi/lib/thumb/v7e-m/nofp\libc.a(lib_a-impure.o)
 .text          0x00000000        0x0 d:/s32ds_3_5/s32ds/s32ds/build_tools/gcc_v10.2/gcc-10.2-arm32-eabi/bin/../lib/gcc/arm-none-eabi/10.2.0/../../../../arm-none-eabi/lib/thumb/v7e-m/nofp\libc.a(lib_a-init.o)
 .data          0x00000000        0x0 d:/s32ds_3_5/s32ds/s32ds/build_tools/gcc_v10.2/gcc-10.2-arm32-eabi/bin/../lib/gcc/arm-none-eabi/10.2.0/../../../../arm-none-eabi/lib/thumb/v7e-m/nofp\libc.a(lib_a-init.o)
 .bss           0x00000000        0x0 d:/s32ds_3_5/s32ds/s32ds/build_tools/gcc_v10.2/gcc-10.2-arm32-eabi/bin/../lib/gcc/arm-none-eabi/10.2.0/../../../../arm-none-eabi/lib/thumb/v7e-m/nofp\libc.a(lib_a-init.o)
 .text          0x00000000        0x0 d:/s32ds_3_5/s32ds/s32ds/build_tools/gcc_v10.2/gcc-10.2-arm32-eabi/bin/../lib/gcc/arm-none-eabi/10.2.0/../../../../arm-none-eabi/lib/thumb/v7e-m/nofp\libc.a(lib_a-memset.o)
 .data          0x00000000        0x0 d:/s32ds_3_5/s32ds/s32ds/build_tools/gcc_v10.2/gcc-10.2-arm32-eabi/bin/../lib/gcc/arm-none-eabi/10.2.0/../../../../arm-none-eabi/lib/thumb/v7e-m/nofp\libc.a(lib_a-memset.o)
 .bss           0x00000000        0x0 d:/s32ds_3_5/s32ds/s32ds/build_tools/gcc_v10.2/gcc-10.2-arm32-eabi/bin/../lib/gcc/arm-none-eabi/10.2.0/../../../../arm-none-eabi/lib/thumb/v7e-m/nofp\libc.a(lib_a-memset.o)
 .text          0x00000000        0x0 d:/s32ds_3_5/s32ds/s32ds/build_tools/gcc_v10.2/gcc-10.2-arm32-eabi/bin/../lib/gcc/arm-none-eabi/10.2.0/../../../../arm-none-eabi/lib/thumb/v7e-m/nofp\libc.a(lib_a-__call_atexit.o)
 .data          0x00000000        0x0 d:/s32ds_3_5/s32ds/s32ds/build_tools/gcc_v10.2/gcc-10.2-arm32-eabi/bin/../lib/gcc/arm-none-eabi/10.2.0/../../../../arm-none-eabi/lib/thumb/v7e-m/nofp\libc.a(lib_a-__call_atexit.o)
 .bss           0x00000000        0x0 d:/s32ds_3_5/s32ds/s32ds/build_tools/gcc_v10.2/gcc-10.2-arm32-eabi/bin/../lib/gcc/arm-none-eabi/10.2.0/../../../../arm-none-eabi/lib/thumb/v7e-m/nofp\libc.a(lib_a-__call_atexit.o)
 .text          0x00000000        0x0 d:/s32ds_3_5/s32ds/s32ds/build_tools/gcc_v10.2/gcc-10.2-arm32-eabi/bin/../lib/gcc/arm-none-eabi/10.2.0/../../../../arm-none-eabi/lib/thumb/v7e-m/nofp\libc.a(lib_a-fini.o)
 .data          0x00000000        0x0 d:/s32ds_3_5/s32ds/s32ds/build_tools/gcc_v10.2/gcc-10.2-arm32-eabi/bin/../lib/gcc/arm-none-eabi/10.2.0/../../../../arm-none-eabi/lib/thumb/v7e-m/nofp\libc.a(lib_a-fini.o)
 .bss           0x00000000        0x0 d:/s32ds_3_5/s32ds/s32ds/build_tools/gcc_v10.2/gcc-10.2-arm32-eabi/bin/../lib/gcc/arm-none-eabi/10.2.0/../../../../arm-none-eabi/lib/thumb/v7e-m/nofp\libc.a(lib_a-fini.o)
 .text          0x00000000        0x0 d:/s32ds_3_5/s32ds/s32ds/build_tools/gcc_v10.2/gcc-10.2-arm32-eabi/bin/../lib/gcc/arm-none-eabi/10.2.0/../../../../arm-none-eabi/lib/thumb/v7e-m/nofp\libc.a(lib_a-atexit.o)
 .data          0x00000000        0x0 d:/s32ds_3_5/s32ds/s32ds/build_tools/gcc_v10.2/gcc-10.2-arm32-eabi/bin/../lib/gcc/arm-none-eabi/10.2.0/../../../../arm-none-eabi/lib/thumb/v7e-m/nofp\libc.a(lib_a-atexit.o)
 .bss           0x00000000        0x0 d:/s32ds_3_5/s32ds/s32ds/build_tools/gcc_v10.2/gcc-10.2-arm32-eabi/bin/../lib/gcc/arm-none-eabi/10.2.0/../../../../arm-none-eabi/lib/thumb/v7e-m/nofp\libc.a(lib_a-atexit.o)
 .text          0x00000000        0x0 d:/s32ds_3_5/s32ds/s32ds/build_tools/gcc_v10.2/gcc-10.2-arm32-eabi/bin/../lib/gcc/arm-none-eabi/10.2.0/../../../../arm-none-eabi/lib/thumb/v7e-m/nofp\libc.a(lib_a-__atexit.o)
 .data          0x00000000        0x0 d:/s32ds_3_5/s32ds/s32ds/build_tools/gcc_v10.2/gcc-10.2-arm32-eabi/bin/../lib/gcc/arm-none-eabi/10.2.0/../../../../arm-none-eabi/lib/thumb/v7e-m/nofp\libc.a(lib_a-__atexit.o)
 .bss           0x00000000        0x0 d:/s32ds_3_5/s32ds/s32ds/build_tools/gcc_v10.2/gcc-10.2-arm32-eabi/bin/../lib/gcc/arm-none-eabi/10.2.0/../../../../arm-none-eabi/lib/thumb/v7e-m/nofp\libc.a(lib_a-__atexit.o)
 .text          0x00000000        0x0 d:/s32ds_3_5/s32ds/s32ds/build_tools/gcc_v10.2/gcc-10.2-arm32-eabi/bin/../lib/gcc/arm-none-eabi/10.2.0/../../../../arm-none-eabi/lib/thumb/v7e-m/nofp\libnosys.a(_exit.o)
 .data          0x00000000        0x0 d:/s32ds_3_5/s32ds/s32ds/build_tools/gcc_v10.2/gcc-10.2-arm32-eabi/bin/../lib/gcc/arm-none-eabi/10.2.0/../../../../arm-none-eabi/lib/thumb/v7e-m/nofp\libnosys.a(_exit.o)
 .bss           0x00000000        0x0 d:/s32ds_3_5/s32ds/s32ds/build_tools/gcc_v10.2/gcc-10.2-arm32-eabi/bin/../lib/gcc/arm-none-eabi/10.2.0/../../../../arm-none-eabi/lib/thumb/v7e-m/nofp\libnosys.a(_exit.o)
 .text          0x00000000        0x0 d:/s32ds_3_5/s32ds/s32ds/build_tools/gcc_v10.2/gcc-10.2-arm32-eabi/bin/../lib/gcc/arm-none-eabi/10.2.0/thumb/v7e-m/nofp/crtend.o
 .data          0x00000000        0x0 d:/s32ds_3_5/s32ds/s32ds/build_tools/gcc_v10.2/gcc-10.2-arm32-eabi/bin/../lib/gcc/arm-none-eabi/10.2.0/thumb/v7e-m/nofp/crtend.o
 .bss           0x00000000        0x0 d:/s32ds_3_5/s32ds/s32ds/build_tools/gcc_v10.2/gcc-10.2-arm32-eabi/bin/../lib/gcc/arm-none-eabi/10.2.0/thumb/v7e-m/nofp/crtend.o
 .eh_frame      0x00000000        0x4 d:/s32ds_3_5/s32ds/s32ds/build_tools/gcc_v10.2/gcc-10.2-arm32-eabi/bin/../lib/gcc/arm-none-eabi/10.2.0/thumb/v7e-m/nofp/crtend.o
 .text          0x00000000        0x0 d:/s32ds_3_5/s32ds/s32ds/build_tools/gcc_v10.2/gcc-10.2-arm32-eabi/bin/../lib/gcc/arm-none-eabi/10.2.0/thumb/v7e-m/nofp/crtn.o
 .data          0x00000000        0x0 d:/s32ds_3_5/s32ds/s32ds/build_tools/gcc_v10.2/gcc-10.2-arm32-eabi/bin/../lib/gcc/arm-none-eabi/10.2.0/thumb/v7e-m/nofp/crtn.o
 .bss           0x00000000        0x0 d:/s32ds_3_5/s32ds/s32ds/build_tools/gcc_v10.2/gcc-10.2-arm32-eabi/bin/../lib/gcc/arm-none-eabi/10.2.0/thumb/v7e-m/nofp/crtn.o

Memory Configuration

Name             Origin             Length             Attributes
m_interrupts     0x00000000         0x00000400         xr
m_flash_config   0x00000400         0x00000010         xr
m_text           0x00000410         0x0007fbf0         xr
m_data           0x1fff8000         0x00008000         rw
m_data_2         0x20000000         0x00007000         rw
*default*        0x00000000         0xffffffff

Linker script and memory map

LOAD d:/s32ds_3_5/s32ds/s32ds/build_tools/gcc_v10.2/gcc-10.2-arm32-eabi/bin/../lib/gcc/arm-none-eabi/10.2.0/thumb/v7e-m/nofp/crti.o
LOAD d:/s32ds_3_5/s32ds/s32ds/build_tools/gcc_v10.2/gcc-10.2-arm32-eabi/bin/../lib/gcc/arm-none-eabi/10.2.0/thumb/v7e-m/nofp/crtbegin.o
LOAD d:/s32ds_3_5/s32ds/s32ds/build_tools/gcc_v10.2/gcc-10.2-arm32-eabi/bin/../lib/gcc/arm-none-eabi/10.2.0/../../../../arm-none-eabi/lib/thumb/v7e-m/nofp/crt0.o
LOAD ./Project_Settings/Startup_Code/startup.o
LOAD ./Project_Settings/Startup_Code/startup_S32K144.o
LOAD ./Project_Settings/Startup_Code/system_S32K144.o
LOAD ./src/board/clock_config.o
LOAD ./src/board/pin_config.o
LOAD ./src/board/systick_config.o
LOAD ./src/drivers/clock.o
LOAD ./src/drivers/gpio.o
LOAD ./src/led_control/src/led_control.o
LOAD ./src/main.o
START GROUP
LOAD d:/s32ds_3_5/s32ds/s32ds/build_tools/gcc_v10.2/gcc-10.2-arm32-eabi/bin/../lib/gcc/arm-none-eabi/10.2.0/thumb/v7e-m/nofp\libgcc.a
LOAD d:/s32ds_3_5/s32ds/s32ds/build_tools/gcc_v10.2/gcc-10.2-arm32-eabi/bin/../lib/gcc/arm-none-eabi/10.2.0/../../../../arm-none-eabi/lib/thumb/v7e-m/nofp\libc.a
END GROUP
START GROUP
LOAD d:/s32ds_3_5/s32ds/s32ds/build_tools/gcc_v10.2/gcc-10.2-arm32-eabi/bin/../lib/gcc/arm-none-eabi/10.2.0/thumb/v7e-m/nofp\libgcc.a
LOAD d:/s32ds_3_5/s32ds/s32ds/build_tools/gcc_v10.2/gcc-10.2-arm32-eabi/bin/../lib/gcc/arm-none-eabi/10.2.0/../../../../arm-none-eabi/lib/thumb/v7e-m/nofp\libc.a
LOAD d:/s32ds_3_5/s32ds/s32ds/build_tools/gcc_v10.2/gcc-10.2-arm32-eabi/bin/../lib/gcc/arm-none-eabi/10.2.0/../../../../arm-none-eabi/lib/thumb/v7e-m/nofp\libnosys.a
END GROUP
LOAD d:/s32ds_3_5/s32ds/s32ds/build_tools/gcc_v10.2/gcc-10.2-arm32-eabi/bin/../lib/gcc/arm-none-eabi/10.2.0/thumb/v7e-m/nofp/crtend.o
LOAD d:/s32ds_3_5/s32ds/s32ds/build_tools/gcc_v10.2/gcc-10.2-arm32-eabi/bin/../lib/gcc/arm-none-eabi/10.2.0/thumb/v7e-m/nofp/crtn.o
                0x00000400                HEAP_SIZE = DEFINED (__heap_size__)?__heap_size__:0x400
                0x00000400                STACK_SIZE = DEFINED (__stack_size__)?__stack_size__:0x400
                0x00000400                M_VECTOR_RAM_SIZE = DEFINED (__flash_vector_table__)?0x0:0x400

.interrupts     0x00000000      0x400
                0x00000000                __VECTOR_TABLE = .
                0x00000000                __interrupts_start__ = .
                0x00000000                . = ALIGN (0x4)
 *(.isr_vector)
 .isr_vector    0x00000000      0x400 ./Project_Settings/Startup_Code/startup_S32K144.o
                0x00000000                __isr_vector
                0x00000400                __interrupts_end__ = .
                0x00000400                . = ALIGN (0x4)

.flash_config   0x00000400       0x10
                0x00000400                . = ALIGN (0x4)
 *(.FlashConfig)
 .FlashConfig   0x00000400       0x10 ./Project_Settings/Startup_Code/startup_S32K144.o
                0x00000410                . = ALIGN (0x4)

.text           0x00000410      0x90c
                0x00000410                . = ALIGN (0x4)
 *(.text)
 .text          0x00000410       0x88 d:/s32ds_3_5/s32ds/s32ds/build_tools/gcc_v10.2/gcc-10.2-arm32-eabi/bin/../lib/gcc/arm-none-eabi/10.2.0/thumb/v7e-m/nofp/crtbegin.o
 .text          0x00000498       0x7c d:/s32ds_3_5/s32ds/s32ds/build_tools/gcc_v10.2/gcc-10.2-arm32-eabi/bin/../lib/gcc/arm-none-eabi/10.2.0/../../../../arm-none-eabi/lib/thumb/v7e-m/nofp/crt0.o
                0x00000498                _stack_init
                0x000004a0                _start
                0x000004a0                _mainCRTStartup
 .text          0x00000514       0x6c ./Project_Settings/Startup_Code/startup_S32K144.o
                0x00000514                Reset_Handler
                0x0000057c                DebugMon_Handler
                0x0000057c                Reserved88_IRQHandler
                0x0000057c                CAN0_ORed_IRQHandler
                0x0000057c                HardFault_Handler
                0x0000057c                Reserved86_IRQHandler
                0x0000057c                Reserved103_IRQHandler
                0x0000057c                FTM2_Ovf_Reload_IRQHandler
                0x0000057c                Reserved50_IRQHandler
                0x0000057c                FTFC_Fault_IRQHandler
                0x0000057c                FTM0_Ch6_Ch7_IRQHandler
                0x0000057c                Reserved114_IRQHandler
                0x0000057c                PendSV_Handler
                0x0000057c                NMI_Handler
                0x0000057c                Reserved89_IRQHandler
                0x0000057c                ERM_double_fault_IRQHandler
                0x0000057c                DMA2_IRQHandler
                0x0000057c                Reserved59_IRQHandler
                0x0000057c                LPIT0_Ch0_IRQHandler
                0x0000057c                Reserved99_IRQHandler
                0x0000057c                FTM3_Ch6_Ch7_IRQHandler
                0x0000057c                CAN2_ORed_0_15_MB_IRQHandler
                0x0000057c                LPIT0_Ch3_IRQHandler
                0x0000057c                Reserved92_IRQHandler
                0x0000057c                FTM0_Ch4_Ch5_IRQHandler
                0x0000057c                CAN1_Error_IRQHandler
                0x0000057c                FTM3_Ch0_Ch1_IRQHandler
                0x0000057c                SWI_IRQHandler
                0x0000057c                ADC0_IRQHandler
                0x0000057c                FTM2_Ch4_Ch5_IRQHandler
                0x0000057c                UsageFault_Handler
                0x0000057c                FTM0_Ovf_Reload_IRQHandler
                0x0000057c                DefaultISR
                0x0000057c                DMA9_IRQHandler
                0x0000057c                Reserved58_IRQHandler
                0x0000057c                CAN1_ORed_0_15_MB_IRQHandler
                0x0000057c                FTM1_Ch2_Ch3_IRQHandler
                0x0000057c                DMA14_IRQHandler
                0x0000057c                Reserved82_IRQHandler
                0x0000057c                CAN0_ORed_16_31_MB_IRQHandler
                0x0000057c                LPI2C0_Slave_IRQHandler
                0x0000057c                Reserved71_IRQHandler
                0x0000057c                PORTD_IRQHandler
                0x0000057c                Reserved69_IRQHandler
                0x0000057c                PORTB_IRQHandler
                0x0000057c                Reserved70_IRQHandler
                0x0000057c                ADC1_IRQHandler
                0x0000057c                FTM2_Ch2_Ch3_IRQHandler
                0x0000057c                Reserved53_IRQHandler
                0x0000057c                DMA5_IRQHandler
                0x0000057c                RTC_IRQHandler
                0x0000057c                PDB0_IRQHandler
                0x0000057c                Reserved54_IRQHandler
                0x0000057c                FTM2_Ch6_Ch7_IRQHandler
                0x0000057c                FTM3_Ch2_Ch3_IRQHandler
                0x0000057c                FTM2_Ch0_Ch1_IRQHandler
                0x0000057c                LPSPI1_IRQHandler
                0x0000057c                LPUART1_RxTx_IRQHandler
                0x0000057c                RTC_Seconds_IRQHandler
                0x0000057c                CAN2_ORed_IRQHandler
                0x0000057c                Reserved72_IRQHandler
                0x0000057c                Reserved110_IRQHandler
                0x0000057c                DMA11_IRQHandler
                0x0000057c                Reserved107_IRQHandler
                0x0000057c                Read_Collision_IRQHandler
                0x0000057c                CAN2_Error_IRQHandler
                0x0000057c                FTFC_IRQHandler
                0x0000057c                DMA7_IRQHandler
                0x0000057c                FTM1_Ch6_Ch7_IRQHandler
                0x0000057c                Reserved105_IRQHandler
                0x0000057c                LPIT0_Ch1_IRQHandler
                0x0000057c                FTM1_Ch4_Ch5_IRQHandler
                0x0000057c                FTM3_Ovf_Reload_IRQHandler
                0x0000057c                LPUART2_RxTx_IRQHandler
                0x0000057c                LPSPI0_IRQHandler
                0x0000057c                WDOG_EWM_IRQHandler
                0x0000057c                MemManage_Handler
                0x0000057c                Reserved90_IRQHandler
                0x0000057c                Reserved83_IRQHandler
                0x0000057c                FTM0_Fault_IRQHandler
                0x0000057c                Reserved48_IRQHandler
                0x0000057c                SVC_Handler
                0x0000057c                ERM_single_fault_IRQHandler
                0x0000057c                FTM2_Fault_IRQHandler
                0x0000057c                FTM0_Ch2_Ch3_IRQHandler
                0x0000057c                DMA13_IRQHandler
                0x0000057c                FTM0_Ch0_Ch1_IRQHandler
                0x0000057c                FTM3_Fault_IRQHandler
                0x0000057c                RCM_IRQHandler
                0x0000057c                DMA3_IRQHandler
                0x0000057c                Reserved100_IRQHandler
                0x0000057c                DMA0_IRQHandler
                0x0000057c                Reserved91_IRQHandler
                0x0000057c                CAN1_ORed_IRQHandler
                0x0000057c                DMA15_IRQHandler
                0x0000057c                SCG_IRQHandler
                0x0000057c                PDB1_IRQHandler
                0x0000057c                Reserved81_IRQHandler
                0x0000057c                Reserved46_IRQHandler
                0x0000057c                Reserved45_IRQHandler
                0x0000057c                CAN0_Error_IRQHandler
                0x0000057c                Reserved112_IRQHandler
                0x0000057c                LPI2C0_Master_IRQHandler
                0x0000057c                DMA4_IRQHandler
                0x0000057c                FTM1_Fault_IRQHandler
                0x0000057c                Reserved106_IRQHandler
                0x0000057c                DMA_Error_IRQHandler
                0x0000057c                LVD_LVW_IRQHandler
                0x0000057c                LPIT0_Ch2_IRQHandler
                0x0000057c                PORTA_IRQHandler
                0x0000057c                MCM_IRQHandler
                0x0000057c                LPSPI2_IRQHandler
                0x0000057c                DMA12_IRQHandler
                0x0000057c                FTM3_Ch4_Ch5_IRQHandler
                0x0000057c                CAN0_ORed_0_15_MB_IRQHandler
                0x0000057c                PORTE_IRQHandler
                0x0000057c                LPUART0_RxTx_IRQHandler
                0x0000057c                LPTMR0_IRQHandler
                0x0000057c                BusFault_Handler
                0x0000057c                Reserved87_IRQHandler
                0x0000057c                FTM1_Ovf_Reload_IRQHandler
                0x0000057c                DMA8_IRQHandler
                0x0000057c                Reserved93_IRQHandler
                0x0000057c                DMA10_IRQHandler
                0x0000057c                CAN0_Wake_Up_IRQHandler
                0x0000057c                CMP0_IRQHandler
                0x0000057c                Reserved52_IRQHandler
                0x0000057c                PORTC_IRQHandler
                0x0000057c                DMA6_IRQHandler
                0x0000057c                FTM1_Ch0_Ch1_IRQHandler
                0x0000057c                FLEXIO_IRQHandler
                0x0000057c                DMA1_IRQHandler
                0x0000057c                Reserved113_IRQHandler
 *(.text*)
 .text.init_data_bss
                0x00000580      0x128 ./Project_Settings/Startup_Code/startup.o
                0x00000580                init_data_bss
 .text.SystemInit
                0x000006a8       0x30 ./Project_Settings/Startup_Code/system_S32K144.o
                0x000006a8                SystemInit
 .text.BOARD_InitClock
                0x000006d8       0x1c ./src/board/clock_config.o
                0x000006d8                BOARD_InitClock
 .text.PORT_Config
                0x000006f4       0x6c ./src/board/pin_config.o
 .text.GPIO_Write
                0x00000760       0x48 ./src/board/pin_config.o
 .text.CLOCK_EnableClock
                0x000007a8       0x2c ./src/board/pin_config.o
 .text.BOARD_InitPins
                0x000007d4       0x80 ./src/board/pin_config.o
                0x000007d4                BOARD_InitPins
 .text.BOARD_WritePin
                0x00000854       0x30 ./src/board/pin_config.o
                0x00000854                BOARD_WritePin
 .text.SysTick_Handler
                0x00000884       0x28 ./src/board/systick_config.o
                0x00000884                SysTick_Handler
 .text.Systick_regis_handler
                0x000008ac       0x2c ./src/board/systick_config.o
                0x000008ac                Systick_regis_handler
 .text.CLOCK_InitFIRC
                0x000008d8       0x34 ./src/drivers/clock.o
                0x000008d8                CLOCK_InitFIRC
 .text.CLOCK_InitSIRC
                0x0000090c       0x34 ./src/drivers/clock.o
                0x0000090c                CLOCK_InitSIRC
 .text.GPIO_Write
                0x00000940       0x48 ./src/drivers/gpio.o
 .text.GPIO_Config
                0x00000988       0x3e ./src/drivers/gpio.o
                0x00000988                GPIO_Config
 *fill*         0x000009c6        0x2 
 .text.SYSTICK_Config
                0x000009c8       0x5c ./src/led_control/src/led_control.o
 .text.Led_control_init
                0x00000a24       0x2e ./src/led_control/src/led_control.o
                0x00000a24                Led_control_init
 *fill*         0x00000a52        0x2 
 .text.Led_control_run
                0x00000a54       0x44 ./src/led_control/src/led_control.o
                0x00000a54                Led_control_run
 .text.Led_control_handle
                0x00000a98       0x78 ./src/led_control/src/led_control.o
                0x00000a98                Led_control_handle
 .text.main     0x00000b10       0x1a ./src/main.o
                0x00000b10                main
 *fill*         0x00000b2a        0x2 
 .text.exit     0x00000b2c       0x20 d:/s32ds_3_5/s32ds/s32ds/build_tools/gcc_v10.2/gcc-10.2-arm32-eabi/bin/../lib/gcc/arm-none-eabi/10.2.0/../../../../arm-none-eabi/lib/thumb/v7e-m/nofp\libc.a(lib_a-exit.o)
                0x00000b2c                exit
 .text.__libc_init_array
                0x00000b4c       0x48 d:/s32ds_3_5/s32ds/s32ds/build_tools/gcc_v10.2/gcc-10.2-arm32-eabi/bin/../lib/gcc/arm-none-eabi/10.2.0/../../../../arm-none-eabi/lib/thumb/v7e-m/nofp\libc.a(lib_a-init.o)
                0x00000b4c                __libc_init_array
 .text.memset   0x00000b94       0x10 d:/s32ds_3_5/s32ds/s32ds/build_tools/gcc_v10.2/gcc-10.2-arm32-eabi/bin/../lib/gcc/arm-none-eabi/10.2.0/../../../../arm-none-eabi/lib/thumb/v7e-m/nofp\libc.a(lib_a-memset.o)
                0x00000b94                memset
 .text.startup.register_fini
                0x00000ba4       0x14 d:/s32ds_3_5/s32ds/s32ds/build_tools/gcc_v10.2/gcc-10.2-arm32-eabi/bin/../lib/gcc/arm-none-eabi/10.2.0/../../../../arm-none-eabi/lib/thumb/v7e-m/nofp\libc.a(lib_a-__call_atexit.o)
 .text.__call_exitprocs
                0x00000bb8       0xa4 d:/s32ds_3_5/s32ds/s32ds/build_tools/gcc_v10.2/gcc-10.2-arm32-eabi/bin/../lib/gcc/arm-none-eabi/10.2.0/../../../../arm-none-eabi/lib/thumb/v7e-m/nofp\libc.a(lib_a-__call_atexit.o)
                0x00000bb8                __call_exitprocs
 .text.__libc_fini_array
                0x00000c5c       0x28 d:/s32ds_3_5/s32ds/s32ds/build_tools/gcc_v10.2/gcc-10.2-arm32-eabi/bin/../lib/gcc/arm-none-eabi/10.2.0/../../../../arm-none-eabi/lib/thumb/v7e-m/nofp\libc.a(lib_a-fini.o)
                0x00000c5c                __libc_fini_array
 .text.atexit   0x00000c84        0xc d:/s32ds_3_5/s32ds/s32ds/build_tools/gcc_v10.2/gcc-10.2-arm32-eabi/bin/../lib/gcc/arm-none-eabi/10.2.0/../../../../arm-none-eabi/lib/thumb/v7e-m/nofp\libc.a(lib_a-atexit.o)
                0x00000c84                atexit
 .text.__register_exitproc
                0x00000c90       0x64 d:/s32ds_3_5/s32ds/s32ds/build_tools/gcc_v10.2/gcc-10.2-arm32-eabi/bin/../lib/gcc/arm-none-eabi/10.2.0/../../../../arm-none-eabi/lib/thumb/v7e-m/nofp\libc.a(lib_a-__atexit.o)
                0x00000c90                __register_exitproc
 .text._exit    0x00000cf4        0x2 d:/s32ds_3_5/s32ds/s32ds/build_tools/gcc_v10.2/gcc-10.2-arm32-eabi/bin/../lib/gcc/arm-none-eabi/10.2.0/../../../../arm-none-eabi/lib/thumb/v7e-m/nofp\libnosys.a(_exit.o)
                0x00000cf4                _exit
 *(.rodata)
 *(.rodata*)
 *fill*         0x00000cf6        0x2 
 .rodata.firc_config
                0x00000cf8        0x4 ./src/board/clock_config.o
                0x00000cf8                firc_config
 .rodata.sirc_config
                0x00000cfc        0x4 ./src/board/clock_config.o
                0x00000cfc                sirc_config
 .rodata._global_impure_ptr
                0x00000d00        0x4 d:/s32ds_3_5/s32ds/s32ds/build_tools/gcc_v10.2/gcc-10.2-arm32-eabi/bin/../lib/gcc/arm-none-eabi/10.2.0/../../../../arm-none-eabi/lib/thumb/v7e-m/nofp\libc.a(lib_a-impure.o)
                0x00000d00                _global_impure_ptr
 *(.glue_7)
 .glue_7        0x00000d04        0x0 linker stubs
 *(.glue_7t)
 .glue_7t       0x00000d04        0x0 linker stubs
 *(.eh_frame)
 .eh_frame      0x00000d04        0x0 d:/s32ds_3_5/s32ds/s32ds/build_tools/gcc_v10.2/gcc-10.2-arm32-eabi/bin/../lib/gcc/arm-none-eabi/10.2.0/thumb/v7e-m/nofp/crtbegin.o
 *(.init)
 .init          0x00000d04        0x4 d:/s32ds_3_5/s32ds/s32ds/build_tools/gcc_v10.2/gcc-10.2-arm32-eabi/bin/../lib/gcc/arm-none-eabi/10.2.0/thumb/v7e-m/nofp/crti.o
                0x00000d04                _init
 .init          0x00000d08        0x8 d:/s32ds_3_5/s32ds/s32ds/build_tools/gcc_v10.2/gcc-10.2-arm32-eabi/bin/../lib/gcc/arm-none-eabi/10.2.0/thumb/v7e-m/nofp/crtn.o
 *(.fini)
 .fini          0x00000d10        0x4 d:/s32ds_3_5/s32ds/s32ds/build_tools/gcc_v10.2/gcc-10.2-arm32-eabi/bin/../lib/gcc/arm-none-eabi/10.2.0/thumb/v7e-m/nofp/crti.o
                0x00000d10                _fini
 .fini          0x00000d14        0x8 d:/s32ds_3_5/s32ds/s32ds/build_tools/gcc_v10.2/gcc-10.2-arm32-eabi/bin/../lib/gcc/arm-none-eabi/10.2.0/thumb/v7e-m/nofp/crtn.o
                0x00000d1c                . = ALIGN (0x4)

.vfp11_veneer   0x00000d1c        0x0
 .vfp11_veneer  0x00000d1c        0x0 linker stubs

.v4_bx          0x00000d1c        0x0
 .v4_bx         0x00000d1c        0x0 linker stubs

.iplt           0x00000d1c        0x0
 .iplt          0x00000d1c        0x0 d:/s32ds_3_5/s32ds/s32ds/build_tools/gcc_v10.2/gcc-10.2-arm32-eabi/bin/../lib/gcc/arm-none-eabi/10.2.0/thumb/v7e-m/nofp/crtbegin.o

.ARM.extab
 *(.ARM.extab* .gnu.linkonce.armextab.*)

.ARM            0x00000d1c        0x8
                0x00000d1c                __exidx_start = .
 *(.ARM.exidx*)
 .ARM.exidx     0x00000d1c        0x8 d:/s32ds_3_5/s32ds/s32ds/build_tools/gcc_v10.2/gcc-10.2-arm32-eabi/bin/../lib/gcc/arm-none-eabi/10.2.0/../../../../arm-none-eabi/lib/thumb/v7e-m/nofp/crt0.o
                                 0x10 (size before relaxing)
                0x00000d24                __exidx_end = .

.rel.dyn        0x00000d24        0x0
 .rel.iplt      0x00000d24        0x0 d:/s32ds_3_5/s32ds/s32ds/build_tools/gcc_v10.2/gcc-10.2-arm32-eabi/bin/../lib/gcc/arm-none-eabi/10.2.0/thumb/v7e-m/nofp/crtbegin.o

.ctors          0x00000d24        0x0
                0x00000d24                __CTOR_LIST__ = .
 *crtbegin.o(.ctors)
 *crtbegin?.o(.ctors)
 *(EXCLUDE_FILE(*crtend.o *crtend?.o) .ctors)
 *(SORT_BY_NAME(.ctors.*))
 *(.ctors)
                0x00000d24                __CTOR_END__ = .

.dtors          0x00000d24        0x0
                0x00000d24                __DTOR_LIST__ = .
 *crtbegin.o(.dtors)
 *crtbegin?.o(.dtors)
 *(EXCLUDE_FILE(*crtend.o *crtend?.o) .dtors)
 *(SORT_BY_NAME(.dtors.*))
 *(.dtors)
                0x00000d24                __DTOR_END__ = .

.preinit_array  0x00000d24        0x0
                0x00000d24                PROVIDE (__preinit_array_start = .)
 *(.preinit_array*)
                0x00000d24                PROVIDE (__preinit_array_end = .)

.init_array     0x00000d24        0x8
                0x00000d24                PROVIDE (__init_array_start = .)
 *(SORT_BY_NAME(.init_array.*))
 .init_array.00000
                0x00000d24        0x4 d:/s32ds_3_5/s32ds/s32ds/build_tools/gcc_v10.2/gcc-10.2-arm32-eabi/bin/../lib/gcc/arm-none-eabi/10.2.0/../../../../arm-none-eabi/lib/thumb/v7e-m/nofp\libc.a(lib_a-__call_atexit.o)
 *(.init_array*)
 .init_array    0x00000d28        0x4 d:/s32ds_3_5/s32ds/s32ds/build_tools/gcc_v10.2/gcc-10.2-arm32-eabi/bin/../lib/gcc/arm-none-eabi/10.2.0/thumb/v7e-m/nofp/crtbegin.o
                0x00000d2c                PROVIDE (__init_array_end = .)

.fini_array     0x00000d2c        0x4
                0x00000d2c                PROVIDE (__fini_array_start = .)
 *(SORT_BY_NAME(.fini_array.*))
 *(.fini_array*)
 .fini_array    0x00000d2c        0x4 d:/s32ds_3_5/s32ds/s32ds/build_tools/gcc_v10.2/gcc-10.2-arm32-eabi/bin/../lib/gcc/arm-none-eabi/10.2.0/thumb/v7e-m/nofp/crtbegin.o
                0x00000d30                PROVIDE (__fini_array_end = .)
                0x00000d30                __etext = .
                0x00000d30                __DATA_ROM = .

.interrupts_ram
                0x1fff8000      0x400
                0x1fff8000                . = ALIGN (0x4)
                0x1fff8000                __VECTOR_RAM__ = .
                0x1fff8000                __RAM_START = .
                0x1fff8000                __interrupts_ram_start__ = .
 *(.m_interrupts_ram)
                0x1fff8400                . = (. + M_VECTOR_RAM_SIZE)
 *fill*         0x1fff8000      0x400 
                0x1fff8400                . = ALIGN (0x4)
                0x1fff8400                __interrupts_ram_end__ = .
                0x1fff8000                __VECTOR_RAM = DEFINED (__flash_vector_table__)?ORIGIN (m_interrupts):__VECTOR_RAM__
                0x00000400                __RAM_VECTOR_TABLE_SIZE = DEFINED (__flash_vector_table__)?0x0:(__interrupts_ram_end__ - __interrupts_ram_start__)

.data           0x1fff8400      0x418 load address 0x00000d30
                0x1fff8400                . = ALIGN (0x4)
                0x1fff8400                __DATA_RAM = .
                0x1fff8400                __data_start__ = .
 *(.data)
 *(.data*)
 .data.impure_data
                0x1fff8400      0x418 d:/s32ds_3_5/s32ds/s32ds/build_tools/gcc_v10.2/gcc-10.2-arm32-eabi/bin/../lib/gcc/arm-none-eabi/10.2.0/../../../../arm-none-eabi/lib/thumb/v7e-m/nofp\libc.a(lib_a-impure.o)
 *(.jcr*)
                0x1fff8818                . = ALIGN (0x4)
                0x1fff8818                __data_end__ = .
                0x00001148                __DATA_END = (__DATA_ROM + (__data_end__ - __data_start__))
                0x00001148                __CODE_ROM = __DATA_END

.tm_clone_table
                0x1fff8818        0x0 load address 0x00001148
 .tm_clone_table
                0x1fff8818        0x0 d:/s32ds_3_5/s32ds/s32ds/build_tools/gcc_v10.2/gcc-10.2-arm32-eabi/bin/../lib/gcc/arm-none-eabi/10.2.0/thumb/v7e-m/nofp/crtbegin.o
 .tm_clone_table
                0x1fff8818        0x0 d:/s32ds_3_5/s32ds/s32ds/build_tools/gcc_v10.2/gcc-10.2-arm32-eabi/bin/../lib/gcc/arm-none-eabi/10.2.0/thumb/v7e-m/nofp/crtend.o

.igot.plt       0x1fff8818        0x0 load address 0x00001148
 .igot.plt      0x1fff8818        0x0 d:/s32ds_3_5/s32ds/s32ds/build_tools/gcc_v10.2/gcc-10.2-arm32-eabi/bin/../lib/gcc/arm-none-eabi/10.2.0/thumb/v7e-m/nofp/crtbegin.o

.code           0x1fff8818        0x0 load address 0x00001148
                0x1fff8818                . = ALIGN (0x4)
                0x1fff8818                __CODE_RAM = .
                0x1fff8818                __code_start__ = .
                0x1fff8818                __code_ram_start__ = .
 *(.code_ram)
                0x1fff8818                . = ALIGN (0x4)
                0x1fff8818                __code_end__ = .
                0x1fff8818                __code_ram_end__ = .
                0x00001148                __CODE_END = (__CODE_ROM + (__code_end__ - __code_start__))
                0x00001148                __CUSTOM_ROM = __CODE_END

.customSectionBlock
                0x20000000        0x0 load address 0x00001148
                0x20000000                __customSection_start__ = .
 *(.customSection)
                0x20000000                __customSection_end__ = .
                0x00001148                __CUSTOM_END = (__CUSTOM_ROM + (__customSection_end__ - __customSection_start__))

.bss            0x20000000       0x24
                0x20000000                . = ALIGN (0x4)
                0x20000000                __BSS_START = .
                0x20000000                __bss_start__ = .
 *(.bss)
 .bss           0x20000000       0x1c d:/s32ds_3_5/s32ds/s32ds/build_tools/gcc_v10.2/gcc-10.2-arm32-eabi/bin/../lib/gcc/arm-none-eabi/10.2.0/thumb/v7e-m/nofp/crtbegin.o
 *(.bss*)
 .bss.g_callback_func
                0x2000001c        0x4 ./src/board/systick_config.o
                0x2000001c                g_callback_func
 .bss.g_counter_pwm
                0x20000020        0x1 ./src/board/systick_config.o
                0x20000020                g_counter_pwm
 .bss.g_red     0x20000021        0x1 ./src/led_control/src/led_control.o
                0x20000021                g_red
 .bss.g_green   0x20000022        0x1 ./src/led_control/src/led_control.o
                0x20000022                g_green
 .bss.g_blue    0x20000023        0x1 ./src/led_control/src/led_control.o
                0x20000023                g_blue
 *(COMMON)
                0x20000024                . = ALIGN (0x4)
                0x20000024                __bss_end__ = .
                0x20000024                __BSS_END = .

.heap           0x20000024      0x404
                0x20000028                . = ALIGN (0x8)
 *fill*         0x20000024        0x4 
                0x20000028                __end__ = .
                0x20000028                __heap_start__ = .
                [!provide]                PROVIDE (end = .)
                [!provide]                PROVIDE (_end = .)
                [!provide]                PROVIDE (__end = .)
                0x20000028                __HeapBase = .
                0x20000428                . = (. + HEAP_SIZE)
 *fill*         0x20000028      0x400 
                0x20000428                __HeapLimit = .
                0x20000428                __heap_limit = .
                0x20000428                __heap_end__ = .
                0x20007000                __StackTop = (ORIGIN (m_data_2) + LENGTH (m_data_2))
                0x20006c00                __StackLimit = (__StackTop - STACK_SIZE)
                0x20007000                PROVIDE (__stack = __StackTop)
                0x20007000                __RAM_END = __StackTop

.stack          0x20006c00      0x400
                0x20006c00                . = ALIGN (0x8)
                0x20006c00                __stack_start__ = .
                0x20007000                . = (. + STACK_SIZE)
 *fill*         0x20006c00      0x400 
                0x20007000                __stack_end__ = .
                0x20000000                __START_BSS = __BSS_START
                0x20000024                __END_BSS = __BSS_END
                0x20007000                __SP_INIT = __StackTop

.ARM.attributes
                0x00000000       0x2a
 *(.ARM.attributes)
 .ARM.attributes
                0x00000000       0x1e d:/s32ds_3_5/s32ds/s32ds/build_tools/gcc_v10.2/gcc-10.2-arm32-eabi/bin/../lib/gcc/arm-none-eabi/10.2.0/thumb/v7e-m/nofp/crti.o
 .ARM.attributes
                0x0000001e       0x2e d:/s32ds_3_5/s32ds/s32ds/build_tools/gcc_v10.2/gcc-10.2-arm32-eabi/bin/../lib/gcc/arm-none-eabi/10.2.0/thumb/v7e-m/nofp/crtbegin.o
 .ARM.attributes
                0x0000004c       0x1c d:/s32ds_3_5/s32ds/s32ds/build_tools/gcc_v10.2/gcc-10.2-arm32-eabi/bin/../lib/gcc/arm-none-eabi/10.2.0/../../../../arm-none-eabi/lib/thumb/v7e-m/nofp/crt0.o
 .ARM.attributes
                0x00000068       0x2e ./Project_Settings/Startup_Code/startup.o
 .ARM.attributes
                0x00000096       0x1b ./Project_Settings/Startup_Code/startup_S32K144.o
 .ARM.attributes
                0x000000b1       0x2e ./Project_Settings/Startup_Code/system_S32K144.o
 .ARM.attributes
                0x000000df       0x2e ./src/board/clock_config.o
 .ARM.attributes
                0x0000010d       0x2e ./src/board/pin_config.o
 .ARM.attributes
                0x0000013b       0x2e ./src/board/systick_config.o
 .ARM.attributes
                0x00000169       0x2e ./src/drivers/clock.o
 .ARM.attributes
                0x00000197       0x2e ./src/drivers/gpio.o
 .ARM.attributes
                0x000001c5       0x2e ./src/led_control/src/led_control.o
 .ARM.attributes
                0x000001f3       0x2e ./src/main.o
 .ARM.attributes
                0x00000221       0x2e d:/s32ds_3_5/s32ds/s32ds/build_tools/gcc_v10.2/gcc-10.2-arm32-eabi/bin/../lib/gcc/arm-none-eabi/10.2.0/../../../../arm-none-eabi/lib/thumb/v7e-m/nofp\libc.a(lib_a-exit.o)
 .ARM.attributes
                0x0000024f       0x2e d:/s32ds_3_5/s32ds/s32ds/build_tools/gcc_v10.2/gcc-10.2-arm32-eabi/bin/../lib/gcc/arm-none-eabi/10.2.0/../../../../arm-none-eabi/lib/thumb/v7e-m/nofp\libc.a(lib_a-impure.o)
 .ARM.attributes
                0x0000027d       0x2e d:/s32ds_3_5/s32ds/s32ds/build_tools/gcc_v10.2/gcc-10.2-arm32-eabi/bin/../lib/gcc/arm-none-eabi/10.2.0/../../../../arm-none-eabi/lib/thumb/v7e-m/nofp\libc.a(lib_a-init.o)
 .ARM.attributes
                0x000002ab       0x2e d:/s32ds_3_5/s32ds/s32ds/build_tools/gcc_v10.2/gcc-10.2-arm32-eabi/bin/../lib/gcc/arm-none-eabi/10.2.0/../../../../arm-none-eabi/lib/thumb/v7e-m/nofp\libc.a(lib_a-memset.o)
 .ARM.attributes
                0x000002d9       0x2e d:/s32ds_3_5/s32ds/s32ds/build_tools/gcc_v10.2/gcc-10.2-arm32-eabi/bin/../lib/gcc/arm-none-eabi/10.2.0/../../../../arm-none-eabi/lib/thumb/v7e-m/nofp\libc.a(lib_a-__call_atexit.o)
 .ARM.attributes
                0x00000307       0x2e d:/s32ds_3_5/s32ds/s32ds/build_tools/gcc_v10.2/gcc-10.2-arm32-eabi/bin/../lib/gcc/arm-none-eabi/10.2.0/../../../../arm-none-eabi/lib/thumb/v7e-m/nofp\libc.a(lib_a-fini.o)
 .ARM.attributes
                0x00000335       0x2e d:/s32ds_3_5/s32ds/s32ds/build_tools/gcc_v10.2/gcc-10.2-arm32-eabi/bin/../lib/gcc/arm-none-eabi/10.2.0/../../../../arm-none-eabi/lib/thumb/v7e-m/nofp\libc.a(lib_a-atexit.o)
 .ARM.attributes
                0x00000363       0x2e d:/s32ds_3_5/s32ds/s32ds/build_tools/gcc_v10.2/gcc-10.2-arm32-eabi/bin/../lib/gcc/arm-none-eabi/10.2.0/../../../../arm-none-eabi/lib/thumb/v7e-m/nofp\libc.a(lib_a-__atexit.o)
 .ARM.attributes
                0x00000391       0x2e d:/s32ds_3_5/s32ds/s32ds/build_tools/gcc_v10.2/gcc-10.2-arm32-eabi/bin/../lib/gcc/arm-none-eabi/10.2.0/../../../../arm-none-eabi/lib/thumb/v7e-m/nofp\libnosys.a(_exit.o)
 .ARM.attributes
                0x000003bf       0x2e d:/s32ds_3_5/s32ds/s32ds/build_tools/gcc_v10.2/gcc-10.2-arm32-eabi/bin/../lib/gcc/arm-none-eabi/10.2.0/thumb/v7e-m/nofp/crtend.o
 .ARM.attributes
                0x000003ed       0x1e d:/s32ds_3_5/s32ds/s32ds/build_tools/gcc_v10.2/gcc-10.2-arm32-eabi/bin/../lib/gcc/arm-none-eabi/10.2.0/thumb/v7e-m/nofp/crtn.o
                0x00000001                ASSERT ((__StackLimit >= __HeapLimit), region m_data_2 overflowed with stack and heap)
OUTPUT(Assignment_RGB_LedControl.elf elf32-littlearm)
LOAD linker stubs

.comment        0x00000000       0x88
 .comment       0x00000000       0x88 d:/s32ds_3_5/s32ds/s32ds/build_tools/gcc_v10.2/gcc-10.2-arm32-eabi/bin/../lib/gcc/arm-none-eabi/10.2.0/thumb/v7e-m/nofp/crtbegin.o
                                 0x89 (size before relaxing)
 .comment       0x00000088       0x89 ./Project_Settings/Startup_Code/startup.o
 .comment       0x00000088       0x89 ./Project_Settings/Startup_Code/system_S32K144.o
 .comment       0x00000088       0x89 ./src/board/clock_config.o
 .comment       0x00000088       0x89 ./src/board/pin_config.o
 .comment       0x00000088       0x89 ./src/board/systick_config.o
 .comment       0x00000088       0x89 ./src/drivers/clock.o
 .comment       0x00000088       0x89 ./src/drivers/gpio.o
 .comment       0x00000088       0x89 ./src/led_control/src/led_control.o
 .comment       0x00000088       0x89 ./src/main.o
 .comment       0x00000088       0x89 d:/s32ds_3_5/s32ds/s32ds/build_tools/gcc_v10.2/gcc-10.2-arm32-eabi/bin/../lib/gcc/arm-none-eabi/10.2.0/../../../../arm-none-eabi/lib/thumb/v7e-m/nofp\libc.a(lib_a-exit.o)
 .comment       0x00000088       0x89 d:/s32ds_3_5/s32ds/s32ds/build_tools/gcc_v10.2/gcc-10.2-arm32-eabi/bin/../lib/gcc/arm-none-eabi/10.2.0/../../../../arm-none-eabi/lib/thumb/v7e-m/nofp\libc.a(lib_a-impure.o)
 .comment       0x00000088       0x89 d:/s32ds_3_5/s32ds/s32ds/build_tools/gcc_v10.2/gcc-10.2-arm32-eabi/bin/../lib/gcc/arm-none-eabi/10.2.0/../../../../arm-none-eabi/lib/thumb/v7e-m/nofp\libc.a(lib_a-init.o)
 .comment       0x00000088       0x89 d:/s32ds_3_5/s32ds/s32ds/build_tools/gcc_v10.2/gcc-10.2-arm32-eabi/bin/../lib/gcc/arm-none-eabi/10.2.0/../../../../arm-none-eabi/lib/thumb/v7e-m/nofp\libc.a(lib_a-memset.o)
 .comment       0x00000088       0x89 d:/s32ds_3_5/s32ds/s32ds/build_tools/gcc_v10.2/gcc-10.2-arm32-eabi/bin/../lib/gcc/arm-none-eabi/10.2.0/../../../../arm-none-eabi/lib/thumb/v7e-m/nofp\libc.a(lib_a-__call_atexit.o)
 .comment       0x00000088       0x89 d:/s32ds_3_5/s32ds/s32ds/build_tools/gcc_v10.2/gcc-10.2-arm32-eabi/bin/../lib/gcc/arm-none-eabi/10.2.0/../../../../arm-none-eabi/lib/thumb/v7e-m/nofp\libc.a(lib_a-fini.o)
 .comment       0x00000088       0x89 d:/s32ds_3_5/s32ds/s32ds/build_tools/gcc_v10.2/gcc-10.2-arm32-eabi/bin/../lib/gcc/arm-none-eabi/10.2.0/../../../../arm-none-eabi/lib/thumb/v7e-m/nofp\libc.a(lib_a-atexit.o)
 .comment       0x00000088       0x89 d:/s32ds_3_5/s32ds/s32ds/build_tools/gcc_v10.2/gcc-10.2-arm32-eabi/bin/../lib/gcc/arm-none-eabi/10.2.0/../../../../arm-none-eabi/lib/thumb/v7e-m/nofp\libc.a(lib_a-__atexit.o)
 .comment       0x00000088       0x89 d:/s32ds_3_5/s32ds/s32ds/build_tools/gcc_v10.2/gcc-10.2-arm32-eabi/bin/../lib/gcc/arm-none-eabi/10.2.0/../../../../arm-none-eabi/lib/thumb/v7e-m/nofp\libnosys.a(_exit.o)
 .comment       0x00000088       0x89 d:/s32ds_3_5/s32ds/s32ds/build_tools/gcc_v10.2/gcc-10.2-arm32-eabi/bin/../lib/gcc/arm-none-eabi/10.2.0/thumb/v7e-m/nofp/crtend.o

.debug_line     0x00000000     0x2481
 .debug_line    0x00000000       0x93 d:/s32ds_3_5/s32ds/s32ds/build_tools/gcc_v10.2/gcc-10.2-arm32-eabi/bin/../lib/gcc/arm-none-eabi/10.2.0/../../../../arm-none-eabi/lib/thumb/v7e-m/nofp/crt0.o
 .debug_line    0x00000093      0x3a3 ./Project_Settings/Startup_Code/startup.o
 .debug_line    0x00000436       0x91 ./Project_Settings/Startup_Code/startup_S32K144.o
 .debug_line    0x000004c7      0x3d8 ./Project_Settings/Startup_Code/system_S32K144.o
 .debug_line    0x0000089f      0x30d ./src/board/clock_config.o
 .debug_line    0x00000bac      0x3bb ./src/board/pin_config.o
 .debug_line    0x00000f67      0x397 ./src/board/systick_config.o
 .debug_line    0x000012fe      0x2e0 ./src/drivers/clock.o
 .debug_line    0x000015de      0x2dd ./src/drivers/gpio.o
 .debug_line    0x000018bb      0x642 ./src/led_control/src/led_control.o
 .debug_line    0x00001efd      0x584 ./src/main.o

.debug_info     0x00000000     0x1a01
 .debug_info    0x00000000       0x26 d:/s32ds_3_5/s32ds/s32ds/build_tools/gcc_v10.2/gcc-10.2-arm32-eabi/bin/../lib/gcc/arm-none-eabi/10.2.0/../../../../arm-none-eabi/lib/thumb/v7e-m/nofp/crt0.o
 .debug_info    0x00000026      0x443 ./Project_Settings/Startup_Code/startup.o
 .debug_info    0x00000469       0x26 ./Project_Settings/Startup_Code/startup_S32K144.o
 .debug_info    0x0000048f      0x567 ./Project_Settings/Startup_Code/system_S32K144.o
 .debug_info    0x000009f6      0x13e ./src/board/clock_config.o
 .debug_info    0x00000b34      0x434 ./src/board/pin_config.o
 .debug_info    0x00000f68      0x10f ./src/board/systick_config.o
 .debug_info    0x00001077      0x32a ./src/drivers/clock.o
 .debug_info    0x000013a1      0x1fd ./src/drivers/gpio.o
 .debug_info    0x0000159e      0x3cf ./src/led_control/src/led_control.o
 .debug_info    0x0000196d       0x94 ./src/main.o

.debug_abbrev   0x00000000      0x8cc
 .debug_abbrev  0x00000000       0x14 d:/s32ds_3_5/s32ds/s32ds/build_tools/gcc_v10.2/gcc-10.2-arm32-eabi/bin/../lib/gcc/arm-none-eabi/10.2.0/../../../../arm-none-eabi/lib/thumb/v7e-m/nofp/crt0.o
 .debug_abbrev  0x00000014      0x11c ./Project_Settings/Startup_Code/startup.o
 .debug_abbrev  0x00000130       0x14 ./Project_Settings/Startup_Code/startup_S32K144.o
 .debug_abbrev  0x00000144      0x13f ./Project_Settings/Startup_Code/system_S32K144.o
 .debug_abbrev  0x00000283       0xaa ./src/board/clock_config.o
 .debug_abbrev  0x0000032d      0x146 ./src/board/pin_config.o
 .debug_abbrev  0x00000473       0xad ./src/board/systick_config.o
 .debug_abbrev  0x00000520      0x122 ./src/drivers/clock.o
 .debug_abbrev  0x00000642       0xde ./src/drivers/gpio.o
 .debug_abbrev  0x00000720      0x163 ./src/led_control/src/led_control.o
 .debug_abbrev  0x00000883       0x49 ./src/main.o

.debug_str      0x00000000    0x65f55
 .debug_str     0x00000000       0xb9 d:/s32ds_3_5/s32ds/s32ds/build_tools/gcc_v10.2/gcc-10.2-arm32-eabi/bin/../lib/gcc/arm-none-eabi/10.2.0/../../../../arm-none-eabi/lib/thumb/v7e-m/nofp/crt0.o
 .debug_str     0x000000b9    0x61a8c ./Project_Settings/Startup_Code/startup.o
                              0x61c21 (size before relaxing)
 .debug_str     0x00061b45       0x33 ./Project_Settings/Startup_Code/startup_S32K144.o
                                 0x93 (size before relaxing)
 .debug_str     0x00061b78      0x1f3 ./Project_Settings/Startup_Code/system_S32K144.o
                              0x61a92 (size before relaxing)
 .debug_str     0x00061d6b      0x455 ./src/board/clock_config.o
                               0x47d6 (size before relaxing)
 .debug_str     0x000621c0      0x1b6 ./src/board/pin_config.o
                               0x48d8 (size before relaxing)
 .debug_str     0x00062376     0x3953 ./src/board/systick_config.o
                               0x7649 (size before relaxing)
 .debug_str     0x00065cc9       0x35 ./src/drivers/clock.o
                               0x489f (size before relaxing)
 .debug_str     0x00065cfe       0x22 ./src/drivers/gpio.o
                               0x4788 (size before relaxing)
 .debug_str     0x00065d20      0x222 ./src/led_control/src/led_control.o
                               0x83aa (size before relaxing)
 .debug_str     0x00065f42       0x13 ./src/main.o
                               0x8236 (size before relaxing)

.debug_aranges  0x00000000      0x1a0
 .debug_aranges
                0x00000000       0x20 ./Project_Settings/Startup_Code/startup.o
 .debug_aranges
                0x00000020       0x20 ./Project_Settings/Startup_Code/startup_S32K144.o
 .debug_aranges
                0x00000040       0x30 ./Project_Settings/Startup_Code/system_S32K144.o
 .debug_aranges
                0x00000070       0x20 ./src/board/clock_config.o
 .debug_aranges
                0x00000090       0x40 ./src/board/pin_config.o
 .debug_aranges
                0x000000d0       0x28 ./src/board/systick_config.o
 .debug_aranges
                0x000000f8       0x28 ./src/drivers/clock.o
 .debug_aranges
                0x00000120       0x28 ./src/drivers/gpio.o
 .debug_aranges
                0x00000148       0x38 ./src/led_control/src/led_control.o
 .debug_aranges
                0x00000180       0x20 ./src/main.o

.debug_ranges   0x00000000       0xf0
 .debug_ranges  0x00000000       0x10 ./Project_Settings/Startup_Code/startup.o
 .debug_ranges  0x00000010       0x20 ./Project_Settings/Startup_Code/system_S32K144.o
 .debug_ranges  0x00000030       0x10 ./src/board/clock_config.o
 .debug_ranges  0x00000040       0x30 ./src/board/pin_config.o
 .debug_ranges  0x00000070       0x18 ./src/board/systick_config.o
 .debug_ranges  0x00000088       0x18 ./src/drivers/clock.o
 .debug_ranges  0x000000a0       0x18 ./src/drivers/gpio.o
 .debug_ranges  0x000000b8       0x28 ./src/led_control/src/led_control.o
 .debug_ranges  0x000000e0       0x10 ./src/main.o

.debug_macro    0x00000000    0x1c71b
 .debug_macro   0x00000000       0xb5 ./Project_Settings/Startup_Code/startup.o
 .debug_macro   0x000000b5      0xa60 ./Project_Settings/Startup_Code/startup.o
 .debug_macro   0x00000b15       0x22 ./Project_Settings/Startup_Code/startup.o
 .debug_macro   0x00000b37       0x8e ./Project_Settings/Startup_Code/startup.o
 .debug_macro   0x00000bc5       0x51 ./Project_Settings/Startup_Code/startup.o
 .debug_macro   0x00000c16      0x103 ./Project_Settings/Startup_Code/startup.o
 .debug_macro   0x00000d19       0x6a ./Project_Settings/Startup_Code/startup.o
 .debug_macro   0x00000d83      0x1df ./Project_Settings/Startup_Code/startup.o
 .debug_macro   0x00000f62       0x10 ./Project_Settings/Startup_Code/startup.o
 .debug_macro   0x00000f72       0x7a ./Project_Settings/Startup_Code/startup.o
 .debug_macro   0x00000fec     0xc365 ./Project_Settings/Startup_Code/startup.o
 .debug_macro   0x0000d351     0x1707 ./Project_Settings/Startup_Code/startup.o
 .debug_macro   0x0000ea58       0x22 ./Project_Settings/Startup_Code/startup.o
 .debug_macro   0x0000ea7a       0x40 ./Project_Settings/Startup_Code/startup.o
 .debug_macro   0x0000eaba       0xb4 ./Project_Settings/Startup_Code/system_S32K144.o
 .debug_macro   0x0000eb6e       0x16 ./Project_Settings/Startup_Code/system_S32K144.o
 .debug_macro   0x0000eb84     0xc353 ./Project_Settings/Startup_Code/system_S32K144.o
 .debug_macro   0x0001aed7       0x28 ./Project_Settings/Startup_Code/system_S32K144.o
 .debug_macro   0x0001aeff       0x8c ./src/board/clock_config.o
 .debug_macro   0x0001af8b      0x17f ./src/board/clock_config.o
 .debug_macro   0x0001b10a       0x9f ./src/board/pin_config.o
 .debug_macro   0x0001b1a9       0x16 ./src/board/pin_config.o
 .debug_macro   0x0001b1bf      0x1bc ./src/board/systick_config.o
 .debug_macro   0x0001b37b       0x52 ./src/board/systick_config.o
 .debug_macro   0x0001b3cd       0x18 ./src/board/systick_config.o
 .debug_macro   0x0001b3e5       0x94 ./src/board/systick_config.o
 .debug_macro   0x0001b479       0x35 ./src/board/systick_config.o
 .debug_macro   0x0001b4ae       0x34 ./src/board/systick_config.o
 .debug_macro   0x0001b4e2       0x16 ./src/board/systick_config.o
 .debug_macro   0x0001b4f8       0x57 ./src/board/systick_config.o
 .debug_macro   0x0001b54f       0x97 ./src/board/systick_config.o
 .debug_macro   0x0001b5e6      0x333 ./src/board/systick_config.o
 .debug_macro   0x0001b919       0xfd ./src/board/systick_config.o
 .debug_macro   0x0001ba16       0x10 ./src/board/systick_config.o
 .debug_macro   0x0001ba26       0x16 ./src/board/systick_config.o
 .debug_macro   0x0001ba3c       0x43 ./src/board/systick_config.o
 .debug_macro   0x0001ba7f       0x34 ./src/board/systick_config.o
 .debug_macro   0x0001bab3       0x10 ./src/board/systick_config.o
 .debug_macro   0x0001bac3       0x52 ./src/board/systick_config.o
 .debug_macro   0x0001bb15      0x182 ./src/board/systick_config.o
 .debug_macro   0x0001bc97       0x10 ./src/board/systick_config.o
 .debug_macro   0x0001bca7       0x1c ./src/board/systick_config.o
 .debug_macro   0x0001bcc3       0x52 ./src/board/systick_config.o
 .debug_macro   0x0001bd15       0x22 ./src/board/systick_config.o
 .debug_macro   0x0001bd37       0x10 ./src/board/systick_config.o
 .debug_macro   0x0001bd47       0x40 ./src/board/systick_config.o
 .debug_macro   0x0001bd87       0xd5 ./src/board/systick_config.o
 .debug_macro   0x0001be5c       0x1c ./src/board/systick_config.o
 .debug_macro   0x0001be78       0x3d ./src/board/systick_config.o
 .debug_macro   0x0001beb5       0x16 ./src/board/systick_config.o
 .debug_macro   0x0001becb      0x16f ./src/board/systick_config.o
 .debug_macro   0x0001c03a       0x7c ./src/drivers/clock.o
 .debug_macro   0x0001c0b6       0x76 ./src/drivers/gpio.o
 .debug_macro   0x0001c12c      0x185 ./src/drivers/gpio.o
 .debug_macro   0x0001c2b1      0x215 ./src/led_control/src/led_control.o
 .debug_macro   0x0001c4c6       0x40 ./src/led_control/src/led_control.o
 .debug_macro   0x0001c506      0x215 ./src/main.o

.debug_frame    0x00000000      0x394
 .debug_frame   0x00000000       0x38 ./Project_Settings/Startup_Code/startup.o
 .debug_frame   0x00000038       0x80 ./Project_Settings/Startup_Code/system_S32K144.o
 .debug_frame   0x000000b8       0x2c ./src/board/clock_config.o
 .debug_frame   0x000000e4       0xd0 ./src/board/pin_config.o
 .debug_frame   0x000001b4       0x54 ./src/board/systick_config.o
 .debug_frame   0x00000208       0x60 ./src/drivers/clock.o
 .debug_frame   0x00000268       0x5c ./src/drivers/gpio.o
 .debug_frame   0x000002c4       0xa4 ./src/led_control/src/led_control.o
 .debug_frame   0x00000368       0x2c ./src/main.o
