Archive member included to satisfy reference by file (symbol)

d:/s32ds_3_5/s32ds/s32ds/build_tools/gcc_v10.2/gcc-10.2-arm32-eabi/bin/../lib/gcc/arm-none-eabi/10.2.0/thumb/v7e-m/nofp\libgcc.a(_aeabi_uldivmod.o)
                              ./src/lpuart1/src/lpuart1.o (__aeabi_uldivmod)
d:/s32ds_3_5/s32ds/s32ds/build_tools/gcc_v10.2/gcc-10.2-arm32-eabi/bin/../lib/gcc/arm-none-eabi/10.2.0/thumb/v7e-m/nofp\libgcc.a(_udivmoddi4.o)
                              d:/s32ds_3_5/s32ds/s32ds/build_tools/gcc_v10.2/gcc-10.2-arm32-eabi/bin/../lib/gcc/arm-none-eabi/10.2.0/thumb/v7e-m/nofp\libgcc.a(_aeabi_uldivmod.o) (__udivmoddi4)
d:/s32ds_3_5/s32ds/s32ds/build_tools/gcc_v10.2/gcc-10.2-arm32-eabi/bin/../lib/gcc/arm-none-eabi/10.2.0/thumb/v7e-m/nofp\libgcc.a(_dvmd_tls.o)
                              d:/s32ds_3_5/s32ds/s32ds/build_tools/gcc_v10.2/gcc-10.2-arm32-eabi/bin/../lib/gcc/arm-none-eabi/10.2.0/thumb/v7e-m/nofp\libgcc.a(_aeabi_uldivmod.o) (__aeabi_ldiv0)
d:/s32ds_3_5/s32ds/s32ds/build_tools/gcc_v10.2/gcc-10.2-arm32-eabi/bin/../lib/gcc/arm-none-eabi/10.2.0/../../../../arm-none-eabi/lib/thumb/v7e-m/nofp\libc.a(lib_a-exit.o)
                              d:/s32ds_3_5/s32ds/s32ds/build_tools/gcc_v10.2/gcc-10.2-arm32-eabi/bin/../lib/gcc/arm-none-eabi/10.2.0/../../../../arm-none-eabi/lib/thumb/v7e-m/nofp/crt0.o (exit)
d:/s32ds_3_5/s32ds/s32ds/build_tools/gcc_v10.2/gcc-10.2-arm32-eabi/bin/../lib/gcc/arm-none-eabi/10.2.0/../../../../arm-none-eabi/lib/thumb/v7e-m/nofp\libc.a(lib_a-impure.o)
                              d:/s32ds_3_5/s32ds/s32ds/build_tools/gcc_v10.2/gcc-10.2-arm32-eabi/bin/../lib/gcc/arm-none-eabi/10.2.0/../../../../arm-none-eabi/lib/thumb/v7e-m/nofp\libc.a(lib_a-exit.o) (_global_impure_ptr)
d:/s32ds_3_5/s32ds/s32ds/build_tools/gcc_v10.2/gcc-10.2-arm32-eabi/bin/../lib/gcc/arm-none-eabi/10.2.0/../../../../arm-none-eabi/lib/thumb/v7e-m/nofp\libc.a(lib_a-init.o)
                              d:/s32ds_3_5/s32ds/s32ds/build_tools/gcc_v10.2/gcc-10.2-arm32-eabi/bin/../lib/gcc/arm-none-eabi/10.2.0/../../../../arm-none-eabi/lib/thumb/v7e-m/nofp/crt0.o (__libc_init_array)
d:/s32ds_3_5/s32ds/s32ds/build_tools/gcc_v10.2/gcc-10.2-arm32-eabi/bin/../lib/gcc/arm-none-eabi/10.2.0/../../../../arm-none-eabi/lib/thumb/v7e-m/nofp\libc.a(lib_a-memset.o)
                              d:/s32ds_3_5/s32ds/s32ds/build_tools/gcc_v10.2/gcc-10.2-arm32-eabi/bin/../lib/gcc/arm-none-eabi/10.2.0/../../../../arm-none-eabi/lib/thumb/v7e-m/nofp/crt0.o (memset)
d:/s32ds_3_5/s32ds/s32ds/build_tools/gcc_v10.2/gcc-10.2-arm32-eabi/bin/../lib/gcc/arm-none-eabi/10.2.0/../../../../arm-none-eabi/lib/thumb/v7e-m/nofp\libc.a(lib_a-__call_atexit.o)
                              d:/s32ds_3_5/s32ds/s32ds/build_tools/gcc_v10.2/gcc-10.2-arm32-eabi/bin/../lib/gcc/arm-none-eabi/10.2.0/../../../../arm-none-eabi/lib/thumb/v7e-m/nofp\libc.a(lib_a-exit.o) (__call_exitprocs)
d:/s32ds_3_5/s32ds/s32ds/build_tools/gcc_v10.2/gcc-10.2-arm32-eabi/bin/../lib/gcc/arm-none-eabi/10.2.0/../../../../arm-none-eabi/lib/thumb/v7e-m/nofp\libc.a(lib_a-fini.o)
                              d:/s32ds_3_5/s32ds/s32ds/build_tools/gcc_v10.2/gcc-10.2-arm32-eabi/bin/../lib/gcc/arm-none-eabi/10.2.0/../../../../arm-none-eabi/lib/thumb/v7e-m/nofp\libc.a(lib_a-__call_atexit.o) (__libc_fini_array)
d:/s32ds_3_5/s32ds/s32ds/build_tools/gcc_v10.2/gcc-10.2-arm32-eabi/bin/../lib/gcc/arm-none-eabi/10.2.0/../../../../arm-none-eabi/lib/thumb/v7e-m/nofp\libc.a(lib_a-atexit.o)
                              d:/s32ds_3_5/s32ds/s32ds/build_tools/gcc_v10.2/gcc-10.2-arm32-eabi/bin/../lib/gcc/arm-none-eabi/10.2.0/../../../../arm-none-eabi/lib/thumb/v7e-m/nofp\libc.a(lib_a-__call_atexit.o) (atexit)
d:/s32ds_3_5/s32ds/s32ds/build_tools/gcc_v10.2/gcc-10.2-arm32-eabi/bin/../lib/gcc/arm-none-eabi/10.2.0/../../../../arm-none-eabi/lib/thumb/v7e-m/nofp\libc.a(lib_a-__atexit.o)
                              d:/s32ds_3_5/s32ds/s32ds/build_tools/gcc_v10.2/gcc-10.2-arm32-eabi/bin/../lib/gcc/arm-none-eabi/10.2.0/../../../../arm-none-eabi/lib/thumb/v7e-m/nofp\libc.a(lib_a-atexit.o) (__register_exitproc)
d:/s32ds_3_5/s32ds/s32ds/build_tools/gcc_v10.2/gcc-10.2-arm32-eabi/bin/../lib/gcc/arm-none-eabi/10.2.0/../../../../arm-none-eabi/lib/thumb/v7e-m/nofp\libnosys.a(_exit.o)
                              d:/s32ds_3_5/s32ds/s32ds/build_tools/gcc_v10.2/gcc-10.2-arm32-eabi/bin/../lib/gcc/arm-none-eabi/10.2.0/../../../../arm-none-eabi/lib/thumb/v7e-m/nofp\libc.a(lib_a-exit.o) (_exit)

Discarded input sections

 .text          0x00000000        0x0 d:/s32ds_3_5/s32ds/s32ds/build_tools/gcc_v10.2/gcc-10.2-arm32-eabi/bin/../lib/gcc/arm-none-eabi/10.2.0/thumb/v7e-m/nofp/crti.o
 .data          0x00000000        0x0 d:/s32ds_3_5/s32ds/s32ds/build_tools/gcc_v10.2/gcc-10.2-arm32-eabi/bin/../lib/gcc/arm-none-eabi/10.2.0/thumb/v7e-m/nofp/crti.o
 .bss           0x00000000        0x0 d:/s32ds_3_5/s32ds/s32ds/build_tools/gcc_v10.2/gcc-10.2-arm32-eabi/bin/../lib/gcc/arm-none-eabi/10.2.0/thumb/v7e-m/nofp/crti.o
 .data          0x00000000        0x4 d:/s32ds_3_5/s32ds/s32ds/build_tools/gcc_v10.2/gcc-10.2-arm32-eabi/bin/../lib/gcc/arm-none-eabi/10.2.0/thumb/v7e-m/nofp/crtbegin.o
 .data          0x00000000        0x0 d:/s32ds_3_5/s32ds/s32ds/build_tools/gcc_v10.2/gcc-10.2-arm32-eabi/bin/../lib/gcc/arm-none-eabi/10.2.0/../../../../arm-none-eabi/lib/thumb/v7e-m/nofp/crt0.o
 .bss           0x00000000        0x0 d:/s32ds_3_5/s32ds/s32ds/build_tools/gcc_v10.2/gcc-10.2-arm32-eabi/bin/../lib/gcc/arm-none-eabi/10.2.0/../../../../arm-none-eabi/lib/thumb/v7e-m/nofp/crt0.o
 .ARM.extab     0x00000000        0x0 d:/s32ds_3_5/s32ds/s32ds/build_tools/gcc_v10.2/gcc-10.2-arm32-eabi/bin/../lib/gcc/arm-none-eabi/10.2.0/../../../../arm-none-eabi/lib/thumb/v7e-m/nofp/crt0.o
 .group         0x00000000        0xc ./Project_Settings/Startup_Code/startup.o
 .group         0x00000000        0xc ./Project_Settings/Startup_Code/startup.o
 .group         0x00000000        0xc ./Project_Settings/Startup_Code/startup.o
 .group         0x00000000        0xc ./Project_Settings/Startup_Code/startup.o
 .group         0x00000000        0xc ./Project_Settings/Startup_Code/startup.o
 .group         0x00000000        0xc ./Project_Settings/Startup_Code/startup.o
 .group         0x00000000        0xc ./Project_Settings/Startup_Code/startup.o
 .group         0x00000000        0xc ./Project_Settings/Startup_Code/startup.o
 .group         0x00000000        0xc ./Project_Settings/Startup_Code/startup.o
 .group         0x00000000        0xc ./Project_Settings/Startup_Code/startup.o
 .group         0x00000000        0xc ./Project_Settings/Startup_Code/startup.o
 .group         0x00000000        0xc ./Project_Settings/Startup_Code/startup.o
 .group         0x00000000        0xc ./Project_Settings/Startup_Code/startup.o
 .text          0x00000000        0x0 ./Project_Settings/Startup_Code/startup.o
 .data          0x00000000        0x0 ./Project_Settings/Startup_Code/startup.o
 .bss           0x00000000        0x0 ./Project_Settings/Startup_Code/startup.o
 .rodata.s_vectors
                0x00000000        0x4 ./Project_Settings/Startup_Code/startup.o
 .data          0x00000000        0x0 ./Project_Settings/Startup_Code/startup_S32K144.o
 .bss           0x00000000        0x0 ./Project_Settings/Startup_Code/startup_S32K144.o
 .group         0x00000000        0xc ./Project_Settings/Startup_Code/system_S32K144.o
 .group         0x00000000        0xc ./Project_Settings/Startup_Code/system_S32K144.o
 .group         0x00000000        0xc ./Project_Settings/Startup_Code/system_S32K144.o
 .group         0x00000000        0xc ./Project_Settings/Startup_Code/system_S32K144.o
 .group         0x00000000        0xc ./Project_Settings/Startup_Code/system_S32K144.o
 .group         0x00000000        0xc ./Project_Settings/Startup_Code/system_S32K144.o
 .group         0x00000000        0xc ./Project_Settings/Startup_Code/system_S32K144.o
 .group         0x00000000        0xc ./Project_Settings/Startup_Code/system_S32K144.o
 .group         0x00000000        0xc ./Project_Settings/Startup_Code/system_S32K144.o
 .group         0x00000000        0xc ./Project_Settings/Startup_Code/system_S32K144.o
 .group         0x00000000        0xc ./Project_Settings/Startup_Code/system_S32K144.o
 .group         0x00000000        0xc ./Project_Settings/Startup_Code/system_S32K144.o
 .group         0x00000000        0xc ./Project_Settings/Startup_Code/system_S32K144.o
 .group         0x00000000        0xc ./Project_Settings/Startup_Code/system_S32K144.o
 .text          0x00000000        0x0 ./Project_Settings/Startup_Code/system_S32K144.o
 .data          0x00000000        0x0 ./Project_Settings/Startup_Code/system_S32K144.o
 .bss           0x00000000        0x0 ./Project_Settings/Startup_Code/system_S32K144.o
 .data.SystemCoreClock
                0x00000000        0x4 ./Project_Settings/Startup_Code/system_S32K144.o
 .text.SystemCoreClockUpdate
                0x00000000       0xf0 ./Project_Settings/Startup_Code/system_S32K144.o
 .text.SystemSoftwareReset
                0x00000000       0x3e ./Project_Settings/Startup_Code/system_S32K144.o
 .rodata.fircFreq.0
                0x00000000        0x4 ./Project_Settings/Startup_Code/system_S32K144.o
 .debug_macro   0x00000000      0xa60 ./Project_Settings/Startup_Code/system_S32K144.o
 .debug_macro   0x00000000       0x10 ./Project_Settings/Startup_Code/system_S32K144.o
 .debug_macro   0x00000000       0x7a ./Project_Settings/Startup_Code/system_S32K144.o
 .debug_macro   0x00000000       0x22 ./Project_Settings/Startup_Code/system_S32K144.o
 .debug_macro   0x00000000       0x8e ./Project_Settings/Startup_Code/system_S32K144.o
 .debug_macro   0x00000000       0x51 ./Project_Settings/Startup_Code/system_S32K144.o
 .debug_macro   0x00000000      0x103 ./Project_Settings/Startup_Code/system_S32K144.o
 .debug_macro   0x00000000       0x6a ./Project_Settings/Startup_Code/system_S32K144.o
 .debug_macro   0x00000000      0x1df ./Project_Settings/Startup_Code/system_S32K144.o
 .debug_macro   0x00000000     0x1707 ./Project_Settings/Startup_Code/system_S32K144.o
 .debug_macro   0x00000000       0x22 ./Project_Settings/Startup_Code/system_S32K144.o
 .group         0x00000000        0xc ./src/app/src/main.o
 .group         0x00000000        0xc ./src/app/src/main.o
 .group         0x00000000        0xc ./src/app/src/main.o
 .group         0x00000000        0xc ./src/app/src/main.o
 .group         0x00000000        0xc ./src/app/src/main.o
 .group         0x00000000        0xc ./src/app/src/main.o
 .group         0x00000000        0xc ./src/app/src/main.o
 .group         0x00000000        0xc ./src/app/src/main.o
 .group         0x00000000        0xc ./src/app/src/main.o
 .group         0x00000000        0xc ./src/app/src/main.o
 .group         0x00000000        0xc ./src/app/src/main.o
 .group         0x00000000        0xc ./src/app/src/main.o
 .group         0x00000000        0xc ./src/app/src/main.o
 .group         0x00000000        0xc ./src/app/src/main.o
 .group         0x00000000        0xc ./src/app/src/main.o
 .group         0x00000000        0xc ./src/app/src/main.o
 .group         0x00000000        0xc ./src/app/src/main.o
 .group         0x00000000        0xc ./src/app/src/main.o
 .group         0x00000000        0xc ./src/app/src/main.o
 .group         0x00000000        0xc ./src/app/src/main.o
 .group         0x00000000        0xc ./src/app/src/main.o
 .group         0x00000000        0xc ./src/app/src/main.o
 .group         0x00000000        0xc ./src/app/src/main.o
 .group         0x00000000        0xc ./src/app/src/main.o
 .group         0x00000000        0xc ./src/app/src/main.o
 .group         0x00000000        0xc ./src/app/src/main.o
 .group         0x00000000        0xc ./src/app/src/main.o
 .group         0x00000000        0xc ./src/app/src/main.o
 .group         0x00000000        0xc ./src/app/src/main.o
 .group         0x00000000        0xc ./src/app/src/main.o
 .group         0x00000000        0xc ./src/app/src/main.o
 .group         0x00000000        0xc ./src/app/src/main.o
 .group         0x00000000        0xc ./src/app/src/main.o
 .group         0x00000000        0xc ./src/app/src/main.o
 .group         0x00000000        0xc ./src/app/src/main.o
 .group         0x00000000        0xc ./src/app/src/main.o
 .group         0x00000000        0xc ./src/app/src/main.o
 .group         0x00000000        0xc ./src/app/src/main.o
 .group         0x00000000        0xc ./src/app/src/main.o
 .group         0x00000000        0xc ./src/app/src/main.o
 .group         0x00000000        0xc ./src/app/src/main.o
 .text          0x00000000        0x0 ./src/app/src/main.o
 .data          0x00000000        0x0 ./src/app/src/main.o
 .bss           0x00000000        0x0 ./src/app/src/main.o
 .debug_macro   0x00000000      0xa60 ./src/app/src/main.o
 .debug_macro   0x00000000       0x22 ./src/app/src/main.o
 .debug_macro   0x00000000       0x6a ./src/app/src/main.o
 .debug_macro   0x00000000      0x103 ./src/app/src/main.o
 .debug_macro   0x00000000      0x1df ./src/app/src/main.o
 .debug_macro   0x00000000       0x22 ./src/app/src/main.o
 .debug_macro   0x00000000     0xc365 ./src/app/src/main.o
 .group         0x00000000        0xc ./src/lpuart1/src/lpuart1.o
 .group         0x00000000        0xc ./src/lpuart1/src/lpuart1.o
 .group         0x00000000        0xc ./src/lpuart1/src/lpuart1.o
 .group         0x00000000        0xc ./src/lpuart1/src/lpuart1.o
 .group         0x00000000        0xc ./src/lpuart1/src/lpuart1.o
 .group         0x00000000        0xc ./src/lpuart1/src/lpuart1.o
 .group         0x00000000        0xc ./src/lpuart1/src/lpuart1.o
 .group         0x00000000        0xc ./src/lpuart1/src/lpuart1.o
 .group         0x00000000        0xc ./src/lpuart1/src/lpuart1.o
 .group         0x00000000        0xc ./src/lpuart1/src/lpuart1.o
 .group         0x00000000        0xc ./src/lpuart1/src/lpuart1.o
 .group         0x00000000        0xc ./src/lpuart1/src/lpuart1.o
 .group         0x00000000        0xc ./src/lpuart1/src/lpuart1.o
 .group         0x00000000        0xc ./src/lpuart1/src/lpuart1.o
 .group         0x00000000        0xc ./src/lpuart1/src/lpuart1.o
 .group         0x00000000        0xc ./src/lpuart1/src/lpuart1.o
 .group         0x00000000        0xc ./src/lpuart1/src/lpuart1.o
 .group         0x00000000        0xc ./src/lpuart1/src/lpuart1.o
 .group         0x00000000        0xc ./src/lpuart1/src/lpuart1.o
 .group         0x00000000        0xc ./src/lpuart1/src/lpuart1.o
 .group         0x00000000        0xc ./src/lpuart1/src/lpuart1.o
 .group         0x00000000        0xc ./src/lpuart1/src/lpuart1.o
 .group         0x00000000        0xc ./src/lpuart1/src/lpuart1.o
 .group         0x00000000        0xc ./src/lpuart1/src/lpuart1.o
 .group         0x00000000        0xc ./src/lpuart1/src/lpuart1.o
 .group         0x00000000        0xc ./src/lpuart1/src/lpuart1.o
 .group         0x00000000        0xc ./src/lpuart1/src/lpuart1.o
 .group         0x00000000        0xc ./src/lpuart1/src/lpuart1.o
 .group         0x00000000        0xc ./src/lpuart1/src/lpuart1.o
 .group         0x00000000        0xc ./src/lpuart1/src/lpuart1.o
 .group         0x00000000        0xc ./src/lpuart1/src/lpuart1.o
 .group         0x00000000        0xc ./src/lpuart1/src/lpuart1.o
 .group         0x00000000        0xc ./src/lpuart1/src/lpuart1.o
 .group         0x00000000        0xc ./src/lpuart1/src/lpuart1.o
 .group         0x00000000        0xc ./src/lpuart1/src/lpuart1.o
 .group         0x00000000        0xc ./src/lpuart1/src/lpuart1.o
 .group         0x00000000        0xc ./src/lpuart1/src/lpuart1.o
 .group         0x00000000        0xc ./src/lpuart1/src/lpuart1.o
 .group         0x00000000        0xc ./src/lpuart1/src/lpuart1.o
 .group         0x00000000        0xc ./src/lpuart1/src/lpuart1.o
 .text          0x00000000        0x0 ./src/lpuart1/src/lpuart1.o
 .data          0x00000000        0x0 ./src/lpuart1/src/lpuart1.o
 .bss           0x00000000        0x0 ./src/lpuart1/src/lpuart1.o
 .text.LPUART1_send_string_v2
                0x00000000       0x3c ./src/lpuart1/src/lpuart1.o
 .debug_macro   0x00000000      0xa60 ./src/lpuart1/src/lpuart1.o
 .debug_macro   0x00000000       0x16 ./src/lpuart1/src/lpuart1.o
 .debug_macro   0x00000000       0x22 ./src/lpuart1/src/lpuart1.o
 .debug_macro   0x00000000       0x8e ./src/lpuart1/src/lpuart1.o
 .debug_macro   0x00000000       0x51 ./src/lpuart1/src/lpuart1.o
 .debug_macro   0x00000000      0x103 ./src/lpuart1/src/lpuart1.o
 .debug_macro   0x00000000       0x6a ./src/lpuart1/src/lpuart1.o
 .debug_macro   0x00000000      0x1df ./src/lpuart1/src/lpuart1.o
 .debug_macro   0x00000000     0xc353 ./src/lpuart1/src/lpuart1.o
 .debug_macro   0x00000000       0x18 ./src/lpuart1/src/lpuart1.o
 .debug_macro   0x00000000       0x35 ./src/lpuart1/src/lpuart1.o
 .debug_macro   0x00000000       0x34 ./src/lpuart1/src/lpuart1.o
 .debug_macro   0x00000000       0x16 ./src/lpuart1/src/lpuart1.o
 .debug_macro   0x00000000       0x97 ./src/lpuart1/src/lpuart1.o
 .debug_macro   0x00000000      0x333 ./src/lpuart1/src/lpuart1.o
 .debug_macro   0x00000000       0xfd ./src/lpuart1/src/lpuart1.o
 .debug_macro   0x00000000       0x10 ./src/lpuart1/src/lpuart1.o
 .debug_macro   0x00000000       0x16 ./src/lpuart1/src/lpuart1.o
 .debug_macro   0x00000000       0x43 ./src/lpuart1/src/lpuart1.o
 .debug_macro   0x00000000       0x34 ./src/lpuart1/src/lpuart1.o
 .debug_macro   0x00000000       0x10 ./src/lpuart1/src/lpuart1.o
 .debug_macro   0x00000000       0x52 ./src/lpuart1/src/lpuart1.o
 .debug_macro   0x00000000      0x182 ./src/lpuart1/src/lpuart1.o
 .debug_macro   0x00000000       0x10 ./src/lpuart1/src/lpuart1.o
 .debug_macro   0x00000000       0x1c ./src/lpuart1/src/lpuart1.o
 .debug_macro   0x00000000       0x52 ./src/lpuart1/src/lpuart1.o
 .debug_macro   0x00000000       0x22 ./src/lpuart1/src/lpuart1.o
 .debug_macro   0x00000000       0x10 ./src/lpuart1/src/lpuart1.o
 .debug_macro   0x00000000       0x40 ./src/lpuart1/src/lpuart1.o
 .debug_macro   0x00000000       0xd5 ./src/lpuart1/src/lpuart1.o
 .debug_macro   0x00000000       0x1c ./src/lpuart1/src/lpuart1.o
 .debug_macro   0x00000000       0x3d ./src/lpuart1/src/lpuart1.o
 .debug_macro   0x00000000       0x16 ./src/lpuart1/src/lpuart1.o
 .debug_macro   0x00000000      0x16f ./src/lpuart1/src/lpuart1.o
 .debug_macro   0x00000000       0x16 ./src/lpuart1/src/lpuart1.o
 .debug_macro   0x00000000       0x35 ./src/lpuart1/src/lpuart1.o
 .debug_macro   0x00000000       0x16 ./src/lpuart1/src/lpuart1.o
 .debug_macro   0x00000000       0x29 ./src/lpuart1/src/lpuart1.o
 .debug_macro   0x00000000       0x34 ./src/lpuart1/src/lpuart1.o
 .group         0x00000000        0xc ./src/parse_srec/src/parse-srec.o
 .group         0x00000000        0xc ./src/parse_srec/src/parse-srec.o
 .group         0x00000000        0xc ./src/parse_srec/src/parse-srec.o
 .group         0x00000000        0xc ./src/parse_srec/src/parse-srec.o
 .group         0x00000000        0xc ./src/parse_srec/src/parse-srec.o
 .group         0x00000000        0xc ./src/parse_srec/src/parse-srec.o
 .group         0x00000000        0xc ./src/parse_srec/src/parse-srec.o
 .group         0x00000000        0xc ./src/parse_srec/src/parse-srec.o
 .group         0x00000000        0xc ./src/parse_srec/src/parse-srec.o
 .group         0x00000000        0xc ./src/parse_srec/src/parse-srec.o
 .group         0x00000000        0xc ./src/parse_srec/src/parse-srec.o
 .group         0x00000000        0xc ./src/parse_srec/src/parse-srec.o
 .group         0x00000000        0xc ./src/parse_srec/src/parse-srec.o
 .group         0x00000000        0xc ./src/parse_srec/src/parse-srec.o
 .group         0x00000000        0xc ./src/parse_srec/src/parse-srec.o
 .group         0x00000000        0xc ./src/parse_srec/src/parse-srec.o
 .group         0x00000000        0xc ./src/parse_srec/src/parse-srec.o
 .group         0x00000000        0xc ./src/parse_srec/src/parse-srec.o
 .group         0x00000000        0xc ./src/parse_srec/src/parse-srec.o
 .group         0x00000000        0xc ./src/parse_srec/src/parse-srec.o
 .group         0x00000000        0xc ./src/parse_srec/src/parse-srec.o
 .group         0x00000000        0xc ./src/parse_srec/src/parse-srec.o
 .group         0x00000000        0xc ./src/parse_srec/src/parse-srec.o
 .group         0x00000000        0xc ./src/parse_srec/src/parse-srec.o
 .group         0x00000000        0xc ./src/parse_srec/src/parse-srec.o
 .group         0x00000000        0xc ./src/parse_srec/src/parse-srec.o
 .group         0x00000000        0xc ./src/parse_srec/src/parse-srec.o
 .group         0x00000000        0xc ./src/parse_srec/src/parse-srec.o
 .group         0x00000000        0xc ./src/parse_srec/src/parse-srec.o
 .group         0x00000000        0xc ./src/parse_srec/src/parse-srec.o
 .group         0x00000000        0xc ./src/parse_srec/src/parse-srec.o
 .group         0x00000000        0xc ./src/parse_srec/src/parse-srec.o
 .group         0x00000000        0xc ./src/parse_srec/src/parse-srec.o
 .group         0x00000000        0xc ./src/parse_srec/src/parse-srec.o
 .group         0x00000000        0xc ./src/parse_srec/src/parse-srec.o
 .group         0x00000000        0xc ./src/parse_srec/src/parse-srec.o
 .group         0x00000000        0xc ./src/parse_srec/src/parse-srec.o
 .group         0x00000000        0xc ./src/parse_srec/src/parse-srec.o
 .group         0x00000000        0xc ./src/parse_srec/src/parse-srec.o
 .text          0x00000000        0x0 ./src/parse_srec/src/parse-srec.o
 .data          0x00000000        0x0 ./src/parse_srec/src/parse-srec.o
 .bss           0x00000000        0x0 ./src/parse_srec/src/parse-srec.o
 .debug_macro   0x00000000      0xa60 ./src/parse_srec/src/parse-srec.o
 .debug_macro   0x00000000       0x22 ./src/parse_srec/src/parse-srec.o
 .debug_macro   0x00000000       0x52 ./src/parse_srec/src/parse-srec.o
 .debug_macro   0x00000000       0x18 ./src/parse_srec/src/parse-srec.o
 .debug_macro   0x00000000       0x94 ./src/parse_srec/src/parse-srec.o
 .debug_macro   0x00000000       0x35 ./src/parse_srec/src/parse-srec.o
 .debug_macro   0x00000000       0x34 ./src/parse_srec/src/parse-srec.o
 .debug_macro   0x00000000       0x16 ./src/parse_srec/src/parse-srec.o
 .debug_macro   0x00000000       0x57 ./src/parse_srec/src/parse-srec.o
 .debug_macro   0x00000000       0x97 ./src/parse_srec/src/parse-srec.o
 .debug_macro   0x00000000      0x333 ./src/parse_srec/src/parse-srec.o
 .debug_macro   0x00000000       0xfd ./src/parse_srec/src/parse-srec.o
 .debug_macro   0x00000000       0x10 ./src/parse_srec/src/parse-srec.o
 .debug_macro   0x00000000       0x16 ./src/parse_srec/src/parse-srec.o
 .debug_macro   0x00000000       0x43 ./src/parse_srec/src/parse-srec.o
 .debug_macro   0x00000000       0x34 ./src/parse_srec/src/parse-srec.o
 .debug_macro   0x00000000       0x10 ./src/parse_srec/src/parse-srec.o
 .debug_macro   0x00000000       0x52 ./src/parse_srec/src/parse-srec.o
 .debug_macro   0x00000000      0x182 ./src/parse_srec/src/parse-srec.o
 .debug_macro   0x00000000       0x10 ./src/parse_srec/src/parse-srec.o
 .debug_macro   0x00000000       0x6a ./src/parse_srec/src/parse-srec.o
 .debug_macro   0x00000000       0x1c ./src/parse_srec/src/parse-srec.o
 .debug_macro   0x00000000       0x52 ./src/parse_srec/src/parse-srec.o
 .debug_macro   0x00000000       0x22 ./src/parse_srec/src/parse-srec.o
 .debug_macro   0x00000000       0x10 ./src/parse_srec/src/parse-srec.o
 .debug_macro   0x00000000       0x40 ./src/parse_srec/src/parse-srec.o
 .debug_macro   0x00000000       0xd5 ./src/parse_srec/src/parse-srec.o
 .debug_macro   0x00000000       0x1c ./src/parse_srec/src/parse-srec.o
 .debug_macro   0x00000000       0x3d ./src/parse_srec/src/parse-srec.o
 .debug_macro   0x00000000       0x16 ./src/parse_srec/src/parse-srec.o
 .debug_macro   0x00000000      0x16f ./src/parse_srec/src/parse-srec.o
 .debug_macro   0x00000000       0x16 ./src/parse_srec/src/parse-srec.o
 .debug_macro   0x00000000       0x35 ./src/parse_srec/src/parse-srec.o
 .debug_macro   0x00000000       0x16 ./src/parse_srec/src/parse-srec.o
 .debug_macro   0x00000000       0x29 ./src/parse_srec/src/parse-srec.o
 .debug_macro   0x00000000       0x22 ./src/parse_srec/src/parse-srec.o
 .debug_macro   0x00000000      0x103 ./src/parse_srec/src/parse-srec.o
 .debug_macro   0x00000000      0x1df ./src/parse_srec/src/parse-srec.o
 .debug_macro   0x00000000       0x28 ./src/parse_srec/src/parse-srec.o
 .group         0x00000000        0xc ./src/queue/src/queue.o
 .group         0x00000000        0xc ./src/queue/src/queue.o
 .group         0x00000000        0xc ./src/queue/src/queue.o
 .group         0x00000000        0xc ./src/queue/src/queue.o
 .group         0x00000000        0xc ./src/queue/src/queue.o
 .group         0x00000000        0xc ./src/queue/src/queue.o
 .group         0x00000000        0xc ./src/queue/src/queue.o
 .group         0x00000000        0xc ./src/queue/src/queue.o
 .group         0x00000000        0xc ./src/queue/src/queue.o
 .group         0x00000000        0xc ./src/queue/src/queue.o
 .group         0x00000000        0xc ./src/queue/src/queue.o
 .group         0x00000000        0xc ./src/queue/src/queue.o
 .group         0x00000000        0xc ./src/queue/src/queue.o
 .group         0x00000000        0xc ./src/queue/src/queue.o
 .group         0x00000000        0xc ./src/queue/src/queue.o
 .group         0x00000000        0xc ./src/queue/src/queue.o
 .group         0x00000000        0xc ./src/queue/src/queue.o
 .group         0x00000000        0xc ./src/queue/src/queue.o
 .group         0x00000000        0xc ./src/queue/src/queue.o
 .group         0x00000000        0xc ./src/queue/src/queue.o
 .group         0x00000000        0xc ./src/queue/src/queue.o
 .group         0x00000000        0xc ./src/queue/src/queue.o
 .group         0x00000000        0xc ./src/queue/src/queue.o
 .group         0x00000000        0xc ./src/queue/src/queue.o
 .group         0x00000000        0xc ./src/queue/src/queue.o
 .group         0x00000000        0xc ./src/queue/src/queue.o
 .group         0x00000000        0xc ./src/queue/src/queue.o
 .group         0x00000000        0xc ./src/queue/src/queue.o
 .group         0x00000000        0xc ./src/queue/src/queue.o
 .group         0x00000000        0xc ./src/queue/src/queue.o
 .group         0x00000000        0xc ./src/queue/src/queue.o
 .group         0x00000000        0xc ./src/queue/src/queue.o
 .group         0x00000000        0xc ./src/queue/src/queue.o
 .group         0x00000000        0xc ./src/queue/src/queue.o
 .group         0x00000000        0xc ./src/queue/src/queue.o
 .group         0x00000000        0xc ./src/queue/src/queue.o
 .group         0x00000000        0xc ./src/queue/src/queue.o
 .group         0x00000000        0xc ./src/queue/src/queue.o
 .group         0x00000000        0xc ./src/queue/src/queue.o
 .group         0x00000000        0xc ./src/queue/src/queue.o
 .text          0x00000000        0x0 ./src/queue/src/queue.o
 .data          0x00000000        0x0 ./src/queue/src/queue.o
 .bss           0x00000000        0x0 ./src/queue/src/queue.o
 .bss.getting_index_element
                0x00000000        0x2 ./src/queue/src/queue.o
 .text.print_data
                0x00000000       0x3c ./src/queue/src/queue.o
 .debug_macro   0x00000000      0xa60 ./src/queue/src/queue.o
 .debug_macro   0x00000000       0x16 ./src/queue/src/queue.o
 .debug_macro   0x00000000       0x22 ./src/queue/src/queue.o
 .debug_macro   0x00000000       0x8e ./src/queue/src/queue.o
 .debug_macro   0x00000000       0x51 ./src/queue/src/queue.o
 .debug_macro   0x00000000      0x103 ./src/queue/src/queue.o
 .debug_macro   0x00000000       0x6a ./src/queue/src/queue.o
 .debug_macro   0x00000000      0x1df ./src/queue/src/queue.o
 .debug_macro   0x00000000     0xc353 ./src/queue/src/queue.o
 .debug_macro   0x00000000       0x58 ./src/queue/src/queue.o
 .debug_macro   0x00000000       0x18 ./src/queue/src/queue.o
 .debug_macro   0x00000000       0x35 ./src/queue/src/queue.o
 .debug_macro   0x00000000       0x34 ./src/queue/src/queue.o
 .debug_macro   0x00000000       0x16 ./src/queue/src/queue.o
 .debug_macro   0x00000000       0x97 ./src/queue/src/queue.o
 .debug_macro   0x00000000      0x333 ./src/queue/src/queue.o
 .debug_macro   0x00000000       0xfd ./src/queue/src/queue.o
 .debug_macro   0x00000000       0x10 ./src/queue/src/queue.o
 .debug_macro   0x00000000       0x16 ./src/queue/src/queue.o
 .debug_macro   0x00000000       0x43 ./src/queue/src/queue.o
 .debug_macro   0x00000000       0x34 ./src/queue/src/queue.o
 .debug_macro   0x00000000       0x10 ./src/queue/src/queue.o
 .debug_macro   0x00000000       0x52 ./src/queue/src/queue.o
 .debug_macro   0x00000000      0x182 ./src/queue/src/queue.o
 .debug_macro   0x00000000       0x10 ./src/queue/src/queue.o
 .debug_macro   0x00000000       0x1c ./src/queue/src/queue.o
 .debug_macro   0x00000000       0x52 ./src/queue/src/queue.o
 .debug_macro   0x00000000       0x22 ./src/queue/src/queue.o
 .debug_macro   0x00000000       0x10 ./src/queue/src/queue.o
 .debug_macro   0x00000000       0x40 ./src/queue/src/queue.o
 .debug_macro   0x00000000       0xd5 ./src/queue/src/queue.o
 .debug_macro   0x00000000       0x1c ./src/queue/src/queue.o
 .debug_macro   0x00000000       0x3d ./src/queue/src/queue.o
 .debug_macro   0x00000000       0x16 ./src/queue/src/queue.o
 .debug_macro   0x00000000      0x16f ./src/queue/src/queue.o
 .debug_macro   0x00000000       0x16 ./src/queue/src/queue.o
 .debug_macro   0x00000000       0x35 ./src/queue/src/queue.o
 .debug_macro   0x00000000       0x16 ./src/queue/src/queue.o
 .debug_macro   0x00000000       0x29 ./src/queue/src/queue.o
 .debug_macro   0x00000000       0x34 ./src/queue/src/queue.o
 .data          0x00000000        0x0 d:/s32ds_3_5/s32ds/s32ds/build_tools/gcc_v10.2/gcc-10.2-arm32-eabi/bin/../lib/gcc/arm-none-eabi/10.2.0/thumb/v7e-m/nofp\libgcc.a(_aeabi_uldivmod.o)
 .bss           0x00000000        0x0 d:/s32ds_3_5/s32ds/s32ds/build_tools/gcc_v10.2/gcc-10.2-arm32-eabi/bin/../lib/gcc/arm-none-eabi/10.2.0/thumb/v7e-m/nofp\libgcc.a(_aeabi_uldivmod.o)
 .data          0x00000000        0x0 d:/s32ds_3_5/s32ds/s32ds/build_tools/gcc_v10.2/gcc-10.2-arm32-eabi/bin/../lib/gcc/arm-none-eabi/10.2.0/thumb/v7e-m/nofp\libgcc.a(_udivmoddi4.o)
 .bss           0x00000000        0x0 d:/s32ds_3_5/s32ds/s32ds/build_tools/gcc_v10.2/gcc-10.2-arm32-eabi/bin/../lib/gcc/arm-none-eabi/10.2.0/thumb/v7e-m/nofp\libgcc.a(_udivmoddi4.o)
 .ARM.extab     0x00000000        0x0 d:/s32ds_3_5/s32ds/s32ds/build_tools/gcc_v10.2/gcc-10.2-arm32-eabi/bin/../lib/gcc/arm-none-eabi/10.2.0/thumb/v7e-m/nofp\libgcc.a(_udivmoddi4.o)
 .data          0x00000000        0x0 d:/s32ds_3_5/s32ds/s32ds/build_tools/gcc_v10.2/gcc-10.2-arm32-eabi/bin/../lib/gcc/arm-none-eabi/10.2.0/thumb/v7e-m/nofp\libgcc.a(_dvmd_tls.o)
 .bss           0x00000000        0x0 d:/s32ds_3_5/s32ds/s32ds/build_tools/gcc_v10.2/gcc-10.2-arm32-eabi/bin/../lib/gcc/arm-none-eabi/10.2.0/thumb/v7e-m/nofp\libgcc.a(_dvmd_tls.o)
 .text          0x00000000        0x0 d:/s32ds_3_5/s32ds/s32ds/build_tools/gcc_v10.2/gcc-10.2-arm32-eabi/bin/../lib/gcc/arm-none-eabi/10.2.0/../../../../arm-none-eabi/lib/thumb/v7e-m/nofp\libc.a(lib_a-exit.o)
 .data          0x00000000        0x0 d:/s32ds_3_5/s32ds/s32ds/build_tools/gcc_v10.2/gcc-10.2-arm32-eabi/bin/../lib/gcc/arm-none-eabi/10.2.0/../../../../arm-none-eabi/lib/thumb/v7e-m/nofp\libc.a(lib_a-exit.o)
 .bss           0x00000000        0x0 d:/s32ds_3_5/s32ds/s32ds/build_tools/gcc_v10.2/gcc-10.2-arm32-eabi/bin/../lib/gcc/arm-none-eabi/10.2.0/../../../../arm-none-eabi/lib/thumb/v7e-m/nofp\libc.a(lib_a-exit.o)
 .text          0x00000000        0x0 d:/s32ds_3_5/s32ds/s32ds/build_tools/gcc_v10.2/gcc-10.2-arm32-eabi/bin/../lib/gcc/arm-none-eabi/10.2.0/../../../../arm-none-eabi/lib/thumb/v7e-m/nofp\libc.a(lib_a-impure.o)
 .data          0x00000000        0x0 d:/s32ds_3_5/s32ds/s32ds/build_tools/gcc_v10.2/gcc-10.2-arm32-eabi/bin/../lib/gcc/arm-none-eabi/10.2.0/../../../../arm-none-eabi/lib/thumb/v7e-m/nofp\libc.a(lib_a-impure.o)
 .bss           0x00000000        0x0 d:/s32ds_3_5/s32ds/s32ds/build_tools/gcc_v10.2/gcc-10.2-arm32-eabi/bin/../lib/gcc/arm-none-eabi/10.2.0/../../../../arm-none-eabi/lib/thumb/v7e-m/nofp\libc.a(lib_a-impure.o)
 .data._impure_ptr
                0x00000000        0x4 d:/s32ds_3_5/s32ds/s32ds/build_tools/gcc_v10.2/gcc-10.2-arm32-eabi/bin/../lib/gcc/arm-none-eabi/10.2.0/../../../../arm-none-eabi/lib/thumb/v7e-m/nofp\libc.a(lib_a-impure.o)
 .text          0x00000000        0x0 d:/s32ds_3_5/s32ds/s32ds/build_tools/gcc_v10.2/gcc-10.2-arm32-eabi/bin/../lib/gcc/arm-none-eabi/10.2.0/../../../../arm-none-eabi/lib/thumb/v7e-m/nofp\libc.a(lib_a-init.o)
 .data          0x00000000        0x0 d:/s32ds_3_5/s32ds/s32ds/build_tools/gcc_v10.2/gcc-10.2-arm32-eabi/bin/../lib/gcc/arm-none-eabi/10.2.0/../../../../arm-none-eabi/lib/thumb/v7e-m/nofp\libc.a(lib_a-init.o)
 .bss           0x00000000        0x0 d:/s32ds_3_5/s32ds/s32ds/build_tools/gcc_v10.2/gcc-10.2-arm32-eabi/bin/../lib/gcc/arm-none-eabi/10.2.0/../../../../arm-none-eabi/lib/thumb/v7e-m/nofp\libc.a(lib_a-init.o)
 .text          0x00000000        0x0 d:/s32ds_3_5/s32ds/s32ds/build_tools/gcc_v10.2/gcc-10.2-arm32-eabi/bin/../lib/gcc/arm-none-eabi/10.2.0/../../../../arm-none-eabi/lib/thumb/v7e-m/nofp\libc.a(lib_a-memset.o)
 .data          0x00000000        0x0 d:/s32ds_3_5/s32ds/s32ds/build_tools/gcc_v10.2/gcc-10.2-arm32-eabi/bin/../lib/gcc/arm-none-eabi/10.2.0/../../../../arm-none-eabi/lib/thumb/v7e-m/nofp\libc.a(lib_a-memset.o)
 .bss           0x00000000        0x0 d:/s32ds_3_5/s32ds/s32ds/build_tools/gcc_v10.2/gcc-10.2-arm32-eabi/bin/../lib/gcc/arm-none-eabi/10.2.0/../../../../arm-none-eabi/lib/thumb/v7e-m/nofp\libc.a(lib_a-memset.o)
 .text          0x00000000        0x0 d:/s32ds_3_5/s32ds/s32ds/build_tools/gcc_v10.2/gcc-10.2-arm32-eabi/bin/../lib/gcc/arm-none-eabi/10.2.0/../../../../arm-none-eabi/lib/thumb/v7e-m/nofp\libc.a(lib_a-__call_atexit.o)
 .data          0x00000000        0x0 d:/s32ds_3_5/s32ds/s32ds/build_tools/gcc_v10.2/gcc-10.2-arm32-eabi/bin/../lib/gcc/arm-none-eabi/10.2.0/../../../../arm-none-eabi/lib/thumb/v7e-m/nofp\libc.a(lib_a-__call_atexit.o)
 .bss           0x00000000        0x0 d:/s32ds_3_5/s32ds/s32ds/build_tools/gcc_v10.2/gcc-10.2-arm32-eabi/bin/../lib/gcc/arm-none-eabi/10.2.0/../../../../arm-none-eabi/lib/thumb/v7e-m/nofp\libc.a(lib_a-__call_atexit.o)
 .text          0x00000000        0x0 d:/s32ds_3_5/s32ds/s32ds/build_tools/gcc_v10.2/gcc-10.2-arm32-eabi/bin/../lib/gcc/arm-none-eabi/10.2.0/../../../../arm-none-eabi/lib/thumb/v7e-m/nofp\libc.a(lib_a-fini.o)
 .data          0x00000000        0x0 d:/s32ds_3_5/s32ds/s32ds/build_tools/gcc_v10.2/gcc-10.2-arm32-eabi/bin/../lib/gcc/arm-none-eabi/10.2.0/../../../../arm-none-eabi/lib/thumb/v7e-m/nofp\libc.a(lib_a-fini.o)
 .bss           0x00000000        0x0 d:/s32ds_3_5/s32ds/s32ds/build_tools/gcc_v10.2/gcc-10.2-arm32-eabi/bin/../lib/gcc/arm-none-eabi/10.2.0/../../../../arm-none-eabi/lib/thumb/v7e-m/nofp\libc.a(lib_a-fini.o)
 .text          0x00000000        0x0 d:/s32ds_3_5/s32ds/s32ds/build_tools/gcc_v10.2/gcc-10.2-arm32-eabi/bin/../lib/gcc/arm-none-eabi/10.2.0/../../../../arm-none-eabi/lib/thumb/v7e-m/nofp\libc.a(lib_a-atexit.o)
 .data          0x00000000        0x0 d:/s32ds_3_5/s32ds/s32ds/build_tools/gcc_v10.2/gcc-10.2-arm32-eabi/bin/../lib/gcc/arm-none-eabi/10.2.0/../../../../arm-none-eabi/lib/thumb/v7e-m/nofp\libc.a(lib_a-atexit.o)
 .bss           0x00000000        0x0 d:/s32ds_3_5/s32ds/s32ds/build_tools/gcc_v10.2/gcc-10.2-arm32-eabi/bin/../lib/gcc/arm-none-eabi/10.2.0/../../../../arm-none-eabi/lib/thumb/v7e-m/nofp\libc.a(lib_a-atexit.o)
 .text          0x00000000        0x0 d:/s32ds_3_5/s32ds/s32ds/build_tools/gcc_v10.2/gcc-10.2-arm32-eabi/bin/../lib/gcc/arm-none-eabi/10.2.0/../../../../arm-none-eabi/lib/thumb/v7e-m/nofp\libc.a(lib_a-__atexit.o)
 .data          0x00000000        0x0 d:/s32ds_3_5/s32ds/s32ds/build_tools/gcc_v10.2/gcc-10.2-arm32-eabi/bin/../lib/gcc/arm-none-eabi/10.2.0/../../../../arm-none-eabi/lib/thumb/v7e-m/nofp\libc.a(lib_a-__atexit.o)
 .bss           0x00000000        0x0 d:/s32ds_3_5/s32ds/s32ds/build_tools/gcc_v10.2/gcc-10.2-arm32-eabi/bin/../lib/gcc/arm-none-eabi/10.2.0/../../../../arm-none-eabi/lib/thumb/v7e-m/nofp\libc.a(lib_a-__atexit.o)
 .text          0x00000000        0x0 d:/s32ds_3_5/s32ds/s32ds/build_tools/gcc_v10.2/gcc-10.2-arm32-eabi/bin/../lib/gcc/arm-none-eabi/10.2.0/../../../../arm-none-eabi/lib/thumb/v7e-m/nofp\libnosys.a(_exit.o)
 .data          0x00000000        0x0 d:/s32ds_3_5/s32ds/s32ds/build_tools/gcc_v10.2/gcc-10.2-arm32-eabi/bin/../lib/gcc/arm-none-eabi/10.2.0/../../../../arm-none-eabi/lib/thumb/v7e-m/nofp\libnosys.a(_exit.o)
 .bss           0x00000000        0x0 d:/s32ds_3_5/s32ds/s32ds/build_tools/gcc_v10.2/gcc-10.2-arm32-eabi/bin/../lib/gcc/arm-none-eabi/10.2.0/../../../../arm-none-eabi/lib/thumb/v7e-m/nofp\libnosys.a(_exit.o)
 .text          0x00000000        0x0 d:/s32ds_3_5/s32ds/s32ds/build_tools/gcc_v10.2/gcc-10.2-arm32-eabi/bin/../lib/gcc/arm-none-eabi/10.2.0/thumb/v7e-m/nofp/crtend.o
 .data          0x00000000        0x0 d:/s32ds_3_5/s32ds/s32ds/build_tools/gcc_v10.2/gcc-10.2-arm32-eabi/bin/../lib/gcc/arm-none-eabi/10.2.0/thumb/v7e-m/nofp/crtend.o
 .bss           0x00000000        0x0 d:/s32ds_3_5/s32ds/s32ds/build_tools/gcc_v10.2/gcc-10.2-arm32-eabi/bin/../lib/gcc/arm-none-eabi/10.2.0/thumb/v7e-m/nofp/crtend.o
 .eh_frame      0x00000000        0x4 d:/s32ds_3_5/s32ds/s32ds/build_tools/gcc_v10.2/gcc-10.2-arm32-eabi/bin/../lib/gcc/arm-none-eabi/10.2.0/thumb/v7e-m/nofp/crtend.o
 .text          0x00000000        0x0 d:/s32ds_3_5/s32ds/s32ds/build_tools/gcc_v10.2/gcc-10.2-arm32-eabi/bin/../lib/gcc/arm-none-eabi/10.2.0/thumb/v7e-m/nofp/crtn.o
 .data          0x00000000        0x0 d:/s32ds_3_5/s32ds/s32ds/build_tools/gcc_v10.2/gcc-10.2-arm32-eabi/bin/../lib/gcc/arm-none-eabi/10.2.0/thumb/v7e-m/nofp/crtn.o
 .bss           0x00000000        0x0 d:/s32ds_3_5/s32ds/s32ds/build_tools/gcc_v10.2/gcc-10.2-arm32-eabi/bin/../lib/gcc/arm-none-eabi/10.2.0/thumb/v7e-m/nofp/crtn.o

Memory Configuration

Name             Origin             Length             Attributes
m_interrupts     0x00000000         0x00000400         xr
m_flash_config   0x00000400         0x00000010         xr
m_text           0x00000410         0x0007fbf0         xr
m_data           0x1fff8000         0x00008000         rw
m_data_2         0x20000000         0x00007000         rw
*default*        0x00000000         0xffffffff

Linker script and memory map

LOAD d:/s32ds_3_5/s32ds/s32ds/build_tools/gcc_v10.2/gcc-10.2-arm32-eabi/bin/../lib/gcc/arm-none-eabi/10.2.0/thumb/v7e-m/nofp/crti.o
LOAD d:/s32ds_3_5/s32ds/s32ds/build_tools/gcc_v10.2/gcc-10.2-arm32-eabi/bin/../lib/gcc/arm-none-eabi/10.2.0/thumb/v7e-m/nofp/crtbegin.o
LOAD d:/s32ds_3_5/s32ds/s32ds/build_tools/gcc_v10.2/gcc-10.2-arm32-eabi/bin/../lib/gcc/arm-none-eabi/10.2.0/../../../../arm-none-eabi/lib/thumb/v7e-m/nofp/crt0.o
LOAD ./Project_Settings/Startup_Code/startup.o
LOAD ./Project_Settings/Startup_Code/startup_S32K144.o
LOAD ./Project_Settings/Startup_Code/system_S32K144.o
LOAD ./src/app/src/main.o
LOAD ./src/lpuart1/src/lpuart1.o
LOAD ./src/parse_srec/src/parse-srec.o
LOAD ./src/queue/src/queue.o
START GROUP
LOAD d:/s32ds_3_5/s32ds/s32ds/build_tools/gcc_v10.2/gcc-10.2-arm32-eabi/bin/../lib/gcc/arm-none-eabi/10.2.0/thumb/v7e-m/nofp\libgcc.a
LOAD d:/s32ds_3_5/s32ds/s32ds/build_tools/gcc_v10.2/gcc-10.2-arm32-eabi/bin/../lib/gcc/arm-none-eabi/10.2.0/../../../../arm-none-eabi/lib/thumb/v7e-m/nofp\libc.a
END GROUP
START GROUP
LOAD d:/s32ds_3_5/s32ds/s32ds/build_tools/gcc_v10.2/gcc-10.2-arm32-eabi/bin/../lib/gcc/arm-none-eabi/10.2.0/thumb/v7e-m/nofp\libgcc.a
LOAD d:/s32ds_3_5/s32ds/s32ds/build_tools/gcc_v10.2/gcc-10.2-arm32-eabi/bin/../lib/gcc/arm-none-eabi/10.2.0/../../../../arm-none-eabi/lib/thumb/v7e-m/nofp\libc.a
LOAD d:/s32ds_3_5/s32ds/s32ds/build_tools/gcc_v10.2/gcc-10.2-arm32-eabi/bin/../lib/gcc/arm-none-eabi/10.2.0/../../../../arm-none-eabi/lib/thumb/v7e-m/nofp\libnosys.a
END GROUP
LOAD d:/s32ds_3_5/s32ds/s32ds/build_tools/gcc_v10.2/gcc-10.2-arm32-eabi/bin/../lib/gcc/arm-none-eabi/10.2.0/thumb/v7e-m/nofp/crtend.o
LOAD d:/s32ds_3_5/s32ds/s32ds/build_tools/gcc_v10.2/gcc-10.2-arm32-eabi/bin/../lib/gcc/arm-none-eabi/10.2.0/thumb/v7e-m/nofp/crtn.o
                0x00000400                HEAP_SIZE = DEFINED (__heap_size__)?__heap_size__:0x400
                0x00000400                STACK_SIZE = DEFINED (__stack_size__)?__stack_size__:0x400
                0x00000400                M_VECTOR_RAM_SIZE = DEFINED (__flash_vector_table__)?0x0:0x400

.interrupts     0x00000000      0x400
                0x00000000                __VECTOR_TABLE = .
                0x00000000                __interrupts_start__ = .
                0x00000000                . = ALIGN (0x4)
 *(.isr_vector)
 .isr_vector    0x00000000      0x400 ./Project_Settings/Startup_Code/startup_S32K144.o
                0x00000000                __isr_vector
                0x00000400                __interrupts_end__ = .
                0x00000400                . = ALIGN (0x4)

.flash_config   0x00000400       0x10
                0x00000400                . = ALIGN (0x4)
 *(.FlashConfig)
 .FlashConfig   0x00000400       0x10 ./Project_Settings/Startup_Code/startup_S32K144.o
                0x00000410                . = ALIGN (0x4)

.text           0x00000410     0x14f8
                0x00000410                . = ALIGN (0x4)
 *(.text)
 .text          0x00000410       0x88 d:/s32ds_3_5/s32ds/s32ds/build_tools/gcc_v10.2/gcc-10.2-arm32-eabi/bin/../lib/gcc/arm-none-eabi/10.2.0/thumb/v7e-m/nofp/crtbegin.o
 .text          0x00000498       0x7c d:/s32ds_3_5/s32ds/s32ds/build_tools/gcc_v10.2/gcc-10.2-arm32-eabi/bin/../lib/gcc/arm-none-eabi/10.2.0/../../../../arm-none-eabi/lib/thumb/v7e-m/nofp/crt0.o
                0x00000498                _stack_init
                0x000004a0                _start
                0x000004a0                _mainCRTStartup
 .text          0x00000514       0x6c ./Project_Settings/Startup_Code/startup_S32K144.o
                0x00000514                Reset_Handler
                0x0000057c                DebugMon_Handler
                0x0000057c                Reserved88_IRQHandler
                0x0000057c                CAN0_ORed_IRQHandler
                0x0000057c                HardFault_Handler
                0x0000057c                Reserved86_IRQHandler
                0x0000057c                Reserved103_IRQHandler
                0x0000057c                SysTick_Handler
                0x0000057c                FTM2_Ovf_Reload_IRQHandler
                0x0000057c                Reserved50_IRQHandler
                0x0000057c                FTFC_Fault_IRQHandler
                0x0000057c                FTM0_Ch6_Ch7_IRQHandler
                0x0000057c                Reserved114_IRQHandler
                0x0000057c                PendSV_Handler
                0x0000057c                NMI_Handler
                0x0000057c                Reserved89_IRQHandler
                0x0000057c                ERM_double_fault_IRQHandler
                0x0000057c                DMA2_IRQHandler
                0x0000057c                Reserved59_IRQHandler
                0x0000057c                LPIT0_Ch0_IRQHandler
                0x0000057c                Reserved99_IRQHandler
                0x0000057c                FTM3_Ch6_Ch7_IRQHandler
                0x0000057c                CAN2_ORed_0_15_MB_IRQHandler
                0x0000057c                LPIT0_Ch3_IRQHandler
                0x0000057c                Reserved92_IRQHandler
                0x0000057c                FTM0_Ch4_Ch5_IRQHandler
                0x0000057c                CAN1_Error_IRQHandler
                0x0000057c                FTM3_Ch0_Ch1_IRQHandler
                0x0000057c                SWI_IRQHandler
                0x0000057c                ADC0_IRQHandler
                0x0000057c                FTM2_Ch4_Ch5_IRQHandler
                0x0000057c                UsageFault_Handler
                0x0000057c                FTM0_Ovf_Reload_IRQHandler
                0x0000057c                DefaultISR
                0x0000057c                DMA9_IRQHandler
                0x0000057c                Reserved58_IRQHandler
                0x0000057c                CAN1_ORed_0_15_MB_IRQHandler
                0x0000057c                FTM1_Ch2_Ch3_IRQHandler
                0x0000057c                DMA14_IRQHandler
                0x0000057c                Reserved82_IRQHandler
                0x0000057c                CAN0_ORed_16_31_MB_IRQHandler
                0x0000057c                LPI2C0_Slave_IRQHandler
                0x0000057c                Reserved71_IRQHandler
                0x0000057c                PORTD_IRQHandler
                0x0000057c                Reserved69_IRQHandler
                0x0000057c                PORTB_IRQHandler
                0x0000057c                Reserved70_IRQHandler
                0x0000057c                ADC1_IRQHandler
                0x0000057c                FTM2_Ch2_Ch3_IRQHandler
                0x0000057c                Reserved53_IRQHandler
                0x0000057c                DMA5_IRQHandler
                0x0000057c                RTC_IRQHandler
                0x0000057c                PDB0_IRQHandler
                0x0000057c                Reserved54_IRQHandler
                0x0000057c                FTM2_Ch6_Ch7_IRQHandler
                0x0000057c                FTM3_Ch2_Ch3_IRQHandler
                0x0000057c                FTM2_Ch0_Ch1_IRQHandler
                0x0000057c                LPSPI1_IRQHandler
                0x0000057c                RTC_Seconds_IRQHandler
                0x0000057c                CAN2_ORed_IRQHandler
                0x0000057c                Reserved72_IRQHandler
                0x0000057c                Reserved110_IRQHandler
                0x0000057c                DMA11_IRQHandler
                0x0000057c                Reserved107_IRQHandler
                0x0000057c                Read_Collision_IRQHandler
                0x0000057c                CAN2_Error_IRQHandler
                0x0000057c                FTFC_IRQHandler
                0x0000057c                DMA7_IRQHandler
                0x0000057c                FTM1_Ch6_Ch7_IRQHandler
                0x0000057c                Reserved105_IRQHandler
                0x0000057c                LPIT0_Ch1_IRQHandler
                0x0000057c                FTM1_Ch4_Ch5_IRQHandler
                0x0000057c                FTM3_Ovf_Reload_IRQHandler
                0x0000057c                LPUART2_RxTx_IRQHandler
                0x0000057c                LPSPI0_IRQHandler
                0x0000057c                WDOG_EWM_IRQHandler
                0x0000057c                MemManage_Handler
                0x0000057c                Reserved90_IRQHandler
                0x0000057c                Reserved83_IRQHandler
                0x0000057c                FTM0_Fault_IRQHandler
                0x0000057c                Reserved48_IRQHandler
                0x0000057c                SVC_Handler
                0x0000057c                ERM_single_fault_IRQHandler
                0x0000057c                FTM2_Fault_IRQHandler
                0x0000057c                FTM0_Ch2_Ch3_IRQHandler
                0x0000057c                DMA13_IRQHandler
                0x0000057c                FTM0_Ch0_Ch1_IRQHandler
                0x0000057c                FTM3_Fault_IRQHandler
                0x0000057c                RCM_IRQHandler
                0x0000057c                DMA3_IRQHandler
                0x0000057c                Reserved100_IRQHandler
                0x0000057c                DMA0_IRQHandler
                0x0000057c                Reserved91_IRQHandler
                0x0000057c                CAN1_ORed_IRQHandler
                0x0000057c                DMA15_IRQHandler
                0x0000057c                SCG_IRQHandler
                0x0000057c                PDB1_IRQHandler
                0x0000057c                Reserved81_IRQHandler
                0x0000057c                Reserved46_IRQHandler
                0x0000057c                Reserved45_IRQHandler
                0x0000057c                CAN0_Error_IRQHandler
                0x0000057c                Reserved112_IRQHandler
                0x0000057c                LPI2C0_Master_IRQHandler
                0x0000057c                DMA4_IRQHandler
                0x0000057c                FTM1_Fault_IRQHandler
                0x0000057c                Reserved106_IRQHandler
                0x0000057c                DMA_Error_IRQHandler
                0x0000057c                LVD_LVW_IRQHandler
                0x0000057c                LPIT0_Ch2_IRQHandler
                0x0000057c                PORTA_IRQHandler
                0x0000057c                MCM_IRQHandler
                0x0000057c                LPSPI2_IRQHandler
                0x0000057c                DMA12_IRQHandler
                0x0000057c                FTM3_Ch4_Ch5_IRQHandler
                0x0000057c                CAN0_ORed_0_15_MB_IRQHandler
                0x0000057c                PORTE_IRQHandler
                0x0000057c                LPUART0_RxTx_IRQHandler
                0x0000057c                LPTMR0_IRQHandler
                0x0000057c                BusFault_Handler
                0x0000057c                Reserved87_IRQHandler
                0x0000057c                FTM1_Ovf_Reload_IRQHandler
                0x0000057c                DMA8_IRQHandler
                0x0000057c                Reserved93_IRQHandler
                0x0000057c                DMA10_IRQHandler
                0x0000057c                CAN0_Wake_Up_IRQHandler
                0x0000057c                CMP0_IRQHandler
                0x0000057c                Reserved52_IRQHandler
                0x0000057c                PORTC_IRQHandler
                0x0000057c                DMA6_IRQHandler
                0x0000057c                FTM1_Ch0_Ch1_IRQHandler
                0x0000057c                FLEXIO_IRQHandler
                0x0000057c                DMA1_IRQHandler
                0x0000057c                Reserved113_IRQHandler
 .text          0x00000580       0x30 d:/s32ds_3_5/s32ds/s32ds/build_tools/gcc_v10.2/gcc-10.2-arm32-eabi/bin/../lib/gcc/arm-none-eabi/10.2.0/thumb/v7e-m/nofp\libgcc.a(_aeabi_uldivmod.o)
                0x00000580                __aeabi_uldivmod
 .text          0x000005b0      0x2d8 d:/s32ds_3_5/s32ds/s32ds/build_tools/gcc_v10.2/gcc-10.2-arm32-eabi/bin/../lib/gcc/arm-none-eabi/10.2.0/thumb/v7e-m/nofp\libgcc.a(_udivmoddi4.o)
                0x000005b0                __udivmoddi4
 .text          0x00000888        0x4 d:/s32ds_3_5/s32ds/s32ds/build_tools/gcc_v10.2/gcc-10.2-arm32-eabi/bin/../lib/gcc/arm-none-eabi/10.2.0/thumb/v7e-m/nofp\libgcc.a(_dvmd_tls.o)
                0x00000888                __aeabi_idiv0
                0x00000888                __aeabi_ldiv0
 *(.text*)
 .text.init_data_bss
                0x0000088c      0x128 ./Project_Settings/Startup_Code/startup.o
                0x0000088c                init_data_bss
 .text.SystemInit
                0x000009b4       0x30 ./Project_Settings/Startup_Code/system_S32K144.o
                0x000009b4                SystemInit
 .text.main     0x000009e4       0x12 ./src/app/src/main.o
                0x000009e4                main
 *fill*         0x000009f6        0x2 
 .text.program  0x000009f8      0x100 ./src/app/src/main.o
                0x000009f8                program
 .text.init_uart
                0x00000af8      0x198 ./src/lpuart1/src/lpuart1.o
                0x00000af8                init_uart
 .text.LPUART1_send_character
                0x00000c90       0x2c ./src/lpuart1/src/lpuart1.o
                0x00000c90                LPUART1_send_character
 .text.enable_irq
                0x00000cbc       0x30 ./src/lpuart1/src/lpuart1.o
                0x00000cbc                enable_irq
 .text.cacul_baudrate
                0x00000cec       0xfa ./src/lpuart1/src/lpuart1.o
                0x00000cec                cacul_baudrate
 *fill*         0x00000de6        0x2 
 .text.LPUART1_RxTx_IRQHandler
                0x00000de8       0x44 ./src/lpuart1/src/lpuart1.o
                0x00000de8                LPUART1_RxTx_IRQHandler
 .text.register_take_data_from_uart
                0x00000e2c       0x24 ./src/lpuart1/src/lpuart1.o
                0x00000e2c                register_take_data_from_uart
 .text.LPUART1_print_number
                0x00000e50       0x7c ./src/lpuart1/src/lpuart1.o
                0x00000e50                LPUART1_print_number
 .text.LPUART1_send_string
                0x00000ecc       0x38 ./src/lpuart1/src/lpuart1.o
                0x00000ecc                LPUART1_send_string
 .text.parse_srec
                0x00000f04      0x100 ./src/parse_srec/src/parse-srec.o
                0x00000f04                parse_srec
 .text.check_srec
                0x00001004       0x38 ./src/parse_srec/src/parse-srec.o
                0x00001004                check_srec
 .text.check_line
                0x0000103c      0x146 ./src/parse_srec/src/parse-srec.o
                0x0000103c                check_line
 *fill*         0x00001182        0x2 
 .text.Check_type_record
                0x00001184       0xbc ./src/parse_srec/src/parse-srec.o
                0x00001184                Check_type_record
 .text.hex_to_dec
                0x00001240      0x13e ./src/parse_srec/src/parse-srec.o
                0x00001240                hex_to_dec
 .text.count_byte
                0x0000137e       0x2c ./src/parse_srec/src/parse-srec.o
                0x0000137e                count_byte
 *fill*         0x000013aa        0x2 
 .text.Check_count_line
                0x000013ac       0x88 ./src/parse_srec/src/parse-srec.o
                0x000013ac                Check_count_line
 .text.convert_status_to_string
                0x00001434       0x88 ./src/parse_srec/src/parse-srec.o
                0x00001434                convert_status_to_string
 .text.init_queue
                0x000014bc       0x20 ./src/queue/src/queue.o
                0x000014bc                init_queue
 .text.add_element
                0x000014dc       0xbc ./src/queue/src/queue.o
                0x000014dc                add_element
 .text.get_queue
                0x00001598       0x6c ./src/queue/src/queue.o
                0x00001598                get_queue
 .text.print_status
                0x00001604       0x34 ./src/queue/src/queue.o
                0x00001604                print_status
 .text.completed_process
                0x00001638       0x20 ./src/queue/src/queue.o
                0x00001638                completed_process
 .text.exit     0x00001658       0x20 d:/s32ds_3_5/s32ds/s32ds/build_tools/gcc_v10.2/gcc-10.2-arm32-eabi/bin/../lib/gcc/arm-none-eabi/10.2.0/../../../../arm-none-eabi/lib/thumb/v7e-m/nofp\libc.a(lib_a-exit.o)
                0x00001658                exit
 .text.__libc_init_array
                0x00001678       0x48 d:/s32ds_3_5/s32ds/s32ds/build_tools/gcc_v10.2/gcc-10.2-arm32-eabi/bin/../lib/gcc/arm-none-eabi/10.2.0/../../../../arm-none-eabi/lib/thumb/v7e-m/nofp\libc.a(lib_a-init.o)
                0x00001678                __libc_init_array
 .text.memset   0x000016c0       0x10 d:/s32ds_3_5/s32ds/s32ds/build_tools/gcc_v10.2/gcc-10.2-arm32-eabi/bin/../lib/gcc/arm-none-eabi/10.2.0/../../../../arm-none-eabi/lib/thumb/v7e-m/nofp\libc.a(lib_a-memset.o)
                0x000016c0                memset
 .text.startup.register_fini
                0x000016d0       0x14 d:/s32ds_3_5/s32ds/s32ds/build_tools/gcc_v10.2/gcc-10.2-arm32-eabi/bin/../lib/gcc/arm-none-eabi/10.2.0/../../../../arm-none-eabi/lib/thumb/v7e-m/nofp\libc.a(lib_a-__call_atexit.o)
 .text.__call_exitprocs
                0x000016e4       0xa4 d:/s32ds_3_5/s32ds/s32ds/build_tools/gcc_v10.2/gcc-10.2-arm32-eabi/bin/../lib/gcc/arm-none-eabi/10.2.0/../../../../arm-none-eabi/lib/thumb/v7e-m/nofp\libc.a(lib_a-__call_atexit.o)
                0x000016e4                __call_exitprocs
 .text.__libc_fini_array
                0x00001788       0x28 d:/s32ds_3_5/s32ds/s32ds/build_tools/gcc_v10.2/gcc-10.2-arm32-eabi/bin/../lib/gcc/arm-none-eabi/10.2.0/../../../../arm-none-eabi/lib/thumb/v7e-m/nofp\libc.a(lib_a-fini.o)
                0x00001788                __libc_fini_array
 .text.atexit   0x000017b0        0xc d:/s32ds_3_5/s32ds/s32ds/build_tools/gcc_v10.2/gcc-10.2-arm32-eabi/bin/../lib/gcc/arm-none-eabi/10.2.0/../../../../arm-none-eabi/lib/thumb/v7e-m/nofp\libc.a(lib_a-atexit.o)
                0x000017b0                atexit
 .text.__register_exitproc
                0x000017bc       0x64 d:/s32ds_3_5/s32ds/s32ds/build_tools/gcc_v10.2/gcc-10.2-arm32-eabi/bin/../lib/gcc/arm-none-eabi/10.2.0/../../../../arm-none-eabi/lib/thumb/v7e-m/nofp\libc.a(lib_a-__atexit.o)
                0x000017bc                __register_exitproc
 .text._exit    0x00001820        0x2 d:/s32ds_3_5/s32ds/s32ds/build_tools/gcc_v10.2/gcc-10.2-arm32-eabi/bin/../lib/gcc/arm-none-eabi/10.2.0/../../../../arm-none-eabi/lib/thumb/v7e-m/nofp\libnosys.a(_exit.o)
                0x00001820                _exit
 *(.rodata)
 *fill*         0x00001822        0x2 
 .rodata        0x00001824       0x3a ./src/app/src/main.o
 *fill*         0x0000185e        0x2 
 .rodata        0x00001860       0x83 ./src/parse_srec/src/parse-srec.o
 *fill*         0x000018e3        0x1 
 .rodata        0x000018e4        0x6 ./src/queue/src/queue.o
 *(.rodata*)
 *fill*         0x000018ea        0x2 
 .rodata._global_impure_ptr
                0x000018ec        0x4 d:/s32ds_3_5/s32ds/s32ds/build_tools/gcc_v10.2/gcc-10.2-arm32-eabi/bin/../lib/gcc/arm-none-eabi/10.2.0/../../../../arm-none-eabi/lib/thumb/v7e-m/nofp\libc.a(lib_a-impure.o)
                0x000018ec                _global_impure_ptr
 *(.glue_7)
 .glue_7        0x000018f0        0x0 linker stubs
 *(.glue_7t)
 .glue_7t       0x000018f0        0x0 linker stubs
 *(.eh_frame)
 .eh_frame      0x000018f0        0x0 d:/s32ds_3_5/s32ds/s32ds/build_tools/gcc_v10.2/gcc-10.2-arm32-eabi/bin/../lib/gcc/arm-none-eabi/10.2.0/thumb/v7e-m/nofp/crtbegin.o
 *(.init)
 .init          0x000018f0        0x4 d:/s32ds_3_5/s32ds/s32ds/build_tools/gcc_v10.2/gcc-10.2-arm32-eabi/bin/../lib/gcc/arm-none-eabi/10.2.0/thumb/v7e-m/nofp/crti.o
                0x000018f0                _init
 .init          0x000018f4        0x8 d:/s32ds_3_5/s32ds/s32ds/build_tools/gcc_v10.2/gcc-10.2-arm32-eabi/bin/../lib/gcc/arm-none-eabi/10.2.0/thumb/v7e-m/nofp/crtn.o
 *(.fini)
 .fini          0x000018fc        0x4 d:/s32ds_3_5/s32ds/s32ds/build_tools/gcc_v10.2/gcc-10.2-arm32-eabi/bin/../lib/gcc/arm-none-eabi/10.2.0/thumb/v7e-m/nofp/crti.o
                0x000018fc                _fini
 .fini          0x00001900        0x8 d:/s32ds_3_5/s32ds/s32ds/build_tools/gcc_v10.2/gcc-10.2-arm32-eabi/bin/../lib/gcc/arm-none-eabi/10.2.0/thumb/v7e-m/nofp/crtn.o
                0x00001908                . = ALIGN (0x4)

.vfp11_veneer   0x00001908        0x0
 .vfp11_veneer  0x00001908        0x0 linker stubs

.v4_bx          0x00001908        0x0
 .v4_bx         0x00001908        0x0 linker stubs

.iplt           0x00001908        0x0
 .iplt          0x00001908        0x0 d:/s32ds_3_5/s32ds/s32ds/build_tools/gcc_v10.2/gcc-10.2-arm32-eabi/bin/../lib/gcc/arm-none-eabi/10.2.0/thumb/v7e-m/nofp/crtbegin.o

.ARM.extab
 *(.ARM.extab* .gnu.linkonce.armextab.*)

.ARM            0x00001908        0x8
                0x00001908                __exidx_start = .
 *(.ARM.exidx*)
 .ARM.exidx     0x00001908        0x8 d:/s32ds_3_5/s32ds/s32ds/build_tools/gcc_v10.2/gcc-10.2-arm32-eabi/bin/../lib/gcc/arm-none-eabi/10.2.0/../../../../arm-none-eabi/lib/thumb/v7e-m/nofp/crt0.o
                                 0x10 (size before relaxing)
 .ARM.exidx     0x00001910        0x0 d:/s32ds_3_5/s32ds/s32ds/build_tools/gcc_v10.2/gcc-10.2-arm32-eabi/bin/../lib/gcc/arm-none-eabi/10.2.0/thumb/v7e-m/nofp\libgcc.a(_udivmoddi4.o)
                                  0x8 (size before relaxing)
                0x00001910                __exidx_end = .

.rel.dyn        0x00001910        0x0
 .rel.iplt      0x00001910        0x0 d:/s32ds_3_5/s32ds/s32ds/build_tools/gcc_v10.2/gcc-10.2-arm32-eabi/bin/../lib/gcc/arm-none-eabi/10.2.0/thumb/v7e-m/nofp/crtbegin.o

.ctors          0x00001910        0x0
                0x00001910                __CTOR_LIST__ = .
 *crtbegin.o(.ctors)
 *crtbegin?.o(.ctors)
 *(EXCLUDE_FILE(*crtend.o *crtend?.o) .ctors)
 *(SORT_BY_NAME(.ctors.*))
 *(.ctors)
                0x00001910                __CTOR_END__ = .

.dtors          0x00001910        0x0
                0x00001910                __DTOR_LIST__ = .
 *crtbegin.o(.dtors)
 *crtbegin?.o(.dtors)
 *(EXCLUDE_FILE(*crtend.o *crtend?.o) .dtors)
 *(SORT_BY_NAME(.dtors.*))
 *(.dtors)
                0x00001910                __DTOR_END__ = .

.preinit_array  0x00001910        0x0
                0x00001910                PROVIDE (__preinit_array_start = .)
 *(.preinit_array*)
                0x00001910                PROVIDE (__preinit_array_end = .)

.init_array     0x00001910        0x8
                0x00001910                PROVIDE (__init_array_start = .)
 *(SORT_BY_NAME(.init_array.*))
 .init_array.00000
                0x00001910        0x4 d:/s32ds_3_5/s32ds/s32ds/build_tools/gcc_v10.2/gcc-10.2-arm32-eabi/bin/../lib/gcc/arm-none-eabi/10.2.0/../../../../arm-none-eabi/lib/thumb/v7e-m/nofp\libc.a(lib_a-__call_atexit.o)
 *(.init_array*)
 .init_array    0x00001914        0x4 d:/s32ds_3_5/s32ds/s32ds/build_tools/gcc_v10.2/gcc-10.2-arm32-eabi/bin/../lib/gcc/arm-none-eabi/10.2.0/thumb/v7e-m/nofp/crtbegin.o
                0x00001918                PROVIDE (__init_array_end = .)

.fini_array     0x00001918        0x4
                0x00001918                PROVIDE (__fini_array_start = .)
 *(SORT_BY_NAME(.fini_array.*))
 *(.fini_array*)
 .fini_array    0x00001918        0x4 d:/s32ds_3_5/s32ds/s32ds/build_tools/gcc_v10.2/gcc-10.2-arm32-eabi/bin/../lib/gcc/arm-none-eabi/10.2.0/thumb/v7e-m/nofp/crtbegin.o
                0x0000191c                PROVIDE (__fini_array_end = .)
                0x0000191c                __etext = .
                0x0000191c                __DATA_ROM = .

.interrupts_ram
                0x1fff8000      0x400
                0x1fff8000                . = ALIGN (0x4)
                0x1fff8000                __VECTOR_RAM__ = .
                0x1fff8000                __RAM_START = .
                0x1fff8000                __interrupts_ram_start__ = .
 *(.m_interrupts_ram)
                0x1fff8400                . = (. + M_VECTOR_RAM_SIZE)
 *fill*         0x1fff8000      0x400 
                0x1fff8400                . = ALIGN (0x4)
                0x1fff8400                __interrupts_ram_end__ = .
                0x1fff8000                __VECTOR_RAM = DEFINED (__flash_vector_table__)?ORIGIN (m_interrupts):__VECTOR_RAM__
                0x00000400                __RAM_VECTOR_TABLE_SIZE = DEFINED (__flash_vector_table__)?0x0:(__interrupts_ram_end__ - __interrupts_ram_start__)

.data           0x1fff8400      0x420 load address 0x0000191c
                0x1fff8400                . = ALIGN (0x4)
                0x1fff8400                __DATA_RAM = .
                0x1fff8400                __data_start__ = .
 *(.data)
 *(.data*)
 .data.g_overflow_queue
                0x1fff8400        0x1 ./src/queue/src/queue.o
                0x1fff8400                g_overflow_queue
 *fill*         0x1fff8401        0x7 
 .data.impure_data
                0x1fff8408      0x418 d:/s32ds_3_5/s32ds/s32ds/build_tools/gcc_v10.2/gcc-10.2-arm32-eabi/bin/../lib/gcc/arm-none-eabi/10.2.0/../../../../arm-none-eabi/lib/thumb/v7e-m/nofp\libc.a(lib_a-impure.o)
 *(.jcr*)
                0x1fff8820                . = ALIGN (0x4)
                0x1fff8820                __data_end__ = .
                0x00001d3c                __DATA_END = (__DATA_ROM + (__data_end__ - __data_start__))
                0x00001d3c                __CODE_ROM = __DATA_END

.tm_clone_table
                0x1fff8820        0x0 load address 0x00001d3c
 .tm_clone_table
                0x1fff8820        0x0 d:/s32ds_3_5/s32ds/s32ds/build_tools/gcc_v10.2/gcc-10.2-arm32-eabi/bin/../lib/gcc/arm-none-eabi/10.2.0/thumb/v7e-m/nofp/crtbegin.o
 .tm_clone_table
                0x1fff8820        0x0 d:/s32ds_3_5/s32ds/s32ds/build_tools/gcc_v10.2/gcc-10.2-arm32-eabi/bin/../lib/gcc/arm-none-eabi/10.2.0/thumb/v7e-m/nofp/crtend.o

.igot.plt       0x1fff8820        0x0 load address 0x00001d3c
 .igot.plt      0x1fff8820        0x0 d:/s32ds_3_5/s32ds/s32ds/build_tools/gcc_v10.2/gcc-10.2-arm32-eabi/bin/../lib/gcc/arm-none-eabi/10.2.0/thumb/v7e-m/nofp/crtbegin.o

.code           0x1fff8820        0x0 load address 0x00001d3c
                0x1fff8820                . = ALIGN (0x4)
                0x1fff8820                __CODE_RAM = .
                0x1fff8820                __code_start__ = .
                0x1fff8820                __code_ram_start__ = .
 *(.code_ram)
                0x1fff8820                . = ALIGN (0x4)
                0x1fff8820                __code_end__ = .
                0x1fff8820                __code_ram_end__ = .
                0x00001d3c                __CODE_END = (__CODE_ROM + (__code_end__ - __code_start__))
                0x00001d3c                __CUSTOM_ROM = __CODE_END

.customSectionBlock
                0x20000000        0x0 load address 0x00001d3c
                0x20000000                __customSection_start__ = .
 *(.customSection)
                0x20000000                __customSection_end__ = .
                0x00001d3c                __CUSTOM_END = (__CUSTOM_ROM + (__customSection_end__ - __customSection_start__))

.bss            0x20000000      0x438
                0x20000000                . = ALIGN (0x4)
                0x20000000                __BSS_START = .
                0x20000000                __bss_start__ = .
 *(.bss)
 .bss           0x20000000       0x1c d:/s32ds_3_5/s32ds/s32ds/build_tools/gcc_v10.2/gcc-10.2-arm32-eabi/bin/../lib/gcc/arm-none-eabi/10.2.0/thumb/v7e-m/nofp/crtbegin.o
 *(.bss*)
 .bss.line_counter.0
                0x2000001c        0x4 ./src/app/src/main.o
 .bss.g_temp    0x20000020        0x1 ./src/lpuart1/src/lpuart1.o
                0x20000020                g_temp
 *fill*         0x20000021        0x3 
 .bss.g_callback_func
                0x20000024        0x4 ./src/lpuart1/src/lpuart1.o
                0x20000024                g_callback_func
 .bss.cout_line.2
                0x20000028        0x2 ./src/parse_srec/src/parse-srec.o
 .bss.srec_type_before.1
                0x2000002a        0x1 ./src/parse_srec/src/parse-srec.o
 *fill*         0x2000002b        0x1 
 .bss.count_line_s5_s6.0
                0x2000002c        0x2 ./src/parse_srec/src/parse-srec.o
 *fill*         0x2000002e        0x2 
 .bss.queue     0x20000030      0x400 ./src/queue/src/queue.o
                0x20000030                queue
 .bss.index_queue
                0x20000430        0x2 ./src/queue/src/queue.o
                0x20000430                index_queue
 .bss.index_element
                0x20000432        0x2 ./src/queue/src/queue.o
                0x20000432                index_element
 .bss.getting_index_queue
                0x20000434        0x2 ./src/queue/src/queue.o
                0x20000434                getting_index_queue
 .bss.numbersof_avai_queue
                0x20000436        0x1 ./src/queue/src/queue.o
                0x20000436                numbersof_avai_queue
 *(COMMON)
                0x20000438                . = ALIGN (0x4)
 *fill*         0x20000437        0x1 
                0x20000438                __bss_end__ = .
                0x20000438                __BSS_END = .

.heap           0x20000438      0x400
                0x20000438                . = ALIGN (0x8)
                0x20000438                __end__ = .
                0x20000438                __heap_start__ = .
                [!provide]                PROVIDE (end = .)
                [!provide]                PROVIDE (_end = .)
                [!provide]                PROVIDE (__end = .)
                0x20000438                __HeapBase = .
                0x20000838                . = (. + HEAP_SIZE)
 *fill*         0x20000438      0x400 
                0x20000838                __HeapLimit = .
                0x20000838                __heap_limit = .
                0x20000838                __heap_end__ = .
                0x20007000                __StackTop = (ORIGIN (m_data_2) + LENGTH (m_data_2))
                0x20006c00                __StackLimit = (__StackTop - STACK_SIZE)
                0x20007000                PROVIDE (__stack = __StackTop)
                0x20007000                __RAM_END = __StackTop

.stack          0x20006c00      0x400
                0x20006c00                . = ALIGN (0x8)
                0x20006c00                __stack_start__ = .
                0x20007000                . = (. + STACK_SIZE)
 *fill*         0x20006c00      0x400 
                0x20007000                __stack_end__ = .
                0x20000000                __START_BSS = __BSS_START
                0x20000438                __END_BSS = __BSS_END
                0x20007000                __SP_INIT = __StackTop

.ARM.attributes
                0x00000000       0x2a
 *(.ARM.attributes)
 .ARM.attributes
                0x00000000       0x1e d:/s32ds_3_5/s32ds/s32ds/build_tools/gcc_v10.2/gcc-10.2-arm32-eabi/bin/../lib/gcc/arm-none-eabi/10.2.0/thumb/v7e-m/nofp/crti.o
 .ARM.attributes
                0x0000001e       0x2e d:/s32ds_3_5/s32ds/s32ds/build_tools/gcc_v10.2/gcc-10.2-arm32-eabi/bin/../lib/gcc/arm-none-eabi/10.2.0/thumb/v7e-m/nofp/crtbegin.o
 .ARM.attributes
                0x0000004c       0x1c d:/s32ds_3_5/s32ds/s32ds/build_tools/gcc_v10.2/gcc-10.2-arm32-eabi/bin/../lib/gcc/arm-none-eabi/10.2.0/../../../../arm-none-eabi/lib/thumb/v7e-m/nofp/crt0.o
 .ARM.attributes
                0x00000068       0x2e ./Project_Settings/Startup_Code/startup.o
 .ARM.attributes
                0x00000096       0x1b ./Project_Settings/Startup_Code/startup_S32K144.o
 .ARM.attributes
                0x000000b1       0x2e ./Project_Settings/Startup_Code/system_S32K144.o
 .ARM.attributes
                0x000000df       0x2e ./src/app/src/main.o
 .ARM.attributes
                0x0000010d       0x2e ./src/lpuart1/src/lpuart1.o
 .ARM.attributes
                0x0000013b       0x2e ./src/parse_srec/src/parse-srec.o
 .ARM.attributes
                0x00000169       0x2e ./src/queue/src/queue.o
 .ARM.attributes
                0x00000197       0x1e d:/s32ds_3_5/s32ds/s32ds/build_tools/gcc_v10.2/gcc-10.2-arm32-eabi/bin/../lib/gcc/arm-none-eabi/10.2.0/thumb/v7e-m/nofp\libgcc.a(_aeabi_uldivmod.o)
 .ARM.attributes
                0x000001b5       0x2e d:/s32ds_3_5/s32ds/s32ds/build_tools/gcc_v10.2/gcc-10.2-arm32-eabi/bin/../lib/gcc/arm-none-eabi/10.2.0/thumb/v7e-m/nofp\libgcc.a(_udivmoddi4.o)
 .ARM.attributes
                0x000001e3       0x1e d:/s32ds_3_5/s32ds/s32ds/build_tools/gcc_v10.2/gcc-10.2-arm32-eabi/bin/../lib/gcc/arm-none-eabi/10.2.0/thumb/v7e-m/nofp\libgcc.a(_dvmd_tls.o)
 .ARM.attributes
                0x00000201       0x2e d:/s32ds_3_5/s32ds/s32ds/build_tools/gcc_v10.2/gcc-10.2-arm32-eabi/bin/../lib/gcc/arm-none-eabi/10.2.0/../../../../arm-none-eabi/lib/thumb/v7e-m/nofp\libc.a(lib_a-exit.o)
 .ARM.attributes
                0x0000022f       0x2e d:/s32ds_3_5/s32ds/s32ds/build_tools/gcc_v10.2/gcc-10.2-arm32-eabi/bin/../lib/gcc/arm-none-eabi/10.2.0/../../../../arm-none-eabi/lib/thumb/v7e-m/nofp\libc.a(lib_a-impure.o)
 .ARM.attributes
                0x0000025d       0x2e d:/s32ds_3_5/s32ds/s32ds/build_tools/gcc_v10.2/gcc-10.2-arm32-eabi/bin/../lib/gcc/arm-none-eabi/10.2.0/../../../../arm-none-eabi/lib/thumb/v7e-m/nofp\libc.a(lib_a-init.o)
 .ARM.attributes
                0x0000028b       0x2e d:/s32ds_3_5/s32ds/s32ds/build_tools/gcc_v10.2/gcc-10.2-arm32-eabi/bin/../lib/gcc/arm-none-eabi/10.2.0/../../../../arm-none-eabi/lib/thumb/v7e-m/nofp\libc.a(lib_a-memset.o)
 .ARM.attributes
                0x000002b9       0x2e d:/s32ds_3_5/s32ds/s32ds/build_tools/gcc_v10.2/gcc-10.2-arm32-eabi/bin/../lib/gcc/arm-none-eabi/10.2.0/../../../../arm-none-eabi/lib/thumb/v7e-m/nofp\libc.a(lib_a-__call_atexit.o)
 .ARM.attributes
                0x000002e7       0x2e d:/s32ds_3_5/s32ds/s32ds/build_tools/gcc_v10.2/gcc-10.2-arm32-eabi/bin/../lib/gcc/arm-none-eabi/10.2.0/../../../../arm-none-eabi/lib/thumb/v7e-m/nofp\libc.a(lib_a-fini.o)
 .ARM.attributes
                0x00000315       0x2e d:/s32ds_3_5/s32ds/s32ds/build_tools/gcc_v10.2/gcc-10.2-arm32-eabi/bin/../lib/gcc/arm-none-eabi/10.2.0/../../../../arm-none-eabi/lib/thumb/v7e-m/nofp\libc.a(lib_a-atexit.o)
 .ARM.attributes
                0x00000343       0x2e d:/s32ds_3_5/s32ds/s32ds/build_tools/gcc_v10.2/gcc-10.2-arm32-eabi/bin/../lib/gcc/arm-none-eabi/10.2.0/../../../../arm-none-eabi/lib/thumb/v7e-m/nofp\libc.a(lib_a-__atexit.o)
 .ARM.attributes
                0x00000371       0x2e d:/s32ds_3_5/s32ds/s32ds/build_tools/gcc_v10.2/gcc-10.2-arm32-eabi/bin/../lib/gcc/arm-none-eabi/10.2.0/../../../../arm-none-eabi/lib/thumb/v7e-m/nofp\libnosys.a(_exit.o)
 .ARM.attributes
                0x0000039f       0x2e d:/s32ds_3_5/s32ds/s32ds/build_tools/gcc_v10.2/gcc-10.2-arm32-eabi/bin/../lib/gcc/arm-none-eabi/10.2.0/thumb/v7e-m/nofp/crtend.o
 .ARM.attributes
                0x000003cd       0x1e d:/s32ds_3_5/s32ds/s32ds/build_tools/gcc_v10.2/gcc-10.2-arm32-eabi/bin/../lib/gcc/arm-none-eabi/10.2.0/thumb/v7e-m/nofp/crtn.o
                0x00000001                ASSERT ((__StackLimit >= __HeapLimit), region m_data_2 overflowed with stack and heap)
OUTPUT(Assignment_UART.elf elf32-littlearm)
LOAD linker stubs

.comment        0x00000000       0x88
 .comment       0x00000000       0x88 d:/s32ds_3_5/s32ds/s32ds/build_tools/gcc_v10.2/gcc-10.2-arm32-eabi/bin/../lib/gcc/arm-none-eabi/10.2.0/thumb/v7e-m/nofp/crtbegin.o
                                 0x89 (size before relaxing)
 .comment       0x00000088       0x89 ./Project_Settings/Startup_Code/startup.o
 .comment       0x00000088       0x89 ./Project_Settings/Startup_Code/system_S32K144.o
 .comment       0x00000088       0x89 ./src/app/src/main.o
 .comment       0x00000088       0x89 ./src/lpuart1/src/lpuart1.o
 .comment       0x00000088       0x89 ./src/parse_srec/src/parse-srec.o
 .comment       0x00000088       0x89 ./src/queue/src/queue.o
 .comment       0x00000088       0x89 d:/s32ds_3_5/s32ds/s32ds/build_tools/gcc_v10.2/gcc-10.2-arm32-eabi/bin/../lib/gcc/arm-none-eabi/10.2.0/../../../../arm-none-eabi/lib/thumb/v7e-m/nofp\libc.a(lib_a-exit.o)
 .comment       0x00000088       0x89 d:/s32ds_3_5/s32ds/s32ds/build_tools/gcc_v10.2/gcc-10.2-arm32-eabi/bin/../lib/gcc/arm-none-eabi/10.2.0/../../../../arm-none-eabi/lib/thumb/v7e-m/nofp\libc.a(lib_a-impure.o)
 .comment       0x00000088       0x89 d:/s32ds_3_5/s32ds/s32ds/build_tools/gcc_v10.2/gcc-10.2-arm32-eabi/bin/../lib/gcc/arm-none-eabi/10.2.0/../../../../arm-none-eabi/lib/thumb/v7e-m/nofp\libc.a(lib_a-init.o)
 .comment       0x00000088       0x89 d:/s32ds_3_5/s32ds/s32ds/build_tools/gcc_v10.2/gcc-10.2-arm32-eabi/bin/../lib/gcc/arm-none-eabi/10.2.0/../../../../arm-none-eabi/lib/thumb/v7e-m/nofp\libc.a(lib_a-memset.o)
 .comment       0x00000088       0x89 d:/s32ds_3_5/s32ds/s32ds/build_tools/gcc_v10.2/gcc-10.2-arm32-eabi/bin/../lib/gcc/arm-none-eabi/10.2.0/../../../../arm-none-eabi/lib/thumb/v7e-m/nofp\libc.a(lib_a-__call_atexit.o)
 .comment       0x00000088       0x89 d:/s32ds_3_5/s32ds/s32ds/build_tools/gcc_v10.2/gcc-10.2-arm32-eabi/bin/../lib/gcc/arm-none-eabi/10.2.0/../../../../arm-none-eabi/lib/thumb/v7e-m/nofp\libc.a(lib_a-fini.o)
 .comment       0x00000088       0x89 d:/s32ds_3_5/s32ds/s32ds/build_tools/gcc_v10.2/gcc-10.2-arm32-eabi/bin/../lib/gcc/arm-none-eabi/10.2.0/../../../../arm-none-eabi/lib/thumb/v7e-m/nofp\libc.a(lib_a-atexit.o)
 .comment       0x00000088       0x89 d:/s32ds_3_5/s32ds/s32ds/build_tools/gcc_v10.2/gcc-10.2-arm32-eabi/bin/../lib/gcc/arm-none-eabi/10.2.0/../../../../arm-none-eabi/lib/thumb/v7e-m/nofp\libc.a(lib_a-__atexit.o)
 .comment       0x00000088       0x89 d:/s32ds_3_5/s32ds/s32ds/build_tools/gcc_v10.2/gcc-10.2-arm32-eabi/bin/../lib/gcc/arm-none-eabi/10.2.0/../../../../arm-none-eabi/lib/thumb/v7e-m/nofp\libnosys.a(_exit.o)
 .comment       0x00000088       0x89 d:/s32ds_3_5/s32ds/s32ds/build_tools/gcc_v10.2/gcc-10.2-arm32-eabi/bin/../lib/gcc/arm-none-eabi/10.2.0/thumb/v7e-m/nofp/crtend.o

.debug_line     0x00000000     0x27e7
 .debug_line    0x00000000       0x93 d:/s32ds_3_5/s32ds/s32ds/build_tools/gcc_v10.2/gcc-10.2-arm32-eabi/bin/../lib/gcc/arm-none-eabi/10.2.0/../../../../arm-none-eabi/lib/thumb/v7e-m/nofp/crt0.o
 .debug_line    0x00000093      0x399 ./Project_Settings/Startup_Code/startup.o
 .debug_line    0x0000042c       0x91 ./Project_Settings/Startup_Code/startup_S32K144.o
 .debug_line    0x000004bd      0x3ce ./Project_Settings/Startup_Code/system_S32K144.o
 .debug_line    0x0000088b      0x5c5 ./src/app/src/main.o
 .debug_line    0x00000e50      0x66a ./src/lpuart1/src/lpuart1.o
 .debug_line    0x000014ba      0x775 ./src/parse_srec/src/parse-srec.o
 .debug_line    0x00001c2f      0x54c ./src/queue/src/queue.o
 .debug_line    0x0000217b       0x68 d:/s32ds_3_5/s32ds/s32ds/build_tools/gcc_v10.2/gcc-10.2-arm32-eabi/bin/../lib/gcc/arm-none-eabi/10.2.0/thumb/v7e-m/nofp\libgcc.a(_aeabi_uldivmod.o)
 .debug_line    0x000021e3      0x59c d:/s32ds_3_5/s32ds/s32ds/build_tools/gcc_v10.2/gcc-10.2-arm32-eabi/bin/../lib/gcc/arm-none-eabi/10.2.0/thumb/v7e-m/nofp\libgcc.a(_udivmoddi4.o)
 .debug_line    0x0000277f       0x68 d:/s32ds_3_5/s32ds/s32ds/build_tools/gcc_v10.2/gcc-10.2-arm32-eabi/bin/../lib/gcc/arm-none-eabi/10.2.0/thumb/v7e-m/nofp\libgcc.a(_dvmd_tls.o)

.debug_info     0x00000000     0x2523
 .debug_info    0x00000000       0x26 d:/s32ds_3_5/s32ds/s32ds/build_tools/gcc_v10.2/gcc-10.2-arm32-eabi/bin/../lib/gcc/arm-none-eabi/10.2.0/../../../../arm-none-eabi/lib/thumb/v7e-m/nofp/crt0.o
 .debug_info    0x00000026      0x443 ./Project_Settings/Startup_Code/startup.o
 .debug_info    0x00000469       0x26 ./Project_Settings/Startup_Code/startup_S32K144.o
 .debug_info    0x0000048f      0x567 ./Project_Settings/Startup_Code/system_S32K144.o
 .debug_info    0x000009f6      0x277 ./src/app/src/main.o
 .debug_info    0x00000c6d      0xb72 ./src/lpuart1/src/lpuart1.o
 .debug_info    0x000017df      0x51b ./src/parse_srec/src/parse-srec.o
 .debug_info    0x00001cfa      0x2bc ./src/queue/src/queue.o
 .debug_info    0x00001fb6       0x26 d:/s32ds_3_5/s32ds/s32ds/build_tools/gcc_v10.2/gcc-10.2-arm32-eabi/bin/../lib/gcc/arm-none-eabi/10.2.0/thumb/v7e-m/nofp\libgcc.a(_aeabi_uldivmod.o)
 .debug_info    0x00001fdc      0x521 d:/s32ds_3_5/s32ds/s32ds/build_tools/gcc_v10.2/gcc-10.2-arm32-eabi/bin/../lib/gcc/arm-none-eabi/10.2.0/thumb/v7e-m/nofp\libgcc.a(_udivmoddi4.o)
 .debug_info    0x000024fd       0x26 d:/s32ds_3_5/s32ds/s32ds/build_tools/gcc_v10.2/gcc-10.2-arm32-eabi/bin/../lib/gcc/arm-none-eabi/10.2.0/thumb/v7e-m/nofp\libgcc.a(_dvmd_tls.o)

.debug_abbrev   0x00000000      0x96c
 .debug_abbrev  0x00000000       0x14 d:/s32ds_3_5/s32ds/s32ds/build_tools/gcc_v10.2/gcc-10.2-arm32-eabi/bin/../lib/gcc/arm-none-eabi/10.2.0/../../../../arm-none-eabi/lib/thumb/v7e-m/nofp/crt0.o
 .debug_abbrev  0x00000014      0x11c ./Project_Settings/Startup_Code/startup.o
 .debug_abbrev  0x00000130       0x14 ./Project_Settings/Startup_Code/startup_S32K144.o
 .debug_abbrev  0x00000144      0x13f ./Project_Settings/Startup_Code/system_S32K144.o
 .debug_abbrev  0x00000283       0xd6 ./src/app/src/main.o
 .debug_abbrev  0x00000359      0x20a ./src/lpuart1/src/lpuart1.o
 .debug_abbrev  0x00000563      0x17f ./src/parse_srec/src/parse-srec.o
 .debug_abbrev  0x000006e2      0x140 ./src/queue/src/queue.o
 .debug_abbrev  0x00000822       0x14 d:/s32ds_3_5/s32ds/s32ds/build_tools/gcc_v10.2/gcc-10.2-arm32-eabi/bin/../lib/gcc/arm-none-eabi/10.2.0/thumb/v7e-m/nofp\libgcc.a(_aeabi_uldivmod.o)
 .debug_abbrev  0x00000836      0x122 d:/s32ds_3_5/s32ds/s32ds/build_tools/gcc_v10.2/gcc-10.2-arm32-eabi/bin/../lib/gcc/arm-none-eabi/10.2.0/thumb/v7e-m/nofp\libgcc.a(_udivmoddi4.o)
 .debug_abbrev  0x00000958       0x14 d:/s32ds_3_5/s32ds/s32ds/build_tools/gcc_v10.2/gcc-10.2-arm32-eabi/bin/../lib/gcc/arm-none-eabi/10.2.0/thumb/v7e-m/nofp\libgcc.a(_dvmd_tls.o)

.debug_str      0x00000000    0x66845
 .debug_str     0x00000000       0xb9 d:/s32ds_3_5/s32ds/s32ds/build_tools/gcc_v10.2/gcc-10.2-arm32-eabi/bin/../lib/gcc/arm-none-eabi/10.2.0/../../../../arm-none-eabi/lib/thumb/v7e-m/nofp/crt0.o
 .debug_str     0x000000b9    0x61a82 ./Project_Settings/Startup_Code/startup.o
                              0x61c17 (size before relaxing)
 .debug_str     0x00061b3b       0x33 ./Project_Settings/Startup_Code/startup_S32K144.o
                                 0x89 (size before relaxing)
 .debug_str     0x00061b6e      0x1f3 ./Project_Settings/Startup_Code/system_S32K144.o
                              0x61a88 (size before relaxing)
 .debug_str     0x00061d61     0x3e2e ./src/app/src/main.o
                              0x5a6d7 (size before relaxing)
 .debug_str     0x00065b8f      0x7fb ./src/lpuart1/src/lpuart1.o
                              0x5ac21 (size before relaxing)
 .debug_str     0x0006638a      0x174 ./src/parse_srec/src/parse-srec.o
                               0x7b54 (size before relaxing)
 .debug_str     0x000664fe       0xce ./src/queue/src/queue.o
                              0x5a45c (size before relaxing)
 .debug_str     0x000665cc       0x93 d:/s32ds_3_5/s32ds/s32ds/build_tools/gcc_v10.2/gcc-10.2-arm32-eabi/bin/../lib/gcc/arm-none-eabi/10.2.0/thumb/v7e-m/nofp\libgcc.a(_aeabi_uldivmod.o)
                                 0x9f (size before relaxing)
 .debug_str     0x0006665f      0x1ae d:/s32ds_3_5/s32ds/s32ds/build_tools/gcc_v10.2/gcc-10.2-arm32-eabi/bin/../lib/gcc/arm-none-eabi/10.2.0/thumb/v7e-m/nofp\libgcc.a(_udivmoddi4.o)
                                0x2bd (size before relaxing)
 .debug_str     0x0006680d       0x38 d:/s32ds_3_5/s32ds/s32ds/build_tools/gcc_v10.2/gcc-10.2-arm32-eabi/bin/../lib/gcc/arm-none-eabi/10.2.0/thumb/v7e-m/nofp\libgcc.a(_dvmd_tls.o)
                                 0xa3 (size before relaxing)

.debug_aranges  0x00000000      0x198
 .debug_aranges
                0x00000000       0x20 ./Project_Settings/Startup_Code/startup.o
 .debug_aranges
                0x00000020       0x20 ./Project_Settings/Startup_Code/startup_S32K144.o
 .debug_aranges
                0x00000040       0x30 ./Project_Settings/Startup_Code/system_S32K144.o
 .debug_aranges
                0x00000070       0x28 ./src/app/src/main.o
 .debug_aranges
                0x00000098       0x60 ./src/lpuart1/src/lpuart1.o
 .debug_aranges
                0x000000f8       0x58 ./src/parse_srec/src/parse-srec.o
 .debug_aranges
                0x00000150       0x48 ./src/queue/src/queue.o

.debug_ranges   0x00000000      0x208
 .debug_ranges  0x00000000       0x10 ./Project_Settings/Startup_Code/startup.o
 .debug_ranges  0x00000010       0x20 ./Project_Settings/Startup_Code/system_S32K144.o
 .debug_ranges  0x00000030       0x18 ./src/app/src/main.o
 .debug_ranges  0x00000048       0x50 ./src/lpuart1/src/lpuart1.o
 .debug_ranges  0x00000098       0x48 ./src/parse_srec/src/parse-srec.o
 .debug_ranges  0x000000e0       0x38 ./src/queue/src/queue.o
 .debug_ranges  0x00000118       0xf0 d:/s32ds_3_5/s32ds/s32ds/build_tools/gcc_v10.2/gcc-10.2-arm32-eabi/bin/../lib/gcc/arm-none-eabi/10.2.0/thumb/v7e-m/nofp\libgcc.a(_udivmoddi4.o)

.debug_macro    0x00000000    0x1c546
 .debug_macro   0x00000000       0xb5 ./Project_Settings/Startup_Code/startup.o
 .debug_macro   0x000000b5      0xa60 ./Project_Settings/Startup_Code/startup.o
 .debug_macro   0x00000b15       0x22 ./Project_Settings/Startup_Code/startup.o
 .debug_macro   0x00000b37       0x8e ./Project_Settings/Startup_Code/startup.o
 .debug_macro   0x00000bc5       0x51 ./Project_Settings/Startup_Code/startup.o
 .debug_macro   0x00000c16      0x103 ./Project_Settings/Startup_Code/startup.o
 .debug_macro   0x00000d19       0x6a ./Project_Settings/Startup_Code/startup.o
 .debug_macro   0x00000d83      0x1df ./Project_Settings/Startup_Code/startup.o
 .debug_macro   0x00000f62       0x10 ./Project_Settings/Startup_Code/startup.o
 .debug_macro   0x00000f72       0x7a ./Project_Settings/Startup_Code/startup.o
 .debug_macro   0x00000fec     0xc365 ./Project_Settings/Startup_Code/startup.o
 .debug_macro   0x0000d351     0x1707 ./Project_Settings/Startup_Code/startup.o
 .debug_macro   0x0000ea58       0x22 ./Project_Settings/Startup_Code/startup.o
 .debug_macro   0x0000ea7a       0x40 ./Project_Settings/Startup_Code/startup.o
 .debug_macro   0x0000eaba       0xb4 ./Project_Settings/Startup_Code/system_S32K144.o
 .debug_macro   0x0000eb6e       0x16 ./Project_Settings/Startup_Code/system_S32K144.o
 .debug_macro   0x0000eb84     0xc353 ./Project_Settings/Startup_Code/system_S32K144.o
 .debug_macro   0x0001aed7       0x28 ./Project_Settings/Startup_Code/system_S32K144.o
 .debug_macro   0x0001aeff      0x22a ./src/app/src/main.o
 .debug_macro   0x0001b129       0x52 ./src/app/src/main.o
 .debug_macro   0x0001b17b       0x18 ./src/app/src/main.o
 .debug_macro   0x0001b193       0x94 ./src/app/src/main.o
 .debug_macro   0x0001b227       0x35 ./src/app/src/main.o
 .debug_macro   0x0001b25c       0x34 ./src/app/src/main.o
 .debug_macro   0x0001b290       0x16 ./src/app/src/main.o
 .debug_macro   0x0001b2a6       0x57 ./src/app/src/main.o
 .debug_macro   0x0001b2fd       0x97 ./src/app/src/main.o
 .debug_macro   0x0001b394      0x333 ./src/app/src/main.o
 .debug_macro   0x0001b6c7       0xfd ./src/app/src/main.o
 .debug_macro   0x0001b7c4       0x10 ./src/app/src/main.o
 .debug_macro   0x0001b7d4       0x16 ./src/app/src/main.o
 .debug_macro   0x0001b7ea       0x43 ./src/app/src/main.o
 .debug_macro   0x0001b82d       0x34 ./src/app/src/main.o
 .debug_macro   0x0001b861       0x10 ./src/app/src/main.o
 .debug_macro   0x0001b871       0x52 ./src/app/src/main.o
 .debug_macro   0x0001b8c3      0x182 ./src/app/src/main.o
 .debug_macro   0x0001ba45       0x10 ./src/app/src/main.o
 .debug_macro   0x0001ba55       0x1c ./src/app/src/main.o
 .debug_macro   0x0001ba71       0x52 ./src/app/src/main.o
 .debug_macro   0x0001bac3       0x22 ./src/app/src/main.o
 .debug_macro   0x0001bae5       0x10 ./src/app/src/main.o
 .debug_macro   0x0001baf5       0x40 ./src/app/src/main.o
 .debug_macro   0x0001bb35       0xd5 ./src/app/src/main.o
 .debug_macro   0x0001bc0a       0x1c ./src/app/src/main.o
 .debug_macro   0x0001bc26       0x3d ./src/app/src/main.o
 .debug_macro   0x0001bc63       0x16 ./src/app/src/main.o
 .debug_macro   0x0001bc79      0x16f ./src/app/src/main.o
 .debug_macro   0x0001bde8       0x16 ./src/app/src/main.o
 .debug_macro   0x0001bdfe       0x35 ./src/app/src/main.o
 .debug_macro   0x0001be33       0x16 ./src/app/src/main.o
 .debug_macro   0x0001be49       0x29 ./src/app/src/main.o
 .debug_macro   0x0001be72       0x28 ./src/app/src/main.o
 .debug_macro   0x0001be9a       0x34 ./src/app/src/main.o
 .debug_macro   0x0001bece      0x20f ./src/lpuart1/src/lpuart1.o
 .debug_macro   0x0001c0dd       0x58 ./src/lpuart1/src/lpuart1.o
 .debug_macro   0x0001c135      0x1fe ./src/parse_srec/src/parse-srec.o
 .debug_macro   0x0001c333      0x213 ./src/queue/src/queue.o

.debug_frame    0x00000000      0x4fc
 .debug_frame   0x00000000       0x38 ./Project_Settings/Startup_Code/startup.o
 .debug_frame   0x00000038       0x80 ./Project_Settings/Startup_Code/system_S32K144.o
 .debug_frame   0x000000b8       0x54 ./src/app/src/main.o
 .debug_frame   0x0000010c      0x164 ./src/lpuart1/src/lpuart1.o
 .debug_frame   0x00000270      0x140 ./src/parse_srec/src/parse-srec.o
 .debug_frame   0x000003b0       0xec ./src/queue/src/queue.o
 .debug_frame   0x0000049c       0x2c d:/s32ds_3_5/s32ds/s32ds/build_tools/gcc_v10.2/gcc-10.2-arm32-eabi/bin/../lib/gcc/arm-none-eabi/10.2.0/thumb/v7e-m/nofp\libgcc.a(_aeabi_uldivmod.o)
 .debug_frame   0x000004c8       0x34 d:/s32ds_3_5/s32ds/s32ds/build_tools/gcc_v10.2/gcc-10.2-arm32-eabi/bin/../lib/gcc/arm-none-eabi/10.2.0/thumb/v7e-m/nofp\libgcc.a(_udivmoddi4.o)

.debug_loc      0x00000000     0x1073
 .debug_loc     0x00000000     0x1073 d:/s32ds_3_5/s32ds/s32ds/build_tools/gcc_v10.2/gcc-10.2-arm32-eabi/bin/../lib/gcc/arm-none-eabi/10.2.0/thumb/v7e-m/nofp\libgcc.a(_udivmoddi4.o)
